[0.141s] DEBUG:colcon:Command line arguments: ['/usr/bin/colcon', 'build']
[0.141s] DEBUG:colcon:Parsed command line arguments: Namespace(log_base=None, log_level=None, verb_name='build', build_base='build', install_base='install', merge_install=False, symlink_install=False, test_result_base=None, continue_on_error=False, executor='parallel', parallel_workers=20, event_handlers=None, ignore_user_meta=False, metas=['./colcon.meta'], base_paths=['.'], packages_ignore=None, packages_ignore_regex=None, paths=None, packages_up_to=None, packages_up_to_regex=None, packages_above=None, packages_above_and_dependencies=None, packages_above_depth=None, packages_select_by_dep=None, packages_skip_by_dep=None, packages_skip_up_to=None, packages_select_build_failed=False, packages_skip_build_finished=False, packages_select_test_failures=False, packages_skip_test_passed=False, packages_select=None, packages_skip=None, packages_select_regex=None, packages_skip_regex=None, packages_start=None, packages_end=None, allow_overriding=[], cmake_args=None, cmake_target=None, cmake_target_skip_unavailable=False, cmake_clean_cache=False, cmake_clean_first=False, cmake_force_configure=False, ament_cmake_args=None, catkin_cmake_args=None, catkin_skip_building_tests=False, mixin_files=None, mixin=None, verb_parser=<colcon_mixin.mixin.mixin_argument.MixinArgumentDecorator object at 0x7b59b1a61720>, verb_extension=<colcon_core.verb.build.BuildVerb object at 0x7b59b1a61090>, main=<bound method BuildVerb.main of <colcon_core.verb.build.BuildVerb object at 0x7b59b1a61090>>, mixin_verb=('build',))
[0.334s] Level 1:colcon.colcon_core.package_discovery:discover_packages(colcon_meta) check parameters
[0.334s] Level 1:colcon.colcon_core.package_discovery:discover_packages(recursive) check parameters
[0.335s] Level 1:colcon.colcon_core.package_discovery:discover_packages(ignore) check parameters
[0.335s] Level 1:colcon.colcon_core.package_discovery:discover_packages(path) check parameters
[0.335s] Level 1:colcon.colcon_core.package_discovery:discover_packages(colcon_meta) discover
[0.335s] Level 1:colcon.colcon_core.package_discovery:discover_packages(recursive) discover
[0.335s] INFO:colcon.colcon_core.package_discovery:Crawling recursively for packages in '/home/magne/ros2_ws'
[0.335s] Level 1:colcon.colcon_core.package_identification:_identify(.) by extensions ['ignore', 'ignore_ament_install']
[0.335s] Level 1:colcon.colcon_core.package_identification:_identify(.) by extension 'ignore'
[0.335s] Level 1:colcon.colcon_core.package_identification:_identify(.) by extension 'ignore_ament_install'
[0.335s] Level 1:colcon.colcon_core.package_identification:_identify(.) by extensions ['colcon_pkg']
[0.335s] Level 1:colcon.colcon_core.package_identification:_identify(.) by extension 'colcon_pkg'
[0.335s] Level 1:colcon.colcon_core.package_identification:_identify(.) by extensions ['colcon_meta']
[0.335s] Level 1:colcon.colcon_core.package_identification:_identify(.) by extension 'colcon_meta'
[0.335s] Level 1:colcon.colcon_core.package_identification:_identify(.) by extensions ['ros']
[0.335s] Level 1:colcon.colcon_core.package_identification:_identify(.) by extension 'ros'
[0.347s] Level 1:colcon.colcon_core.package_identification:_identify(.) by extensions ['cmake', 'python']
[0.348s] Level 1:colcon.colcon_core.package_identification:_identify(.) by extension 'cmake'
[0.348s] Level 1:colcon.colcon_core.package_identification:_identify(.) by extension 'python'
[0.348s] Level 1:colcon.colcon_core.package_identification:_identify(.) by extensions ['python_setup_py']
[0.348s] Level 1:colcon.colcon_core.package_identification:_identify(.) by extension 'python_setup_py'
[0.348s] Level 1:colcon.colcon_core.package_identification:_identify(build) by extensions ['ignore', 'ignore_ament_install']
[0.348s] Level 1:colcon.colcon_core.package_identification:_identify(build) by extension 'ignore'
[0.348s] Level 1:colcon.colcon_core.package_identification:_identify(build) ignored
[0.348s] Level 1:colcon.colcon_core.package_identification:_identify(config) by extensions ['ignore', 'ignore_ament_install']
[0.348s] Level 1:colcon.colcon_core.package_identification:_identify(config) by extension 'ignore'
[0.348s] Level 1:colcon.colcon_core.package_identification:_identify(config) by extension 'ignore_ament_install'
[0.348s] Level 1:colcon.colcon_core.package_identification:_identify(config) by extensions ['colcon_pkg']
[0.348s] Level 1:colcon.colcon_core.package_identification:_identify(config) by extension 'colcon_pkg'
[0.348s] Level 1:colcon.colcon_core.package_identification:_identify(config) by extensions ['colcon_meta']
[0.348s] Level 1:colcon.colcon_core.package_identification:_identify(config) by extension 'colcon_meta'
[0.349s] Level 1:colcon.colcon_core.package_identification:_identify(config) by extensions ['ros']
[0.349s] Level 1:colcon.colcon_core.package_identification:_identify(config) by extension 'ros'
[0.349s] Level 1:colcon.colcon_core.package_identification:_identify(config) by extensions ['cmake', 'python']
[0.349s] Level 1:colcon.colcon_core.package_identification:_identify(config) by extension 'cmake'
[0.349s] Level 1:colcon.colcon_core.package_identification:_identify(config) by extension 'python'
[0.349s] Level 1:colcon.colcon_core.package_identification:_identify(config) by extensions ['python_setup_py']
[0.349s] Level 1:colcon.colcon_core.package_identification:_identify(config) by extension 'python_setup_py'
[0.349s] Level 1:colcon.colcon_core.package_identification:_identify(install) by extensions ['ignore', 'ignore_ament_install']
[0.349s] Level 1:colcon.colcon_core.package_identification:_identify(install) by extension 'ignore'
[0.349s] Level 1:colcon.colcon_core.package_identification:_identify(install) ignored
[0.349s] Level 1:colcon.colcon_core.package_identification:_identify(launch) by extensions ['ignore', 'ignore_ament_install']
[0.349s] Level 1:colcon.colcon_core.package_identification:_identify(launch) by extension 'ignore'
[0.349s] Level 1:colcon.colcon_core.package_identification:_identify(launch) by extension 'ignore_ament_install'
[0.349s] Level 1:colcon.colcon_core.package_identification:_identify(launch) by extensions ['colcon_pkg']
[0.349s] Level 1:colcon.colcon_core.package_identification:_identify(launch) by extension 'colcon_pkg'
[0.349s] Level 1:colcon.colcon_core.package_identification:_identify(launch) by extensions ['colcon_meta']
[0.349s] Level 1:colcon.colcon_core.package_identification:_identify(launch) by extension 'colcon_meta'
[0.349s] Level 1:colcon.colcon_core.package_identification:_identify(launch) by extensions ['ros']
[0.349s] Level 1:colcon.colcon_core.package_identification:_identify(launch) by extension 'ros'
[0.349s] Level 1:colcon.colcon_core.package_identification:_identify(launch) by extensions ['cmake', 'python']
[0.349s] Level 1:colcon.colcon_core.package_identification:_identify(launch) by extension 'cmake'
[0.349s] Level 1:colcon.colcon_core.package_identification:_identify(launch) by extension 'python'
[0.349s] Level 1:colcon.colcon_core.package_identification:_identify(launch) by extensions ['python_setup_py']
[0.349s] Level 1:colcon.colcon_core.package_identification:_identify(launch) by extension 'python_setup_py'
[0.349s] Level 1:colcon.colcon_core.package_identification:_identify(log) by extensions ['ignore', 'ignore_ament_install']
[0.350s] Level 1:colcon.colcon_core.package_identification:_identify(log) by extension 'ignore'
[0.350s] Level 1:colcon.colcon_core.package_identification:_identify(log) ignored
[0.350s] Level 1:colcon.colcon_core.package_identification:_identify(src) by extensions ['ignore', 'ignore_ament_install']
[0.350s] Level 1:colcon.colcon_core.package_identification:_identify(src) by extension 'ignore'
[0.350s] Level 1:colcon.colcon_core.package_identification:_identify(src) by extension 'ignore_ament_install'
[0.350s] Level 1:colcon.colcon_core.package_identification:_identify(src) by extensions ['colcon_pkg']
[0.350s] Level 1:colcon.colcon_core.package_identification:_identify(src) by extension 'colcon_pkg'
[0.350s] Level 1:colcon.colcon_core.package_identification:_identify(src) by extensions ['colcon_meta']
[0.350s] Level 1:colcon.colcon_core.package_identification:_identify(src) by extension 'colcon_meta'
[0.350s] Level 1:colcon.colcon_core.package_identification:_identify(src) by extensions ['ros']
[0.350s] Level 1:colcon.colcon_core.package_identification:_identify(src) by extension 'ros'
[0.350s] Level 1:colcon.colcon_core.package_identification:_identify(src) by extensions ['cmake', 'python']
[0.350s] Level 1:colcon.colcon_core.package_identification:_identify(src) by extension 'cmake'
[0.350s] Level 1:colcon.colcon_core.package_identification:_identify(src) by extension 'python'
[0.350s] Level 1:colcon.colcon_core.package_identification:_identify(src) by extensions ['python_setup_py']
[0.350s] Level 1:colcon.colcon_core.package_identification:_identify(src) by extension 'python_setup_py'
[0.350s] Level 1:colcon.colcon_core.package_identification:_identify(src/trac_ik) by extensions ['ignore', 'ignore_ament_install']
[0.350s] Level 1:colcon.colcon_core.package_identification:_identify(src/trac_ik) by extension 'ignore'
[0.350s] Level 1:colcon.colcon_core.package_identification:_identify(src/trac_ik) by extension 'ignore_ament_install'
[0.350s] Level 1:colcon.colcon_core.package_identification:_identify(src/trac_ik) by extensions ['colcon_pkg']
[0.350s] Level 1:colcon.colcon_core.package_identification:_identify(src/trac_ik) by extension 'colcon_pkg'
[0.350s] Level 1:colcon.colcon_core.package_identification:_identify(src/trac_ik) by extensions ['colcon_meta']
[0.350s] Level 1:colcon.colcon_core.package_identification:_identify(src/trac_ik) by extension 'colcon_meta'
[0.350s] Level 1:colcon.colcon_core.package_identification:_identify(src/trac_ik) by extensions ['ros']
[0.350s] Level 1:colcon.colcon_core.package_identification:_identify(src/trac_ik) by extension 'ros'
[0.350s] Level 1:colcon.colcon_core.package_identification:_identify(src/trac_ik) by extensions ['cmake', 'python']
[0.351s] Level 1:colcon.colcon_core.package_identification:_identify(src/trac_ik) by extension 'cmake'
[0.351s] Level 1:colcon.colcon_core.package_identification:_identify(src/trac_ik) by extension 'python'
[0.351s] Level 1:colcon.colcon_core.package_identification:_identify(src/trac_ik) by extensions ['python_setup_py']
[0.351s] Level 1:colcon.colcon_core.package_identification:_identify(src/trac_ik) by extension 'python_setup_py'
[0.351s] Level 1:colcon.colcon_core.package_identification:_identify(src/trac_ik/nlopt) by extensions ['ignore', 'ignore_ament_install']
[0.351s] Level 1:colcon.colcon_core.package_identification:_identify(src/trac_ik/nlopt) by extension 'ignore'
[0.351s] Level 1:colcon.colcon_core.package_identification:_identify(src/trac_ik/nlopt) by extension 'ignore_ament_install'
[0.351s] Level 1:colcon.colcon_core.package_identification:_identify(src/trac_ik/nlopt) by extensions ['colcon_pkg']
[0.351s] Level 1:colcon.colcon_core.package_identification:_identify(src/trac_ik/nlopt) by extension 'colcon_pkg'
[0.351s] Level 1:colcon.colcon_core.package_identification:_identify(src/trac_ik/nlopt) by extensions ['colcon_meta']
[0.351s] Level 1:colcon.colcon_core.package_identification:_identify(src/trac_ik/nlopt) by extension 'colcon_meta'
[0.351s] Level 1:colcon.colcon_core.package_identification:_identify(src/trac_ik/nlopt) by extensions ['ros']
[0.351s] Level 1:colcon.colcon_core.package_identification:_identify(src/trac_ik/nlopt) by extension 'ros'
[0.351s] Level 1:colcon.colcon_core.package_identification:_identify(src/trac_ik/nlopt) by extensions ['cmake', 'python']
[0.351s] Level 1:colcon.colcon_core.package_identification:_identify(src/trac_ik/nlopt) by extension 'cmake'
[0.351s] Level 1:colcon.colcon_core.package_identification:_identify(src/trac_ik/nlopt) by extension 'python'
[0.351s] Level 1:colcon.colcon_core.package_identification:_identify(src/trac_ik/nlopt) by extensions ['python_setup_py']
[0.351s] Level 1:colcon.colcon_core.package_identification:_identify(src/trac_ik/nlopt) by extension 'python_setup_py'
[0.351s] Level 1:colcon.colcon_core.package_identification:_identify(src/trac_ik/trac_ik) by extensions ['ignore', 'ignore_ament_install']
[0.352s] Level 1:colcon.colcon_core.package_identification:_identify(src/trac_ik/trac_ik) by extension 'ignore'
[0.352s] Level 1:colcon.colcon_core.package_identification:_identify(src/trac_ik/trac_ik) by extension 'ignore_ament_install'
[0.352s] Level 1:colcon.colcon_core.package_identification:_identify(src/trac_ik/trac_ik) by extensions ['colcon_pkg']
[0.352s] Level 1:colcon.colcon_core.package_identification:_identify(src/trac_ik/trac_ik) by extension 'colcon_pkg'
[0.352s] Level 1:colcon.colcon_core.package_identification:_identify(src/trac_ik/trac_ik) by extensions ['colcon_meta']
[0.352s] Level 1:colcon.colcon_core.package_identification:_identify(src/trac_ik/trac_ik) by extension 'colcon_meta'
[0.352s] Level 1:colcon.colcon_core.package_identification:_identify(src/trac_ik/trac_ik) by extensions ['ros']
[0.352s] Level 1:colcon.colcon_core.package_identification:_identify(src/trac_ik/trac_ik) by extension 'ros'
[0.355s] DEBUG:colcon.colcon_core.package_identification:Package 'src/trac_ik/trac_ik' with type 'ros.ament_cmake' and name 'trac_ik'
[0.355s] Level 1:colcon.colcon_core.package_identification:_identify(src/trac_ik/trac_ik_examples) by extensions ['ignore', 'ignore_ament_install']
[0.355s] Level 1:colcon.colcon_core.package_identification:_identify(src/trac_ik/trac_ik_examples) by extension 'ignore'
[0.355s] Level 1:colcon.colcon_core.package_identification:_identify(src/trac_ik/trac_ik_examples) by extension 'ignore_ament_install'
[0.355s] Level 1:colcon.colcon_core.package_identification:_identify(src/trac_ik/trac_ik_examples) by extensions ['colcon_pkg']
[0.355s] Level 1:colcon.colcon_core.package_identification:_identify(src/trac_ik/trac_ik_examples) by extension 'colcon_pkg'
[0.355s] Level 1:colcon.colcon_core.package_identification:_identify(src/trac_ik/trac_ik_examples) by extensions ['colcon_meta']
[0.355s] Level 1:colcon.colcon_core.package_identification:_identify(src/trac_ik/trac_ik_examples) by extension 'colcon_meta'
[0.355s] Level 1:colcon.colcon_core.package_identification:_identify(src/trac_ik/trac_ik_examples) by extensions ['ros']
[0.355s] Level 1:colcon.colcon_core.package_identification:_identify(src/trac_ik/trac_ik_examples) by extension 'ros'
[0.356s] DEBUG:colcon.colcon_core.package_identification:Package 'src/trac_ik/trac_ik_examples' with type 'ros.ament_cmake' and name 'trac_ik_examples'
[0.356s] Level 1:colcon.colcon_core.package_identification:_identify(src/trac_ik/trac_ik_kinematics) by extensions ['ignore', 'ignore_ament_install']
[0.356s] Level 1:colcon.colcon_core.package_identification:_identify(src/trac_ik/trac_ik_kinematics) by extension 'ignore'
[0.356s] Level 1:colcon.colcon_core.package_identification:_identify(src/trac_ik/trac_ik_kinematics) by extension 'ignore_ament_install'
[0.356s] Level 1:colcon.colcon_core.package_identification:_identify(src/trac_ik/trac_ik_kinematics) by extensions ['colcon_pkg']
[0.357s] Level 1:colcon.colcon_core.package_identification:_identify(src/trac_ik/trac_ik_kinematics) by extension 'colcon_pkg'
[0.357s] Level 1:colcon.colcon_core.package_identification:_identify(src/trac_ik/trac_ik_kinematics) by extensions ['colcon_meta']
[0.357s] Level 1:colcon.colcon_core.package_identification:_identify(src/trac_ik/trac_ik_kinematics) by extension 'colcon_meta'
[0.357s] Level 1:colcon.colcon_core.package_identification:_identify(src/trac_ik/trac_ik_kinematics) by extensions ['ros']
[0.357s] Level 1:colcon.colcon_core.package_identification:_identify(src/trac_ik/trac_ik_kinematics) by extension 'ros'
[0.358s] DEBUG:colcon.colcon_core.package_identification:Package 'src/trac_ik/trac_ik_kinematics' with type 'ros.ament_cmake' and name 'trac_ik_kinematics'
[0.358s] Level 1:colcon.colcon_core.package_identification:_identify(src/trac_ik/trac_ik_lib) by extensions ['ignore', 'ignore_ament_install']
[0.358s] Level 1:colcon.colcon_core.package_identification:_identify(src/trac_ik/trac_ik_lib) by extension 'ignore'
[0.358s] Level 1:colcon.colcon_core.package_identification:_identify(src/trac_ik/trac_ik_lib) by extension 'ignore_ament_install'
[0.358s] Level 1:colcon.colcon_core.package_identification:_identify(src/trac_ik/trac_ik_lib) by extensions ['colcon_pkg']
[0.358s] Level 1:colcon.colcon_core.package_identification:_identify(src/trac_ik/trac_ik_lib) by extension 'colcon_pkg'
[0.358s] Level 1:colcon.colcon_core.package_identification:_identify(src/trac_ik/trac_ik_lib) by extensions ['colcon_meta']
[0.358s] Level 1:colcon.colcon_core.package_identification:_identify(src/trac_ik/trac_ik_lib) by extension 'colcon_meta'
[0.358s] Level 1:colcon.colcon_core.package_identification:_identify(src/trac_ik/trac_ik_lib) by extensions ['ros']
[0.358s] Level 1:colcon.colcon_core.package_identification:_identify(src/trac_ik/trac_ik_lib) by extension 'ros'
[0.359s] DEBUG:colcon.colcon_core.package_identification:Package 'src/trac_ik/trac_ik_lib' with type 'ros.ament_cmake' and name 'trac_ik_lib'
[0.359s] Level 1:colcon.colcon_core.package_identification:_identify(src/trac_ik/trac_ik_python) by extensions ['ignore', 'ignore_ament_install']
[0.359s] Level 1:colcon.colcon_core.package_identification:_identify(src/trac_ik/trac_ik_python) by extension 'ignore'
[0.359s] Level 1:colcon.colcon_core.package_identification:_identify(src/trac_ik/trac_ik_python) ignored
[0.359s] Level 1:colcon.colcon_core.package_identification:_identify(src/ur5_sem2_scripts) by extensions ['ignore', 'ignore_ament_install']
[0.359s] Level 1:colcon.colcon_core.package_identification:_identify(src/ur5_sem2_scripts) by extension 'ignore'
[0.359s] Level 1:colcon.colcon_core.package_identification:_identify(src/ur5_sem2_scripts) by extension 'ignore_ament_install'
[0.359s] Level 1:colcon.colcon_core.package_identification:_identify(src/ur5_sem2_scripts) by extensions ['colcon_pkg']
[0.359s] Level 1:colcon.colcon_core.package_identification:_identify(src/ur5_sem2_scripts) by extension 'colcon_pkg'
[0.359s] Level 1:colcon.colcon_core.package_identification:_identify(src/ur5_sem2_scripts) by extensions ['colcon_meta']
[0.360s] Level 1:colcon.colcon_core.package_identification:_identify(src/ur5_sem2_scripts) by extension 'colcon_meta'
[0.360s] Level 1:colcon.colcon_core.package_identification:_identify(src/ur5_sem2_scripts) by extensions ['ros']
[0.360s] Level 1:colcon.colcon_core.package_identification:_identify(src/ur5_sem2_scripts) by extension 'ros'
[0.360s] DEBUG:colcon.colcon_core.package_identification:Package 'src/ur5_sem2_scripts' with type 'ros.ament_cmake' and name 'ur5_sem2_scripts'
[0.361s] Level 1:colcon.colcon_core.package_discovery:discover_packages(recursive) using defaults
[0.361s] Level 1:colcon.colcon_core.package_discovery:discover_packages(ignore) discover
[0.361s] Level 1:colcon.colcon_core.package_discovery:discover_packages(ignore) using defaults
[0.361s] Level 1:colcon.colcon_core.package_discovery:discover_packages(path) discover
[0.361s] Level 1:colcon.colcon_core.package_discovery:discover_packages(path) using defaults
[0.416s] Level 1:colcon.colcon_core.package_discovery:discover_packages(prefix_path) check parameters
[0.416s] Level 1:colcon.colcon_core.package_discovery:discover_packages(prefix_path) discover
[0.418s] DEBUG:colcon.colcon_installed_package_information.package_discovery:Found 5 installed packages in /home/magne/ros2_ws/install
[0.420s] DEBUG:colcon.colcon_installed_package_information.package_discovery:Found 365 installed packages in /opt/ros/humble
[0.421s] Level 1:colcon.colcon_core.package_discovery:discover_packages(prefix_path) using defaults
[0.471s] Level 5:colcon.colcon_core.verb:set package 'trac_ik_lib' build argument 'cmake_args' from command line to 'None'
[0.471s] Level 5:colcon.colcon_core.verb:set package 'trac_ik_lib' build argument 'cmake_target' from command line to 'None'
[0.471s] Level 5:colcon.colcon_core.verb:set package 'trac_ik_lib' build argument 'cmake_target_skip_unavailable' from command line to 'False'
[0.471s] Level 5:colcon.colcon_core.verb:set package 'trac_ik_lib' build argument 'cmake_clean_cache' from command line to 'False'
[0.471s] Level 5:colcon.colcon_core.verb:set package 'trac_ik_lib' build argument 'cmake_clean_first' from command line to 'False'
[0.471s] Level 5:colcon.colcon_core.verb:set package 'trac_ik_lib' build argument 'cmake_force_configure' from command line to 'False'
[0.471s] Level 5:colcon.colcon_core.verb:set package 'trac_ik_lib' build argument 'ament_cmake_args' from command line to 'None'
[0.471s] Level 5:colcon.colcon_core.verb:set package 'trac_ik_lib' build argument 'catkin_cmake_args' from command line to 'None'
[0.471s] Level 5:colcon.colcon_core.verb:set package 'trac_ik_lib' build argument 'catkin_skip_building_tests' from command line to 'False'
[0.472s] DEBUG:colcon.colcon_core.verb:Building package 'trac_ik_lib' with the following arguments: {'ament_cmake_args': None, 'build_base': '/home/magne/ros2_ws/build/trac_ik_lib', 'catkin_cmake_args': None, 'catkin_skip_building_tests': False, 'cmake_args': None, 'cmake_clean_cache': False, 'cmake_clean_first': False, 'cmake_force_configure': False, 'cmake_target': None, 'cmake_target_skip_unavailable': False, 'install_base': '/home/magne/ros2_ws/install/trac_ik_lib', 'merge_install': False, 'path': '/home/magne/ros2_ws/src/trac_ik/trac_ik_lib', 'symlink_install': False, 'test_result_base': None}
[0.472s] Level 5:colcon.colcon_core.verb:set package 'ur5_sem2_scripts' build argument 'cmake_args' from command line to 'None'
[0.472s] Level 5:colcon.colcon_core.verb:set package 'ur5_sem2_scripts' build argument 'cmake_target' from command line to 'None'
[0.472s] Level 5:colcon.colcon_core.verb:set package 'ur5_sem2_scripts' build argument 'cmake_target_skip_unavailable' from command line to 'False'
[0.472s] Level 5:colcon.colcon_core.verb:set package 'ur5_sem2_scripts' build argument 'cmake_clean_cache' from command line to 'False'
[0.472s] Level 5:colcon.colcon_core.verb:set package 'ur5_sem2_scripts' build argument 'cmake_clean_first' from command line to 'False'
[0.472s] Level 5:colcon.colcon_core.verb:set package 'ur5_sem2_scripts' build argument 'cmake_force_configure' from command line to 'False'
[0.472s] Level 5:colcon.colcon_core.verb:set package 'ur5_sem2_scripts' build argument 'ament_cmake_args' from command line to 'None'
[0.472s] Level 5:colcon.colcon_core.verb:set package 'ur5_sem2_scripts' build argument 'catkin_cmake_args' from command line to 'None'
[0.472s] Level 5:colcon.colcon_core.verb:set package 'ur5_sem2_scripts' build argument 'catkin_skip_building_tests' from command line to 'False'
[0.472s] DEBUG:colcon.colcon_core.verb:Building package 'ur5_sem2_scripts' with the following arguments: {'ament_cmake_args': None, 'build_base': '/home/magne/ros2_ws/build/ur5_sem2_scripts', 'catkin_cmake_args': None, 'catkin_skip_building_tests': False, 'cmake_args': None, 'cmake_clean_cache': False, 'cmake_clean_first': False, 'cmake_force_configure': False, 'cmake_target': None, 'cmake_target_skip_unavailable': False, 'install_base': '/home/magne/ros2_ws/install/ur5_sem2_scripts', 'merge_install': False, 'path': '/home/magne/ros2_ws/src/ur5_sem2_scripts', 'symlink_install': False, 'test_result_base': None}
[0.473s] Level 5:colcon.colcon_core.verb:set package 'trac_ik_examples' build argument 'cmake_args' from command line to 'None'
[0.473s] Level 5:colcon.colcon_core.verb:set package 'trac_ik_examples' build argument 'cmake_target' from command line to 'None'
[0.473s] Level 5:colcon.colcon_core.verb:set package 'trac_ik_examples' build argument 'cmake_target_skip_unavailable' from command line to 'False'
[0.473s] Level 5:colcon.colcon_core.verb:set package 'trac_ik_examples' build argument 'cmake_clean_cache' from command line to 'False'
[0.473s] Level 5:colcon.colcon_core.verb:set package 'trac_ik_examples' build argument 'cmake_clean_first' from command line to 'False'
[0.473s] Level 5:colcon.colcon_core.verb:set package 'trac_ik_examples' build argument 'cmake_force_configure' from command line to 'False'
[0.473s] Level 5:colcon.colcon_core.verb:set package 'trac_ik_examples' build argument 'ament_cmake_args' from command line to 'None'
[0.473s] Level 5:colcon.colcon_core.verb:set package 'trac_ik_examples' build argument 'catkin_cmake_args' from command line to 'None'
[0.473s] Level 5:colcon.colcon_core.verb:set package 'trac_ik_examples' build argument 'catkin_skip_building_tests' from command line to 'False'
[0.473s] DEBUG:colcon.colcon_core.verb:Building package 'trac_ik_examples' with the following arguments: {'ament_cmake_args': None, 'build_base': '/home/magne/ros2_ws/build/trac_ik_examples', 'catkin_cmake_args': None, 'catkin_skip_building_tests': False, 'cmake_args': None, 'cmake_clean_cache': False, 'cmake_clean_first': False, 'cmake_force_configure': False, 'cmake_target': None, 'cmake_target_skip_unavailable': False, 'install_base': '/home/magne/ros2_ws/install/trac_ik_examples', 'merge_install': False, 'path': '/home/magne/ros2_ws/src/trac_ik/trac_ik_examples', 'symlink_install': False, 'test_result_base': None}
[0.473s] Level 5:colcon.colcon_core.verb:set package 'trac_ik_kinematics' build argument 'cmake_args' from command line to 'None'
[0.473s] Level 5:colcon.colcon_core.verb:set package 'trac_ik_kinematics' build argument 'cmake_target' from command line to 'None'
[0.473s] Level 5:colcon.colcon_core.verb:set package 'trac_ik_kinematics' build argument 'cmake_target_skip_unavailable' from command line to 'False'
[0.473s] Level 5:colcon.colcon_core.verb:set package 'trac_ik_kinematics' build argument 'cmake_clean_cache' from command line to 'False'
[0.473s] Level 5:colcon.colcon_core.verb:set package 'trac_ik_kinematics' build argument 'cmake_clean_first' from command line to 'False'
[0.473s] Level 5:colcon.colcon_core.verb:set package 'trac_ik_kinematics' build argument 'cmake_force_configure' from command line to 'False'
[0.474s] Level 5:colcon.colcon_core.verb:set package 'trac_ik_kinematics' build argument 'ament_cmake_args' from command line to 'None'
[0.474s] Level 5:colcon.colcon_core.verb:set package 'trac_ik_kinematics' build argument 'catkin_cmake_args' from command line to 'None'
[0.474s] Level 5:colcon.colcon_core.verb:set package 'trac_ik_kinematics' build argument 'catkin_skip_building_tests' from command line to 'False'
[0.474s] DEBUG:colcon.colcon_core.verb:Building package 'trac_ik_kinematics' with the following arguments: {'ament_cmake_args': None, 'build_base': '/home/magne/ros2_ws/build/trac_ik_kinematics', 'catkin_cmake_args': None, 'catkin_skip_building_tests': False, 'cmake_args': None, 'cmake_clean_cache': False, 'cmake_clean_first': False, 'cmake_force_configure': False, 'cmake_target': None, 'cmake_target_skip_unavailable': False, 'install_base': '/home/magne/ros2_ws/install/trac_ik_kinematics', 'merge_install': False, 'path': '/home/magne/ros2_ws/src/trac_ik/trac_ik_kinematics', 'symlink_install': False, 'test_result_base': None}
[0.474s] Level 5:colcon.colcon_core.verb:set package 'trac_ik' build argument 'cmake_args' from command line to 'None'
[0.474s] Level 5:colcon.colcon_core.verb:set package 'trac_ik' build argument 'cmake_target' from command line to 'None'
[0.474s] Level 5:colcon.colcon_core.verb:set package 'trac_ik' build argument 'cmake_target_skip_unavailable' from command line to 'False'
[0.474s] Level 5:colcon.colcon_core.verb:set package 'trac_ik' build argument 'cmake_clean_cache' from command line to 'False'
[0.474s] Level 5:colcon.colcon_core.verb:set package 'trac_ik' build argument 'cmake_clean_first' from command line to 'False'
[0.474s] Level 5:colcon.colcon_core.verb:set package 'trac_ik' build argument 'cmake_force_configure' from command line to 'False'
[0.474s] Level 5:colcon.colcon_core.verb:set package 'trac_ik' build argument 'ament_cmake_args' from command line to 'None'
[0.474s] Level 5:colcon.colcon_core.verb:set package 'trac_ik' build argument 'catkin_cmake_args' from command line to 'None'
[0.474s] Level 5:colcon.colcon_core.verb:set package 'trac_ik' build argument 'catkin_skip_building_tests' from command line to 'False'
[0.474s] DEBUG:colcon.colcon_core.verb:Building package 'trac_ik' with the following arguments: {'ament_cmake_args': None, 'build_base': '/home/magne/ros2_ws/build/trac_ik', 'catkin_cmake_args': None, 'catkin_skip_building_tests': False, 'cmake_args': None, 'cmake_clean_cache': False, 'cmake_clean_first': False, 'cmake_force_configure': False, 'cmake_target': None, 'cmake_target_skip_unavailable': False, 'install_base': '/home/magne/ros2_ws/install/trac_ik', 'merge_install': False, 'path': '/home/magne/ros2_ws/src/trac_ik/trac_ik', 'symlink_install': False, 'test_result_base': None}
[0.474s] INFO:colcon.colcon_core.executor:Executing jobs using 'parallel' executor
[0.476s] DEBUG:colcon.colcon_parallel_executor.executor.parallel:run_until_complete
[0.476s] INFO:colcon.colcon_ros.task.ament_cmake.build:Building ROS package in '/home/magne/ros2_ws/src/trac_ik/trac_ik_lib' with build type 'ament_cmake'
[0.476s] INFO:colcon.colcon_cmake.task.cmake.build:Building CMake package in '/home/magne/ros2_ws/src/trac_ik/trac_ik_lib'
[0.479s] INFO:colcon.colcon_core.plugin_system:Skipping extension 'colcon_core.shell.bat': Not used on non-Windows systems
[0.479s] INFO:colcon.colcon_core.shell:Skip shell extension 'powershell' for command environment: Not usable outside of PowerShell
[0.479s] DEBUG:colcon.colcon_core.shell:Skip shell extension 'dsv' for command environment
[0.484s] INFO:colcon.colcon_ros.task.ament_cmake.build:Building ROS package in '/home/magne/ros2_ws/src/ur5_sem2_scripts' with build type 'ament_cmake'
[0.484s] INFO:colcon.colcon_cmake.task.cmake.build:Building CMake package in '/home/magne/ros2_ws/src/ur5_sem2_scripts'
[0.485s] INFO:colcon.colcon_core.shell:Skip shell extension 'powershell' for command environment: Not usable outside of PowerShell
[0.485s] DEBUG:colcon.colcon_core.shell:Skip shell extension 'dsv' for command environment
[0.495s] DEBUG:colcon.colcon_core.event_handler.log_command:Invoking command in '/home/magne/ros2_ws/build/trac_ik_lib': CMAKE_PREFIX_PATH=${CMAKE_PREFIX_PATH}:/opt/ros/humble /usr/bin/cmake --build /home/magne/ros2_ws/build/trac_ik_lib -- -j20 -l20
[0.499s] DEBUG:colcon.colcon_core.event_handler.log_command:Invoking command in '/home/magne/ros2_ws/build/ur5_sem2_scripts': CMAKE_PREFIX_PATH=${CMAKE_PREFIX_PATH}:/opt/ros/humble /usr/bin/cmake --build /home/magne/ros2_ws/build/ur5_sem2_scripts -- -j20 -l20
[0.566s] DEBUG:colcon.colcon_core.event_handler.log_command:Invoked command in '/home/magne/ros2_ws/build/trac_ik_lib' returned '0': CMAKE_PREFIX_PATH=${CMAKE_PREFIX_PATH}:/opt/ros/humble /usr/bin/cmake --build /home/magne/ros2_ws/build/trac_ik_lib -- -j20 -l20
[0.579s] DEBUG:colcon.colcon_core.event_handler.log_command:Invoking command in '/home/magne/ros2_ws/build/trac_ik_lib': CMAKE_PREFIX_PATH=${CMAKE_PREFIX_PATH}:/opt/ros/humble /usr/bin/cmake --install /home/magne/ros2_ws/build/trac_ik_lib
[0.589s] Level 1:colcon.colcon_core.environment:create_environment_scripts_only(trac_ik_lib)
[0.590s] DEBUG:colcon.colcon_core.event_handler.log_command:Invoked command in '/home/magne/ros2_ws/build/trac_ik_lib' returned '0': CMAKE_PREFIX_PATH=${CMAKE_PREFIX_PATH}:/opt/ros/humble /usr/bin/cmake --install /home/magne/ros2_ws/build/trac_ik_lib
[0.592s] Level 1:colcon.colcon_core.environment:checking '/home/magne/ros2_ws/install/trac_ik_lib' for CMake module files
[0.592s] Level 1:colcon.colcon_core.environment:checking '/home/magne/ros2_ws/install/trac_ik_lib' for CMake config files
[0.592s] Level 1:colcon.colcon_core.shell:create_environment_hook('trac_ik_lib', 'cmake_prefix_path')
[0.593s] INFO:colcon.colcon_core.shell:Creating environment hook '/home/magne/ros2_ws/install/trac_ik_lib/share/trac_ik_lib/hook/cmake_prefix_path.ps1'
[0.593s] INFO:colcon.colcon_core.shell:Creating environment descriptor '/home/magne/ros2_ws/install/trac_ik_lib/share/trac_ik_lib/hook/cmake_prefix_path.dsv'
[0.594s] INFO:colcon.colcon_core.shell:Creating environment hook '/home/magne/ros2_ws/install/trac_ik_lib/share/trac_ik_lib/hook/cmake_prefix_path.sh'
[0.594s] Level 1:colcon.colcon_core.environment:checking '/home/magne/ros2_ws/install/trac_ik_lib/lib'
[0.595s] Level 1:colcon.colcon_core.shell:create_environment_hook('trac_ik_lib', 'ld_library_path_lib')
[0.595s] INFO:colcon.colcon_core.shell:Creating environment hook '/home/magne/ros2_ws/install/trac_ik_lib/share/trac_ik_lib/hook/ld_library_path_lib.ps1'
[0.595s] INFO:colcon.colcon_core.shell:Creating environment descriptor '/home/magne/ros2_ws/install/trac_ik_lib/share/trac_ik_lib/hook/ld_library_path_lib.dsv'
[0.595s] INFO:colcon.colcon_core.shell:Creating environment hook '/home/magne/ros2_ws/install/trac_ik_lib/share/trac_ik_lib/hook/ld_library_path_lib.sh'
[0.596s] Level 1:colcon.colcon_core.environment:checking '/home/magne/ros2_ws/install/trac_ik_lib/bin'
[0.596s] Level 1:colcon.colcon_core.environment:checking '/home/magne/ros2_ws/install/trac_ik_lib/lib/pkgconfig/trac_ik_lib.pc'
[0.596s] Level 1:colcon.colcon_core.environment:checking '/home/magne/ros2_ws/install/trac_ik_lib/lib/python3.10/site-packages'
[0.596s] Level 1:colcon.colcon_core.environment:checking '/home/magne/ros2_ws/install/trac_ik_lib/bin'
[0.597s] INFO:colcon.colcon_core.shell:Creating package script '/home/magne/ros2_ws/install/trac_ik_lib/share/trac_ik_lib/package.ps1'
[0.597s] INFO:colcon.colcon_core.shell:Creating package descriptor '/home/magne/ros2_ws/install/trac_ik_lib/share/trac_ik_lib/package.dsv'
[0.598s] INFO:colcon.colcon_core.shell:Creating package script '/home/magne/ros2_ws/install/trac_ik_lib/share/trac_ik_lib/package.sh'
[0.598s] INFO:colcon.colcon_core.shell:Creating package script '/home/magne/ros2_ws/install/trac_ik_lib/share/trac_ik_lib/package.bash'
[0.599s] INFO:colcon.colcon_core.shell:Creating package script '/home/magne/ros2_ws/install/trac_ik_lib/share/trac_ik_lib/package.zsh'
[0.599s] Level 1:colcon.colcon_core.environment:create_file_with_runtime_dependencies(/home/magne/ros2_ws/install/trac_ik_lib/share/colcon-core/packages/trac_ik_lib)
[0.600s] Level 1:colcon.colcon_core.environment:create_environment_scripts_only(trac_ik_lib)
[0.600s] Level 1:colcon.colcon_core.environment:checking '/home/magne/ros2_ws/install/trac_ik_lib' for CMake module files
[0.600s] Level 1:colcon.colcon_core.environment:checking '/home/magne/ros2_ws/install/trac_ik_lib' for CMake config files
[0.600s] Level 1:colcon.colcon_core.shell:create_environment_hook('trac_ik_lib', 'cmake_prefix_path')
[0.601s] INFO:colcon.colcon_core.shell:Creating environment hook '/home/magne/ros2_ws/install/trac_ik_lib/share/trac_ik_lib/hook/cmake_prefix_path.ps1'
[0.601s] INFO:colcon.colcon_core.shell:Creating environment descriptor '/home/magne/ros2_ws/install/trac_ik_lib/share/trac_ik_lib/hook/cmake_prefix_path.dsv'
[0.601s] INFO:colcon.colcon_core.shell:Creating environment hook '/home/magne/ros2_ws/install/trac_ik_lib/share/trac_ik_lib/hook/cmake_prefix_path.sh'
[0.602s] Level 1:colcon.colcon_core.environment:checking '/home/magne/ros2_ws/install/trac_ik_lib/lib'
[0.602s] Level 1:colcon.colcon_core.shell:create_environment_hook('trac_ik_lib', 'ld_library_path_lib')
[0.602s] INFO:colcon.colcon_core.shell:Creating environment hook '/home/magne/ros2_ws/install/trac_ik_lib/share/trac_ik_lib/hook/ld_library_path_lib.ps1'
[0.603s] INFO:colcon.colcon_core.shell:Creating environment descriptor '/home/magne/ros2_ws/install/trac_ik_lib/share/trac_ik_lib/hook/ld_library_path_lib.dsv'
[0.603s] INFO:colcon.colcon_core.shell:Creating environment hook '/home/magne/ros2_ws/install/trac_ik_lib/share/trac_ik_lib/hook/ld_library_path_lib.sh'
[0.603s] Level 1:colcon.colcon_core.environment:checking '/home/magne/ros2_ws/install/trac_ik_lib/bin'
[0.603s] Level 1:colcon.colcon_core.environment:checking '/home/magne/ros2_ws/install/trac_ik_lib/lib/pkgconfig/trac_ik_lib.pc'
[0.603s] Level 1:colcon.colcon_core.environment:checking '/home/magne/ros2_ws/install/trac_ik_lib/lib/python3.10/site-packages'
[0.603s] Level 1:colcon.colcon_core.environment:checking '/home/magne/ros2_ws/install/trac_ik_lib/bin'
[0.604s] INFO:colcon.colcon_core.shell:Creating package script '/home/magne/ros2_ws/install/trac_ik_lib/share/trac_ik_lib/package.ps1'
[0.604s] INFO:colcon.colcon_core.shell:Creating package descriptor '/home/magne/ros2_ws/install/trac_ik_lib/share/trac_ik_lib/package.dsv'
[0.604s] INFO:colcon.colcon_core.shell:Creating package script '/home/magne/ros2_ws/install/trac_ik_lib/share/trac_ik_lib/package.sh'
[0.605s] INFO:colcon.colcon_core.shell:Creating package script '/home/magne/ros2_ws/install/trac_ik_lib/share/trac_ik_lib/package.bash'
[0.605s] INFO:colcon.colcon_core.shell:Creating package script '/home/magne/ros2_ws/install/trac_ik_lib/share/trac_ik_lib/package.zsh'
[0.605s] Level 1:colcon.colcon_core.environment:create_file_with_runtime_dependencies(/home/magne/ros2_ws/install/trac_ik_lib/share/colcon-core/packages/trac_ik_lib)
[0.606s] INFO:colcon.colcon_ros.task.ament_cmake.build:Building ROS package in '/home/magne/ros2_ws/src/trac_ik/trac_ik_examples' with build type 'ament_cmake'
[0.606s] INFO:colcon.colcon_cmake.task.cmake.build:Building CMake package in '/home/magne/ros2_ws/src/trac_ik/trac_ik_examples'
[0.606s] INFO:colcon.colcon_core.shell:Skip shell extension 'powershell' for command environment: Not usable outside of PowerShell
[0.606s] DEBUG:colcon.colcon_core.shell:Skip shell extension 'dsv' for command environment
[0.615s] INFO:colcon.colcon_ros.task.ament_cmake.build:Building ROS package in '/home/magne/ros2_ws/src/trac_ik/trac_ik_kinematics' with build type 'ament_cmake'
[0.616s] INFO:colcon.colcon_cmake.task.cmake.build:Building CMake package in '/home/magne/ros2_ws/src/trac_ik/trac_ik_kinematics'
[0.616s] INFO:colcon.colcon_core.shell:Skip shell extension 'powershell' for command environment: Not usable outside of PowerShell
[0.616s] DEBUG:colcon.colcon_core.shell:Skip shell extension 'dsv' for command environment
[0.624s] DEBUG:colcon.colcon_core.event_handler.log_command:Invoking command in '/home/magne/ros2_ws/build/trac_ik_examples': AMENT_PREFIX_PATH=/home/magne/ros2_ws/install/trac_ik_lib:${AMENT_PREFIX_PATH} CMAKE_PREFIX_PATH=/home/magne/ros2_ws/install/trac_ik_lib:/home/magne/ros2_ws/install/ur5_sem2_scripts:/opt/ros/humble LD_LIBRARY_PATH=/home/magne/ros2_ws/install/trac_ik_lib/lib:${LD_LIBRARY_PATH} /usr/bin/cmake --build /home/magne/ros2_ws/build/trac_ik_examples -- -j20 -l20
[0.628s] DEBUG:colcon.colcon_core.event_handler.log_command:Invoking command in '/home/magne/ros2_ws/build/trac_ik_kinematics': AMENT_PREFIX_PATH=/home/magne/ros2_ws/install/trac_ik_lib:${AMENT_PREFIX_PATH} CMAKE_PREFIX_PATH=/home/magne/ros2_ws/install/trac_ik_lib:/home/magne/ros2_ws/install/ur5_sem2_scripts:/opt/ros/humble LD_LIBRARY_PATH=/home/magne/ros2_ws/install/trac_ik_lib/lib:${LD_LIBRARY_PATH} /usr/bin/cmake --build /home/magne/ros2_ws/build/trac_ik_kinematics -- -j20 -l20
[0.697s] DEBUG:colcon.colcon_core.event_handler.log_command:Invoked command in '/home/magne/ros2_ws/build/trac_ik_examples' returned '0': AMENT_PREFIX_PATH=/home/magne/ros2_ws/install/trac_ik_lib:${AMENT_PREFIX_PATH} CMAKE_PREFIX_PATH=/home/magne/ros2_ws/install/trac_ik_lib:/home/magne/ros2_ws/install/ur5_sem2_scripts:/opt/ros/humble LD_LIBRARY_PATH=/home/magne/ros2_ws/install/trac_ik_lib/lib:${LD_LIBRARY_PATH} /usr/bin/cmake --build /home/magne/ros2_ws/build/trac_ik_examples -- -j20 -l20
[0.697s] DEBUG:colcon.colcon_core.event_handler.log_command:Invoking command in '/home/magne/ros2_ws/build/trac_ik_examples': AMENT_PREFIX_PATH=/home/magne/ros2_ws/install/trac_ik_lib:${AMENT_PREFIX_PATH} CMAKE_PREFIX_PATH=/home/magne/ros2_ws/install/trac_ik_lib:/home/magne/ros2_ws/install/ur5_sem2_scripts:/opt/ros/humble LD_LIBRARY_PATH=/home/magne/ros2_ws/install/trac_ik_lib/lib:${LD_LIBRARY_PATH} /usr/bin/cmake --install /home/magne/ros2_ws/build/trac_ik_examples
[0.701s] DEBUG:colcon.colcon_core.event_handler.log_command:Invoked command in '/home/magne/ros2_ws/build/trac_ik_kinematics' returned '0': AMENT_PREFIX_PATH=/home/magne/ros2_ws/install/trac_ik_lib:${AMENT_PREFIX_PATH} CMAKE_PREFIX_PATH=/home/magne/ros2_ws/install/trac_ik_lib:/home/magne/ros2_ws/install/ur5_sem2_scripts:/opt/ros/humble LD_LIBRARY_PATH=/home/magne/ros2_ws/install/trac_ik_lib/lib:${LD_LIBRARY_PATH} /usr/bin/cmake --build /home/magne/ros2_ws/build/trac_ik_kinematics -- -j20 -l20
[0.703s] DEBUG:colcon.colcon_core.event_handler.log_command:Invoking command in '/home/magne/ros2_ws/build/trac_ik_kinematics': AMENT_PREFIX_PATH=/home/magne/ros2_ws/install/trac_ik_lib:${AMENT_PREFIX_PATH} CMAKE_PREFIX_PATH=/home/magne/ros2_ws/install/trac_ik_lib:/home/magne/ros2_ws/install/ur5_sem2_scripts:/opt/ros/humble LD_LIBRARY_PATH=/home/magne/ros2_ws/install/trac_ik_lib/lib:${LD_LIBRARY_PATH} /usr/bin/cmake --install /home/magne/ros2_ws/build/trac_ik_kinematics
[0.709s] Level 1:colcon.colcon_core.environment:create_environment_scripts_only(trac_ik_examples)
[0.709s] Level 1:colcon.colcon_core.environment:checking '/home/magne/ros2_ws/install/trac_ik_examples' for CMake module files
[0.709s] Level 1:colcon.colcon_core.environment:checking '/home/magne/ros2_ws/install/trac_ik_examples' for CMake config files
[0.710s] Level 1:colcon.colcon_core.shell:create_environment_hook('trac_ik_examples', 'cmake_prefix_path')
[0.710s] INFO:colcon.colcon_core.shell:Creating environment hook '/home/magne/ros2_ws/install/trac_ik_examples/share/trac_ik_examples/hook/cmake_prefix_path.ps1'
[0.712s] DEBUG:colcon.colcon_core.event_handler.log_command:Invoked command in '/home/magne/ros2_ws/build/trac_ik_examples' returned '0': AMENT_PREFIX_PATH=/home/magne/ros2_ws/install/trac_ik_lib:${AMENT_PREFIX_PATH} CMAKE_PREFIX_PATH=/home/magne/ros2_ws/install/trac_ik_lib:/home/magne/ros2_ws/install/ur5_sem2_scripts:/opt/ros/humble LD_LIBRARY_PATH=/home/magne/ros2_ws/install/trac_ik_lib/lib:${LD_LIBRARY_PATH} /usr/bin/cmake --install /home/magne/ros2_ws/build/trac_ik_examples
[0.714s] INFO:colcon.colcon_core.shell:Creating environment descriptor '/home/magne/ros2_ws/install/trac_ik_examples/share/trac_ik_examples/hook/cmake_prefix_path.dsv'
[0.716s] INFO:colcon.colcon_core.shell:Creating environment hook '/home/magne/ros2_ws/install/trac_ik_examples/share/trac_ik_examples/hook/cmake_prefix_path.sh'
[0.718s] Level 1:colcon.colcon_core.environment:checking '/home/magne/ros2_ws/install/trac_ik_examples/lib'
[0.718s] Level 1:colcon.colcon_core.environment:checking '/home/magne/ros2_ws/install/trac_ik_examples/bin'
[0.718s] Level 1:colcon.colcon_core.environment:checking '/home/magne/ros2_ws/install/trac_ik_examples/lib/pkgconfig/trac_ik_examples.pc'
[0.719s] Level 1:colcon.colcon_core.environment:checking '/home/magne/ros2_ws/install/trac_ik_examples/lib/python3.10/site-packages'
[0.719s] Level 1:colcon.colcon_core.environment:checking '/home/magne/ros2_ws/install/trac_ik_examples/bin'
[0.719s] INFO:colcon.colcon_core.shell:Creating package script '/home/magne/ros2_ws/install/trac_ik_examples/share/trac_ik_examples/package.ps1'
[0.720s] INFO:colcon.colcon_core.shell:Creating package descriptor '/home/magne/ros2_ws/install/trac_ik_examples/share/trac_ik_examples/package.dsv'
[0.721s] INFO:colcon.colcon_core.shell:Creating package script '/home/magne/ros2_ws/install/trac_ik_examples/share/trac_ik_examples/package.sh'
[0.721s] INFO:colcon.colcon_core.shell:Creating package script '/home/magne/ros2_ws/install/trac_ik_examples/share/trac_ik_examples/package.bash'
[0.721s] INFO:colcon.colcon_core.shell:Creating package script '/home/magne/ros2_ws/install/trac_ik_examples/share/trac_ik_examples/package.zsh'
[0.722s] Level 1:colcon.colcon_core.environment:create_file_with_runtime_dependencies(/home/magne/ros2_ws/install/trac_ik_examples/share/colcon-core/packages/trac_ik_examples)
[0.722s] Level 1:colcon.colcon_core.environment:create_environment_scripts_only(trac_ik_examples)
[0.722s] Level 1:colcon.colcon_core.environment:checking '/home/magne/ros2_ws/install/trac_ik_examples' for CMake module files
[0.723s] Level 1:colcon.colcon_core.environment:checking '/home/magne/ros2_ws/install/trac_ik_examples' for CMake config files
[0.723s] Level 1:colcon.colcon_core.shell:create_environment_hook('trac_ik_examples', 'cmake_prefix_path')
[0.723s] INFO:colcon.colcon_core.shell:Creating environment hook '/home/magne/ros2_ws/install/trac_ik_examples/share/trac_ik_examples/hook/cmake_prefix_path.ps1'
[0.724s] INFO:colcon.colcon_core.shell:Creating environment descriptor '/home/magne/ros2_ws/install/trac_ik_examples/share/trac_ik_examples/hook/cmake_prefix_path.dsv'
[0.724s] INFO:colcon.colcon_core.shell:Creating environment hook '/home/magne/ros2_ws/install/trac_ik_examples/share/trac_ik_examples/hook/cmake_prefix_path.sh'
[0.724s] Level 1:colcon.colcon_core.environment:checking '/home/magne/ros2_ws/install/trac_ik_examples/lib'
[0.724s] Level 1:colcon.colcon_core.environment:checking '/home/magne/ros2_ws/install/trac_ik_examples/bin'
[0.724s] Level 1:colcon.colcon_core.environment:checking '/home/magne/ros2_ws/install/trac_ik_examples/lib/pkgconfig/trac_ik_examples.pc'
[0.725s] Level 1:colcon.colcon_core.environment:checking '/home/magne/ros2_ws/install/trac_ik_examples/lib/python3.10/site-packages'
[0.725s] Level 1:colcon.colcon_core.environment:checking '/home/magne/ros2_ws/install/trac_ik_examples/bin'
[0.725s] INFO:colcon.colcon_core.shell:Creating package script '/home/magne/ros2_ws/install/trac_ik_examples/share/trac_ik_examples/package.ps1'
[0.725s] INFO:colcon.colcon_core.shell:Creating package descriptor '/home/magne/ros2_ws/install/trac_ik_examples/share/trac_ik_examples/package.dsv'
[0.726s] INFO:colcon.colcon_core.shell:Creating package script '/home/magne/ros2_ws/install/trac_ik_examples/share/trac_ik_examples/package.sh'
[0.726s] INFO:colcon.colcon_core.shell:Creating package script '/home/magne/ros2_ws/install/trac_ik_examples/share/trac_ik_examples/package.bash'
[0.726s] INFO:colcon.colcon_core.shell:Creating package script '/home/magne/ros2_ws/install/trac_ik_examples/share/trac_ik_examples/package.zsh'
[0.727s] Level 1:colcon.colcon_core.environment:create_file_with_runtime_dependencies(/home/magne/ros2_ws/install/trac_ik_examples/share/colcon-core/packages/trac_ik_examples)
[0.729s] Level 1:colcon.colcon_core.environment:create_environment_scripts_only(trac_ik_kinematics)
[0.729s] Level 1:colcon.colcon_core.environment:checking '/home/magne/ros2_ws/install/trac_ik_kinematics' for CMake module files
[0.730s] DEBUG:colcon.colcon_core.event_handler.log_command:Invoked command in '/home/magne/ros2_ws/build/trac_ik_kinematics' returned '0': AMENT_PREFIX_PATH=/home/magne/ros2_ws/install/trac_ik_lib:${AMENT_PREFIX_PATH} CMAKE_PREFIX_PATH=/home/magne/ros2_ws/install/trac_ik_lib:/home/magne/ros2_ws/install/ur5_sem2_scripts:/opt/ros/humble LD_LIBRARY_PATH=/home/magne/ros2_ws/install/trac_ik_lib/lib:${LD_LIBRARY_PATH} /usr/bin/cmake --install /home/magne/ros2_ws/build/trac_ik_kinematics
[0.730s] Level 1:colcon.colcon_core.environment:checking '/home/magne/ros2_ws/install/trac_ik_kinematics' for CMake config files
[0.730s] Level 1:colcon.colcon_core.shell:create_environment_hook('trac_ik_kinematics', 'cmake_prefix_path')
[0.731s] INFO:colcon.colcon_core.shell:Creating environment hook '/home/magne/ros2_ws/install/trac_ik_kinematics/share/trac_ik_kinematics/hook/cmake_prefix_path.ps1'
[0.731s] INFO:colcon.colcon_core.shell:Creating environment descriptor '/home/magne/ros2_ws/install/trac_ik_kinematics/share/trac_ik_kinematics/hook/cmake_prefix_path.dsv'
[0.732s] INFO:colcon.colcon_core.shell:Creating environment hook '/home/magne/ros2_ws/install/trac_ik_kinematics/share/trac_ik_kinematics/hook/cmake_prefix_path.sh'
[0.732s] Level 1:colcon.colcon_core.environment:checking '/home/magne/ros2_ws/install/trac_ik_kinematics/lib'
[0.733s] Level 1:colcon.colcon_core.shell:create_environment_hook('trac_ik_kinematics', 'ld_library_path_lib')
[0.733s] INFO:colcon.colcon_core.shell:Creating environment hook '/home/magne/ros2_ws/install/trac_ik_kinematics/share/trac_ik_kinematics/hook/ld_library_path_lib.ps1'
[0.733s] INFO:colcon.colcon_core.shell:Creating environment descriptor '/home/magne/ros2_ws/install/trac_ik_kinematics/share/trac_ik_kinematics/hook/ld_library_path_lib.dsv'
[0.734s] INFO:colcon.colcon_core.shell:Creating environment hook '/home/magne/ros2_ws/install/trac_ik_kinematics/share/trac_ik_kinematics/hook/ld_library_path_lib.sh'
[0.734s] Level 1:colcon.colcon_core.environment:checking '/home/magne/ros2_ws/install/trac_ik_kinematics/bin'
[0.734s] Level 1:colcon.colcon_core.environment:checking '/home/magne/ros2_ws/install/trac_ik_kinematics/lib/pkgconfig/trac_ik_kinematics.pc'
[0.734s] Level 1:colcon.colcon_core.environment:checking '/home/magne/ros2_ws/install/trac_ik_kinematics/lib/python3.10/site-packages'
[0.734s] Level 1:colcon.colcon_core.environment:checking '/home/magne/ros2_ws/install/trac_ik_kinematics/bin'
[0.735s] INFO:colcon.colcon_core.shell:Creating package script '/home/magne/ros2_ws/install/trac_ik_kinematics/share/trac_ik_kinematics/package.ps1'
[0.735s] INFO:colcon.colcon_core.shell:Creating package descriptor '/home/magne/ros2_ws/install/trac_ik_kinematics/share/trac_ik_kinematics/package.dsv'
[0.736s] INFO:colcon.colcon_core.shell:Creating package script '/home/magne/ros2_ws/install/trac_ik_kinematics/share/trac_ik_kinematics/package.sh'
[0.736s] INFO:colcon.colcon_core.shell:Creating package script '/home/magne/ros2_ws/install/trac_ik_kinematics/share/trac_ik_kinematics/package.bash'
[0.736s] INFO:colcon.colcon_core.shell:Creating package script '/home/magne/ros2_ws/install/trac_ik_kinematics/share/trac_ik_kinematics/package.zsh'
[0.736s] Level 1:colcon.colcon_core.environment:create_file_with_runtime_dependencies(/home/magne/ros2_ws/install/trac_ik_kinematics/share/colcon-core/packages/trac_ik_kinematics)
[0.737s] Level 1:colcon.colcon_core.environment:create_environment_scripts_only(trac_ik_kinematics)
[0.737s] Level 1:colcon.colcon_core.environment:checking '/home/magne/ros2_ws/install/trac_ik_kinematics' for CMake module files
[0.738s] Level 1:colcon.colcon_core.environment:checking '/home/magne/ros2_ws/install/trac_ik_kinematics' for CMake config files
[0.738s] Level 1:colcon.colcon_core.shell:create_environment_hook('trac_ik_kinematics', 'cmake_prefix_path')
[0.738s] INFO:colcon.colcon_core.shell:Creating environment hook '/home/magne/ros2_ws/install/trac_ik_kinematics/share/trac_ik_kinematics/hook/cmake_prefix_path.ps1'
[0.738s] INFO:colcon.colcon_core.shell:Creating environment descriptor '/home/magne/ros2_ws/install/trac_ik_kinematics/share/trac_ik_kinematics/hook/cmake_prefix_path.dsv'
[0.739s] INFO:colcon.colcon_core.shell:Creating environment hook '/home/magne/ros2_ws/install/trac_ik_kinematics/share/trac_ik_kinematics/hook/cmake_prefix_path.sh'
[0.739s] Level 1:colcon.colcon_core.environment:checking '/home/magne/ros2_ws/install/trac_ik_kinematics/lib'
[0.739s] Level 1:colcon.colcon_core.shell:create_environment_hook('trac_ik_kinematics', 'ld_library_path_lib')
[0.740s] INFO:colcon.colcon_core.shell:Creating environment hook '/home/magne/ros2_ws/install/trac_ik_kinematics/share/trac_ik_kinematics/hook/ld_library_path_lib.ps1'
[0.740s] INFO:colcon.colcon_core.shell:Creating environment descriptor '/home/magne/ros2_ws/install/trac_ik_kinematics/share/trac_ik_kinematics/hook/ld_library_path_lib.dsv'
[0.741s] INFO:colcon.colcon_core.shell:Creating environment hook '/home/magne/ros2_ws/install/trac_ik_kinematics/share/trac_ik_kinematics/hook/ld_library_path_lib.sh'
[0.741s] Level 1:colcon.colcon_core.environment:checking '/home/magne/ros2_ws/install/trac_ik_kinematics/bin'
[0.741s] Level 1:colcon.colcon_core.environment:checking '/home/magne/ros2_ws/install/trac_ik_kinematics/lib/pkgconfig/trac_ik_kinematics.pc'
[0.741s] Level 1:colcon.colcon_core.environment:checking '/home/magne/ros2_ws/install/trac_ik_kinematics/lib/python3.10/site-packages'
[0.741s] Level 1:colcon.colcon_core.environment:checking '/home/magne/ros2_ws/install/trac_ik_kinematics/bin'
[0.742s] INFO:colcon.colcon_core.shell:Creating package script '/home/magne/ros2_ws/install/trac_ik_kinematics/share/trac_ik_kinematics/package.ps1'
[0.742s] INFO:colcon.colcon_core.shell:Creating package descriptor '/home/magne/ros2_ws/install/trac_ik_kinematics/share/trac_ik_kinematics/package.dsv'
[0.743s] INFO:colcon.colcon_core.shell:Creating package script '/home/magne/ros2_ws/install/trac_ik_kinematics/share/trac_ik_kinematics/package.sh'
[0.743s] INFO:colcon.colcon_core.shell:Creating package script '/home/magne/ros2_ws/install/trac_ik_kinematics/share/trac_ik_kinematics/package.bash'
[0.744s] INFO:colcon.colcon_core.shell:Creating package script '/home/magne/ros2_ws/install/trac_ik_kinematics/share/trac_ik_kinematics/package.zsh'
[0.744s] Level 1:colcon.colcon_core.environment:create_file_with_runtime_dependencies(/home/magne/ros2_ws/install/trac_ik_kinematics/share/colcon-core/packages/trac_ik_kinematics)
[0.745s] INFO:colcon.colcon_ros.task.ament_cmake.build:Building ROS package in '/home/magne/ros2_ws/src/trac_ik/trac_ik' with build type 'ament_cmake'
[0.745s] INFO:colcon.colcon_cmake.task.cmake.build:Building CMake package in '/home/magne/ros2_ws/src/trac_ik/trac_ik'
[0.745s] INFO:colcon.colcon_core.shell:Skip shell extension 'powershell' for command environment: Not usable outside of PowerShell
[0.745s] DEBUG:colcon.colcon_core.shell:Skip shell extension 'dsv' for command environment
[0.765s] DEBUG:colcon.colcon_core.event_handler.log_command:Invoking command in '/home/magne/ros2_ws/build/trac_ik': AMENT_PREFIX_PATH=/home/magne/ros2_ws/install/trac_ik_kinematics:/home/magne/ros2_ws/install/trac_ik_examples:/home/magne/ros2_ws/install/trac_ik_lib:${AMENT_PREFIX_PATH} CMAKE_PREFIX_PATH=/home/magne/ros2_ws/install/trac_ik_kinematics:/home/magne/ros2_ws/install/trac_ik_examples:/home/magne/ros2_ws/install/trac_ik_lib:/home/magne/ros2_ws/install/ur5_sem2_scripts:/opt/ros/humble LD_LIBRARY_PATH=/home/magne/ros2_ws/install/trac_ik_kinematics/lib:/home/magne/ros2_ws/install/trac_ik_lib/lib:${LD_LIBRARY_PATH} /usr/bin/cmake --build /home/magne/ros2_ws/build/trac_ik -- -j20 -l20
[0.794s] DEBUG:colcon.colcon_core.event_handler.log_command:Invoked command in '/home/magne/ros2_ws/build/trac_ik' returned '0': AMENT_PREFIX_PATH=/home/magne/ros2_ws/install/trac_ik_kinematics:/home/magne/ros2_ws/install/trac_ik_examples:/home/magne/ros2_ws/install/trac_ik_lib:${AMENT_PREFIX_PATH} CMAKE_PREFIX_PATH=/home/magne/ros2_ws/install/trac_ik_kinematics:/home/magne/ros2_ws/install/trac_ik_examples:/home/magne/ros2_ws/install/trac_ik_lib:/home/magne/ros2_ws/install/ur5_sem2_scripts:/opt/ros/humble LD_LIBRARY_PATH=/home/magne/ros2_ws/install/trac_ik_kinematics/lib:/home/magne/ros2_ws/install/trac_ik_lib/lib:${LD_LIBRARY_PATH} /usr/bin/cmake --build /home/magne/ros2_ws/build/trac_ik -- -j20 -l20
[0.795s] DEBUG:colcon.colcon_core.event_handler.log_command:Invoking command in '/home/magne/ros2_ws/build/trac_ik': AMENT_PREFIX_PATH=/home/magne/ros2_ws/install/trac_ik_kinematics:/home/magne/ros2_ws/install/trac_ik_examples:/home/magne/ros2_ws/install/trac_ik_lib:${AMENT_PREFIX_PATH} CMAKE_PREFIX_PATH=/home/magne/ros2_ws/install/trac_ik_kinematics:/home/magne/ros2_ws/install/trac_ik_examples:/home/magne/ros2_ws/install/trac_ik_lib:/home/magne/ros2_ws/install/ur5_sem2_scripts:/opt/ros/humble LD_LIBRARY_PATH=/home/magne/ros2_ws/install/trac_ik_kinematics/lib:/home/magne/ros2_ws/install/trac_ik_lib/lib:${LD_LIBRARY_PATH} /usr/bin/cmake --install /home/magne/ros2_ws/build/trac_ik
[0.813s] Level 1:colcon.colcon_core.environment:create_environment_scripts_only(trac_ik)
[0.813s] Level 1:colcon.colcon_core.environment:checking '/home/magne/ros2_ws/install/trac_ik' for CMake module files
[0.814s] DEBUG:colcon.colcon_core.event_handler.log_command:Invoked command in '/home/magne/ros2_ws/build/trac_ik' returned '0': AMENT_PREFIX_PATH=/home/magne/ros2_ws/install/trac_ik_kinematics:/home/magne/ros2_ws/install/trac_ik_examples:/home/magne/ros2_ws/install/trac_ik_lib:${AMENT_PREFIX_PATH} CMAKE_PREFIX_PATH=/home/magne/ros2_ws/install/trac_ik_kinematics:/home/magne/ros2_ws/install/trac_ik_examples:/home/magne/ros2_ws/install/trac_ik_lib:/home/magne/ros2_ws/install/ur5_sem2_scripts:/opt/ros/humble LD_LIBRARY_PATH=/home/magne/ros2_ws/install/trac_ik_kinematics/lib:/home/magne/ros2_ws/install/trac_ik_lib/lib:${LD_LIBRARY_PATH} /usr/bin/cmake --install /home/magne/ros2_ws/build/trac_ik
[0.814s] Level 1:colcon.colcon_core.environment:checking '/home/magne/ros2_ws/install/trac_ik' for CMake config files
[0.814s] Level 1:colcon.colcon_core.shell:create_environment_hook('trac_ik', 'cmake_prefix_path')
[0.814s] INFO:colcon.colcon_core.shell:Creating environment hook '/home/magne/ros2_ws/install/trac_ik/share/trac_ik/hook/cmake_prefix_path.ps1'
[0.815s] INFO:colcon.colcon_core.shell:Creating environment descriptor '/home/magne/ros2_ws/install/trac_ik/share/trac_ik/hook/cmake_prefix_path.dsv'
[0.815s] INFO:colcon.colcon_core.shell:Creating environment hook '/home/magne/ros2_ws/install/trac_ik/share/trac_ik/hook/cmake_prefix_path.sh'
[0.816s] Level 1:colcon.colcon_core.environment:checking '/home/magne/ros2_ws/install/trac_ik/bin'
[0.816s] Level 1:colcon.colcon_core.environment:checking '/home/magne/ros2_ws/install/trac_ik/lib/pkgconfig/trac_ik.pc'
[0.816s] Level 1:colcon.colcon_core.environment:checking '/home/magne/ros2_ws/install/trac_ik/lib/python3.10/site-packages'
[0.816s] Level 1:colcon.colcon_core.environment:checking '/home/magne/ros2_ws/install/trac_ik/bin'
[0.816s] INFO:colcon.colcon_core.shell:Creating package script '/home/magne/ros2_ws/install/trac_ik/share/trac_ik/package.ps1'
[0.816s] INFO:colcon.colcon_core.shell:Creating package descriptor '/home/magne/ros2_ws/install/trac_ik/share/trac_ik/package.dsv'
[0.817s] INFO:colcon.colcon_core.shell:Creating package script '/home/magne/ros2_ws/install/trac_ik/share/trac_ik/package.sh'
[0.818s] INFO:colcon.colcon_core.shell:Creating package script '/home/magne/ros2_ws/install/trac_ik/share/trac_ik/package.bash'
[0.819s] INFO:colcon.colcon_core.shell:Creating package script '/home/magne/ros2_ws/install/trac_ik/share/trac_ik/package.zsh'
[0.819s] Level 1:colcon.colcon_core.environment:create_file_with_runtime_dependencies(/home/magne/ros2_ws/install/trac_ik/share/colcon-core/packages/trac_ik)
[0.819s] Level 1:colcon.colcon_core.environment:create_environment_scripts_only(trac_ik)
[0.819s] Level 1:colcon.colcon_core.environment:checking '/home/magne/ros2_ws/install/trac_ik' for CMake module files
[0.820s] Level 1:colcon.colcon_core.environment:checking '/home/magne/ros2_ws/install/trac_ik' for CMake config files
[0.820s] Level 1:colcon.colcon_core.shell:create_environment_hook('trac_ik', 'cmake_prefix_path')
[0.820s] INFO:colcon.colcon_core.shell:Creating environment hook '/home/magne/ros2_ws/install/trac_ik/share/trac_ik/hook/cmake_prefix_path.ps1'
[0.820s] INFO:colcon.colcon_core.shell:Creating environment descriptor '/home/magne/ros2_ws/install/trac_ik/share/trac_ik/hook/cmake_prefix_path.dsv'
[0.820s] INFO:colcon.colcon_core.shell:Creating environment hook '/home/magne/ros2_ws/install/trac_ik/share/trac_ik/hook/cmake_prefix_path.sh'
[0.820s] Level 1:colcon.colcon_core.environment:checking '/home/magne/ros2_ws/install/trac_ik/bin'
[0.820s] Level 1:colcon.colcon_core.environment:checking '/home/magne/ros2_ws/install/trac_ik/lib/pkgconfig/trac_ik.pc'
[0.821s] Level 1:colcon.colcon_core.environment:checking '/home/magne/ros2_ws/install/trac_ik/lib/python3.10/site-packages'
[0.821s] Level 1:colcon.colcon_core.environment:checking '/home/magne/ros2_ws/install/trac_ik/bin'
[0.821s] INFO:colcon.colcon_core.shell:Creating package script '/home/magne/ros2_ws/install/trac_ik/share/trac_ik/package.ps1'
[0.821s] INFO:colcon.colcon_core.shell:Creating package descriptor '/home/magne/ros2_ws/install/trac_ik/share/trac_ik/package.dsv'
[0.821s] INFO:colcon.colcon_core.shell:Creating package script '/home/magne/ros2_ws/install/trac_ik/share/trac_ik/package.sh'
[0.821s] INFO:colcon.colcon_core.shell:Creating package script '/home/magne/ros2_ws/install/trac_ik/share/trac_ik/package.bash'
[0.822s] INFO:colcon.colcon_core.shell:Creating package script '/home/magne/ros2_ws/install/trac_ik/share/trac_ik/package.zsh'
[0.822s] Level 1:colcon.colcon_core.environment:create_file_with_runtime_dependencies(/home/magne/ros2_ws/install/trac_ik/share/colcon-core/packages/trac_ik)
[15.816s] DEBUG:colcon.colcon_core.event_handler.log_command:Invoked command in '/home/magne/ros2_ws/build/ur5_sem2_scripts' returned '0': CMAKE_PREFIX_PATH=${CMAKE_PREFIX_PATH}:/opt/ros/humble /usr/bin/cmake --build /home/magne/ros2_ws/build/ur5_sem2_scripts -- -j20 -l20
[15.817s] DEBUG:colcon.colcon_core.event_handler.log_command:Invoking command in '/home/magne/ros2_ws/build/ur5_sem2_scripts': CMAKE_PREFIX_PATH=${CMAKE_PREFIX_PATH}:/opt/ros/humble /usr/bin/cmake --install /home/magne/ros2_ws/build/ur5_sem2_scripts
[15.831s] Level 1:colcon.colcon_core.environment:create_environment_scripts_only(ur5_sem2_scripts)
[15.831s] Level 1:colcon.colcon_core.environment:checking '/home/magne/ros2_ws/install/ur5_sem2_scripts' for CMake module files
[15.832s] Level 1:colcon.colcon_core.environment:checking '/home/magne/ros2_ws/install/ur5_sem2_scripts' for CMake config files
[15.832s] Level 1:colcon.colcon_core.shell:create_environment_hook('ur5_sem2_scripts', 'cmake_prefix_path')
[15.832s] INFO:colcon.colcon_core.shell:Creating environment hook '/home/magne/ros2_ws/install/ur5_sem2_scripts/share/ur5_sem2_scripts/hook/cmake_prefix_path.ps1'
[15.833s] INFO:colcon.colcon_core.shell:Creating environment descriptor '/home/magne/ros2_ws/install/ur5_sem2_scripts/share/ur5_sem2_scripts/hook/cmake_prefix_path.dsv'
[15.833s] DEBUG:colcon.colcon_core.event_handler.log_command:Invoked command in '/home/magne/ros2_ws/build/ur5_sem2_scripts' returned '0': CMAKE_PREFIX_PATH=${CMAKE_PREFIX_PATH}:/opt/ros/humble /usr/bin/cmake --install /home/magne/ros2_ws/build/ur5_sem2_scripts
[15.834s] INFO:colcon.colcon_core.shell:Creating environment hook '/home/magne/ros2_ws/install/ur5_sem2_scripts/share/ur5_sem2_scripts/hook/cmake_prefix_path.sh'
[15.834s] Level 1:colcon.colcon_core.environment:checking '/home/magne/ros2_ws/install/ur5_sem2_scripts/lib'
[15.834s] Level 1:colcon.colcon_core.environment:checking '/home/magne/ros2_ws/install/ur5_sem2_scripts/bin'
[15.834s] Level 1:colcon.colcon_core.environment:checking '/home/magne/ros2_ws/install/ur5_sem2_scripts/lib/pkgconfig/ur5_sem2_scripts.pc'
[15.834s] Level 1:colcon.colcon_core.environment:checking '/home/magne/ros2_ws/install/ur5_sem2_scripts/lib/python3.10/site-packages'
[15.835s] Level 1:colcon.colcon_core.environment:checking '/home/magne/ros2_ws/install/ur5_sem2_scripts/bin'
[15.835s] INFO:colcon.colcon_core.shell:Creating package script '/home/magne/ros2_ws/install/ur5_sem2_scripts/share/ur5_sem2_scripts/package.ps1'
[15.835s] INFO:colcon.colcon_core.shell:Creating package descriptor '/home/magne/ros2_ws/install/ur5_sem2_scripts/share/ur5_sem2_scripts/package.dsv'
[15.836s] INFO:colcon.colcon_core.shell:Creating package script '/home/magne/ros2_ws/install/ur5_sem2_scripts/share/ur5_sem2_scripts/package.sh'
[15.836s] INFO:colcon.colcon_core.shell:Creating package script '/home/magne/ros2_ws/install/ur5_sem2_scripts/share/ur5_sem2_scripts/package.bash'
[15.836s] INFO:colcon.colcon_core.shell:Creating package script '/home/magne/ros2_ws/install/ur5_sem2_scripts/share/ur5_sem2_scripts/package.zsh'
[15.836s] Level 1:colcon.colcon_core.environment:create_file_with_runtime_dependencies(/home/magne/ros2_ws/install/ur5_sem2_scripts/share/colcon-core/packages/ur5_sem2_scripts)
[15.837s] Level 1:colcon.colcon_core.environment:create_environment_scripts_only(ur5_sem2_scripts)
[15.837s] Level 1:colcon.colcon_core.environment:checking '/home/magne/ros2_ws/install/ur5_sem2_scripts' for CMake module files
[15.837s] Level 1:colcon.colcon_core.environment:checking '/home/magne/ros2_ws/install/ur5_sem2_scripts' for CMake config files
[15.837s] Level 1:colcon.colcon_core.shell:create_environment_hook('ur5_sem2_scripts', 'cmake_prefix_path')
[15.837s] INFO:colcon.colcon_core.shell:Creating environment hook '/home/magne/ros2_ws/install/ur5_sem2_scripts/share/ur5_sem2_scripts/hook/cmake_prefix_path.ps1'
[15.838s] INFO:colcon.colcon_core.shell:Creating environment descriptor '/home/magne/ros2_ws/install/ur5_sem2_scripts/share/ur5_sem2_scripts/hook/cmake_prefix_path.dsv'
[15.838s] INFO:colcon.colcon_core.shell:Creating environment hook '/home/magne/ros2_ws/install/ur5_sem2_scripts/share/ur5_sem2_scripts/hook/cmake_prefix_path.sh'
[15.838s] Level 1:colcon.colcon_core.environment:checking '/home/magne/ros2_ws/install/ur5_sem2_scripts/lib'
[15.838s] Level 1:colcon.colcon_core.environment:checking '/home/magne/ros2_ws/install/ur5_sem2_scripts/bin'
[15.838s] Level 1:colcon.colcon_core.environment:checking '/home/magne/ros2_ws/install/ur5_sem2_scripts/lib/pkgconfig/ur5_sem2_scripts.pc'
[15.838s] Level 1:colcon.colcon_core.environment:checking '/home/magne/ros2_ws/install/ur5_sem2_scripts/lib/python3.10/site-packages'
[15.839s] Level 1:colcon.colcon_core.environment:checking '/home/magne/ros2_ws/install/ur5_sem2_scripts/bin'
[15.839s] INFO:colcon.colcon_core.shell:Creating package script '/home/magne/ros2_ws/install/ur5_sem2_scripts/share/ur5_sem2_scripts/package.ps1'
[15.839s] INFO:colcon.colcon_core.shell:Creating package descriptor '/home/magne/ros2_ws/install/ur5_sem2_scripts/share/ur5_sem2_scripts/package.dsv'
[15.839s] INFO:colcon.colcon_core.shell:Creating package script '/home/magne/ros2_ws/install/ur5_sem2_scripts/share/ur5_sem2_scripts/package.sh'
[15.840s] INFO:colcon.colcon_core.shell:Creating package script '/home/magne/ros2_ws/install/ur5_sem2_scripts/share/ur5_sem2_scripts/package.bash'
[15.840s] INFO:colcon.colcon_core.shell:Creating package script '/home/magne/ros2_ws/install/ur5_sem2_scripts/share/ur5_sem2_scripts/package.zsh'
[15.840s] Level 1:colcon.colcon_core.environment:create_file_with_runtime_dependencies(/home/magne/ros2_ws/install/ur5_sem2_scripts/share/colcon-core/packages/ur5_sem2_scripts)
[15.840s] DEBUG:colcon.colcon_parallel_executor.executor.parallel:closing loop
[15.840s] DEBUG:colcon.colcon_parallel_executor.executor.parallel:loop closed
[15.841s] DEBUG:colcon.colcon_parallel_executor.executor.parallel:run_until_complete finished with '0'
[15.841s] DEBUG:colcon.colcon_core.event_reactor:joining thread
[15.846s] INFO:colcon.colcon_core.plugin_system:Skipping extension 'colcon_notification.desktop_notification.terminal_notifier': Not used on non-Darwin systems
[15.846s] INFO:colcon.colcon_core.plugin_system:Skipping extension 'colcon_notification.desktop_notification.win32': Not used on non-Windows systems
[15.846s] INFO:colcon.colcon_notification.desktop_notification:Sending desktop notification using 'notify2'
[15.859s] DEBUG:colcon.colcon_core.event_reactor:joined thread
[15.860s] INFO:colcon.colcon_core.shell:Creating prefix script '/home/magne/ros2_ws/install/local_setup.ps1'
[15.861s] INFO:colcon.colcon_core.shell:Creating prefix util module '/home/magne/ros2_ws/install/_local_setup_util_ps1.py'
[15.862s] INFO:colcon.colcon_core.shell:Creating prefix chain script '/home/magne/ros2_ws/install/setup.ps1'
[15.863s] INFO:colcon.colcon_core.shell:Creating prefix script '/home/magne/ros2_ws/install/local_setup.sh'
[15.863s] INFO:colcon.colcon_core.shell:Creating prefix util module '/home/magne/ros2_ws/install/_local_setup_util_sh.py'
[15.864s] INFO:colcon.colcon_core.shell:Creating prefix chain script '/home/magne/ros2_ws/install/setup.sh'
[15.865s] INFO:colcon.colcon_core.shell:Creating prefix script '/home/magne/ros2_ws/install/local_setup.bash'
[15.865s] INFO:colcon.colcon_core.shell:Creating prefix chain script '/home/magne/ros2_ws/install/setup.bash'
[15.866s] INFO:colcon.colcon_core.shell:Creating prefix script '/home/magne/ros2_ws/install/local_setup.zsh'
[15.867s] INFO:colcon.colcon_core.shell:Creating prefix chain script '/home/magne/ros2_ws/install/setup.zsh'
