-- The C compiler identification is GNU 11.4.0
-- The CXX compiler identification is GNU 11.4.0
-- Detecting C compiler ABI info
-- Detecting C compiler ABI info - done
-- Check for working C compiler: /usr/bin/cc - skipped
-- Detecting C compile features
-- Detecting C compile features - done
-- Detecting CXX compiler ABI info
-- Detecting CXX compiler ABI info - done
-- Check for working CXX compiler: /usr/bin/c++ - skipped
-- Detecting CXX compile features
-- Detecting CXX compile features - done
-- Found ament_cmake: 1.3.11 (/opt/ros/humble/share/ament_cmake/cmake)
-- Found Python3: /usr/bin/python3 (found version "3.10.12") found components: Interpreter 
-- Found rclcpp: 16.0.11 (/opt/ros/humble/share/rclcpp/cmake)
-- Found rosidl_generator_c: 3.1.6 (/opt/ros/humble/share/rosidl_generator_c/cmake)
-- Found rosidl_adapter: 3.1.6 (/opt/ros/humble/share/rosidl_adapter/cmake)
-- Found rosidl_generator_cpp: 3.1.6 (/opt/ros/humble/share/rosidl_generator_cpp/cmake)
-- Using all available rosidl_typesupport_c: rosidl_typesupport_fastrtps_c;rosidl_typesupport_introspection_c
-- Using all available rosidl_typesupport_cpp: rosidl_typesupport_fastrtps_cpp;rosidl_typesupport_introspection_cpp
-- Found rmw_implementation_cmake: 6.1.2 (/opt/ros/humble/share/rmw_implementation_cmake/cmake)
-- Found rmw_fastrtps_cpp: 6.2.7 (/opt/ros/humble/share/rmw_fastrtps_cpp/cmake)
-- Found OpenSSL: /usr/lib/x86_64-linux-gnu/libcrypto.so (found version "3.0.2")  
-- Found FastRTPS: /opt/ros/humble/include  
-- Using RMW implementation 'rmw_fastrtps_cpp' as default
-- Looking for pthread.h
-- Looking for pthread.h - found
-- Performing Test CMAKE_HAVE_LIBC_PTHREAD
-- Performing Test CMAKE_HAVE_LIBC_PTHREAD - Success
-- Found Threads: TRUE  
-- Found tf2_ros: 0.25.12 (/opt/ros/humble/share/tf2_ros/cmake)
-- Found moveit_ros_planning_interface: 2.5.8 (/opt/ros/humble/share/moveit_ros_planning_interface/cmake)
-- Found Boost: /usr/lib/x86_64-linux-gnu/cmake/Boost-1.74.0/BoostConfig.cmake (found version "1.74.0") found components: date_time filesystem program_options system thread 
-- Found Boost: /usr/lib/x86_64-linux-gnu/cmake/Boost-1.74.0/BoostConfig.cmake (found version "1.74.0") found components: chrono date_time filesystem iostreams program_options regex serialization system thread 
-- Found parameter_traits: 0.4.0 (/opt/ros/humble/share/parameter_traits/cmake)
-- Found Eigen3: TRUE (found version "3.4.0") 
-- Found rclcpp_lifecycle: 16.0.11 (/opt/ros/humble/share/rclcpp_lifecycle/cmake)
-- Found Boost: /usr/lib/x86_64-linux-gnu/cmake/Boost-1.74.0/BoostConfig.cmake (found version "1.74.0") found components: filesystem 
-- library: /usr/lib/x86_64-linux-gnu/libcurl.so
-- Ensuring Eigen3 include directory is part of orocos-kdl CMake target
-- Found Boost: /usr/lib/x86_64-linux-gnu/cmake/Boost-1.74.0/BoostConfig.cmake (found version "1.74.0") found components: system filesystem date_time program_options thread chrono 
-- Found Boost: /usr/lib/x86_64-linux-gnu/cmake/Boost-1.74.0/BoostConfig.cmake (found version "1.74.0") found components: thread system filesystem regex date_time program_options 
-- Found Boost: /usr/lib/x86_64-linux-gnu/cmake/Boost-1.74.0/BoostConfig.cmake (found version "1.74.0") found components: system filesystem date_time program_options thread 
-- Found ament_lint_auto: 0.12.11 (/opt/ros/humble/share/ament_lint_auto/cmake)
-- Added test 'cppcheck' to perform static code analysis on C / C++ code
-- Configured cppcheck include dirs: /home/magne/ros2_ws/src/ur5_sem2_scripts/include;$<BUILD_INTERFACE:/home/magne/ros2_ws/src/ur5_sem2_scripts/include>
-- Configured cppcheck exclude dirs and/or files: 
-- Added test 'flake8' to check Python code syntax and style conventions
-- Added test 'lint_cmake' to check CMake code style
-- Added test 'pep257' to check Python code against some of the docstring style conventions in PEP 257
-- Added test 'uncrustify' to check C / C++ code style
-- Configured uncrustify additional arguments: 
-- Added test 'xmllint' to check XML markup files
-- Configuring done
-- Generating done
-- Build files have been written to: /home/magne/ros2_ws/build/ur5_sem2_scripts
[ 21%] [32mBuilding CXX object CMakeFiles/readJoints.dir/src/readJoints.cpp.o[0m
[ 21%] [32mBuilding CXX object CMakeFiles/svejse_frame.dir/src/svejse_frame.cpp.o[0m
[ 21%] [32mBuilding CXX object CMakeFiles/simple_move.dir/src/simple_move.cpp.o[0m
[ 35%] [32mBuilding CXX object CMakeFiles/ChessMoves.dir/src/ChessMoves.cpp.o[0m
[ 35%] [32mBuilding CXX object CMakeFiles/chess_frame.dir/src/chess_frame.cpp.o[0m
[ 42%] [32mBuilding CXX object CMakeFiles/square_move.dir/src/square_move.cpp.o[0m
[ 50%] [32m[1mLinking CXX executable svejse_frame[0m
[ 57%] [32m[1mLinking CXX executable chess_frame[0m
[ 57%] Built target svejse_frame
[ 57%] Built target chess_frame
[ 64%] [32m[1mLinking CXX executable readJoints[0m
[ 64%] Built target readJoints
[ 71%] [32m[1mLinking CXX executable simple_move[0m
[ 71%] Built target simple_move
[ 78%] [32m[1mLinking CXX static library libChessMoves.a[0m
[ 78%] Built target ChessMoves
[ 85%] [32mBuilding CXX object CMakeFiles/robot_main.dir/src/robot_main.cpp.o[0m
[ 92%] [32m[1mLinking CXX executable square_move[0m
[ 92%] Built target square_move
[100%] [32m[1mLinking CXX executable robot_main[0m
[100%] Built target robot_main
-- Install configuration: ""
-- Installing: /home/magne/ros2_ws/install/ur5_sem2_scripts/lib/ur5_sem2_scripts/simple_move
-- Set runtime path of "/home/magne/ros2_ws/install/ur5_sem2_scripts/lib/ur5_sem2_scripts/simple_move" to ""
-- Installing: /home/magne/ros2_ws/install/ur5_sem2_scripts/lib/ur5_sem2_scripts/svejse_frame
-- Set runtime path of "/home/magne/ros2_ws/install/ur5_sem2_scripts/lib/ur5_sem2_scripts/svejse_frame" to ""
-- Installing: /home/magne/ros2_ws/install/ur5_sem2_scripts/lib/ur5_sem2_scripts/chess_frame
-- Set runtime path of "/home/magne/ros2_ws/install/ur5_sem2_scripts/lib/ur5_sem2_scripts/chess_frame" to ""
-- Installing: /home/magne/ros2_ws/install/ur5_sem2_scripts/lib/ur5_sem2_scripts/square_move
-- Set runtime path of "/home/magne/ros2_ws/install/ur5_sem2_scripts/lib/ur5_sem2_scripts/square_move" to ""
-- Installing: /home/magne/ros2_ws/install/ur5_sem2_scripts/lib/ur5_sem2_scripts/readJoints
-- Set runtime path of "/home/magne/ros2_ws/install/ur5_sem2_scripts/lib/ur5_sem2_scripts/readJoints" to ""
-- Installing: /home/magne/ros2_ws/install/ur5_sem2_scripts/lib/ur5_sem2_scripts/robot_main
-- Set runtime path of "/home/magne/ros2_ws/install/ur5_sem2_scripts/lib/ur5_sem2_scripts/robot_main" to ""
-- Installing: /home/magne/ros2_ws/install/ur5_sem2_scripts/lib/ur5_sem2_scripts/libChessMoves.a
-- Installing: /home/magne/ros2_ws/install/ur5_sem2_scripts/share/ur5_sem2_scripts/launch
-- Installing: /home/magne/ros2_ws/install/ur5_sem2_scripts/share/ur5_sem2_scripts/launch/simple_move.launch.py
-- Installing: /home/magne/ros2_ws/install/ur5_sem2_scripts/share/ament_index/resource_index/package_run_dependencies/ur5_sem2_scripts
-- Installing: /home/magne/ros2_ws/install/ur5_sem2_scripts/share/ament_index/resource_index/parent_prefix_path/ur5_sem2_scripts
-- Installing: /home/magne/ros2_ws/install/ur5_sem2_scripts/share/ur5_sem2_scripts/environment/ament_prefix_path.sh
-- Installing: /home/magne/ros2_ws/install/ur5_sem2_scripts/share/ur5_sem2_scripts/environment/ament_prefix_path.dsv
-- Installing: /home/magne/ros2_ws/install/ur5_sem2_scripts/share/ur5_sem2_scripts/environment/path.sh
-- Installing: /home/magne/ros2_ws/install/ur5_sem2_scripts/share/ur5_sem2_scripts/environment/path.dsv
-- Installing: /home/magne/ros2_ws/install/ur5_sem2_scripts/share/ur5_sem2_scripts/local_setup.bash
-- Installing: /home/magne/ros2_ws/install/ur5_sem2_scripts/share/ur5_sem2_scripts/local_setup.sh
-- Installing: /home/magne/ros2_ws/install/ur5_sem2_scripts/share/ur5_sem2_scripts/local_setup.zsh
-- Installing: /home/magne/ros2_ws/install/ur5_sem2_scripts/share/ur5_sem2_scripts/local_setup.dsv
-- Installing: /home/magne/ros2_ws/install/ur5_sem2_scripts/share/ur5_sem2_scripts/package.dsv
-- Installing: /home/magne/ros2_ws/install/ur5_sem2_scripts/share/ament_index/resource_index/packages/ur5_sem2_scripts
-- Installing: /home/magne/ros2_ws/install/ur5_sem2_scripts/share/ur5_sem2_scripts/cmake/ur5_sem2_scriptsConfig.cmake
-- Installing: /home/magne/ros2_ws/install/ur5_sem2_scripts/share/ur5_sem2_scripts/cmake/ur5_sem2_scriptsConfig-version.cmake
-- Installing: /home/magne/ros2_ws/install/ur5_sem2_scripts/share/ur5_sem2_scripts/package.xml
