[0.009s] Invoking command in '/home/magne/ros2_ws/build/ur5_sem2_scripts': CMAKE_PREFIX_PATH=${CMAKE_PREFIX_PATH}:/opt/ros/humble /usr/bin/cmake --build /home/magne/ros2_ws/build/ur5_sem2_scripts -- -j20 -l20
[0.027s] /usr/bin/cmake -S/home/magne/ros2_ws/src/ur5_sem2_scripts -B/home/magne/ros2_ws/build/ur5_sem2_scripts --check-build-system CMakeFiles/Makefile.cmake 0
[0.040s] Re-run cmake file: Makefile older than: /home/magne/ros2_ws/src/ur5_sem2_scripts/CMakeLists.txt
[0.044s] -- Found ament_cmake: 1.3.11 (/opt/ros/humble/share/ament_cmake/cmake)
[0.156s] -- Found rclcpp: 16.0.11 (/opt/ros/humble/share/rclcpp/cmake)
[0.175s] -- Found rosidl_generator_c: 3.1.6 (/opt/ros/humble/share/rosidl_generator_c/cmake)
[0.181s] -- Found rosidl_adapter: 3.1.6 (/opt/ros/humble/share/rosidl_adapter/cmake)
[0.184s] -- Found rosidl_generator_cpp: 3.1.6 (/opt/ros/humble/share/rosidl_generator_cpp/cmake)
[0.191s] -- Using all available rosidl_typesupport_c: rosidl_typesupport_fastrtps_c;rosidl_typesupport_introspection_c
[0.199s] -- Using all available rosidl_typesupport_cpp: rosidl_typesupport_fastrtps_cpp;rosidl_typesupport_introspection_cpp
[0.224s] -- Found rmw_implementation_cmake: 6.1.2 (/opt/ros/humble/share/rmw_implementation_cmake/cmake)
[0.226s] -- Found rmw_fastrtps_cpp: 6.2.7 (/opt/ros/humble/share/rmw_fastrtps_cpp/cmake)
[0.303s] -- Using RMW implementation 'rmw_fastrtps_cpp' as default
[0.343s] -- Found tf2_ros: 0.25.12 (/opt/ros/humble/share/tf2_ros/cmake)
[0.412s] -- Found moveit_ros_planning_interface: 2.5.8 (/opt/ros/humble/share/moveit_ros_planning_interface/cmake)
[0.424s] -- Found Boost: /usr/lib/x86_64-linux-gnu/cmake/Boost-1.74.0/BoostConfig.cmake (found version "1.74.0") found components: date_time filesystem program_options system thread 
[0.522s] -- Found Boost: /usr/lib/x86_64-linux-gnu/cmake/Boost-1.74.0/BoostConfig.cmake (found version "1.74.0") found components: chrono date_time filesystem iostreams program_options regex serialization system thread 
[0.541s] -- Found parameter_traits: 0.4.0 (/opt/ros/humble/share/parameter_traits/cmake)
[0.548s] -- Found rclcpp_lifecycle: 16.0.11 (/opt/ros/humble/share/rclcpp_lifecycle/cmake)
[0.564s] -- Found Boost: /usr/lib/x86_64-linux-gnu/cmake/Boost-1.74.0/BoostConfig.cmake (found version "1.74.0") found components: filesystem 
[0.588s] -- library: /usr/lib/x86_64-linux-gnu/libcurl.so
[0.606s] -- Ensuring Eigen3 include directory is part of orocos-kdl CMake target
[0.647s] -- Found Boost: /usr/lib/x86_64-linux-gnu/cmake/Boost-1.74.0/BoostConfig.cmake (found version "1.74.0") found components: system filesystem date_time program_options thread chrono 
[0.670s] -- Found Boost: /usr/lib/x86_64-linux-gnu/cmake/Boost-1.74.0/BoostConfig.cmake (found version "1.74.0") found components: thread system filesystem regex date_time program_options 
[0.685s] -- Found Boost: /usr/lib/x86_64-linux-gnu/cmake/Boost-1.74.0/BoostConfig.cmake (found version "1.74.0") found components: system filesystem date_time program_options thread 
[0.716s] -- Found ament_lint_auto: 0.12.11 (/opt/ros/humble/share/ament_lint_auto/cmake)
[0.774s] -- Added test 'cppcheck' to perform static code analysis on C / C++ code
[0.774s] -- Configured cppcheck include dirs: /home/magne/ros2_ws/src/ur5_sem2_scripts/include
[0.774s] -- Configured cppcheck exclude dirs and/or files: 
[0.774s] -- Added test 'flake8' to check Python code syntax and style conventions
[0.774s] -- Added test 'lint_cmake' to check CMake code style
[0.774s] -- Added test 'pep257' to check Python code against some of the docstring style conventions in PEP 257
[0.775s] -- Added test 'uncrustify' to check C / C++ code style
[0.775s] -- Configured uncrustify additional arguments: 
[0.775s] -- Added test 'xmllint' to check XML markup files
[0.775s] -- Configuring done
[0.814s] -- Generating done
[0.833s] -- Build files have been written to: /home/magne/ros2_ws/build/ur5_sem2_scripts
[0.842s] /usr/bin/cmake -E cmake_progress_start /home/magne/ros2_ws/build/ur5_sem2_scripts/CMakeFiles /home/magne/ros2_ws/build/ur5_sem2_scripts//CMakeFiles/progress.marks
[0.850s] /usr/bin/gmake  -f CMakeFiles/Makefile2 all
[0.851s] gmake[1]: Entering directory '/home/magne/ros2_ws/build/ur5_sem2_scripts'
[0.851s] /usr/bin/gmake  -f CMakeFiles/ChessMoves.dir/build.make CMakeFiles/ChessMoves.dir/depend
[0.851s] /usr/bin/gmake  -f CMakeFiles/simple_move.dir/build.make CMakeFiles/simple_move.dir/depend
[0.851s] /usr/bin/gmake  -f CMakeFiles/svejse_frame.dir/build.make CMakeFiles/svejse_frame.dir/depend
[0.852s] /usr/bin/gmake  -f CMakeFiles/chess_frame.dir/build.make CMakeFiles/chess_frame.dir/depend
[0.852s] /usr/bin/gmake  -f CMakeFiles/square_move.dir/build.make CMakeFiles/square_move.dir/depend
[0.852s] /usr/bin/gmake  -f CMakeFiles/readJoints.dir/build.make CMakeFiles/readJoints.dir/depend
[0.852s] gmake[2]: Entering directory '/home/magne/ros2_ws/build/ur5_sem2_scripts'
[0.852s] cd /home/magne/ros2_ws/build/ur5_sem2_scripts && /usr/bin/cmake -E cmake_depends "Unix Makefiles" /home/magne/ros2_ws/src/ur5_sem2_scripts /home/magne/ros2_ws/src/ur5_sem2_scripts /home/magne/ros2_ws/build/ur5_sem2_scripts /home/magne/ros2_ws/build/ur5_sem2_scripts /home/magne/ros2_ws/build/ur5_sem2_scripts/CMakeFiles/ChessMoves.dir/DependInfo.cmake --color=
[0.853s] gmake[2]: Entering directory '/home/magne/ros2_ws/build/ur5_sem2_scripts'
[0.853s] cd /home/magne/ros2_ws/build/ur5_sem2_scripts && /usr/bin/cmake -E cmake_depends "Unix Makefiles" /home/magne/ros2_ws/src/ur5_sem2_scripts /home/magne/ros2_ws/src/ur5_sem2_scripts /home/magne/ros2_ws/build/ur5_sem2_scripts /home/magne/ros2_ws/build/ur5_sem2_scripts /home/magne/ros2_ws/build/ur5_sem2_scripts/CMakeFiles/square_move.dir/DependInfo.cmake --color=
[0.853s] gmake[2]: Entering directory '/home/magne/ros2_ws/build/ur5_sem2_scripts'
[0.853s] cd /home/magne/ros2_ws/build/ur5_sem2_scripts && /usr/bin/cmake -E cmake_depends "Unix Makefiles" /home/magne/ros2_ws/src/ur5_sem2_scripts /home/magne/ros2_ws/src/ur5_sem2_scripts /home/magne/ros2_ws/build/ur5_sem2_scripts /home/magne/ros2_ws/build/ur5_sem2_scripts /home/magne/ros2_ws/build/ur5_sem2_scripts/CMakeFiles/chess_frame.dir/DependInfo.cmake --color=
[0.853s] gmake[2]: Entering directory '/home/magne/ros2_ws/build/ur5_sem2_scripts'
[0.853s] cd /home/magne/ros2_ws/build/ur5_sem2_scripts && /usr/bin/cmake -E cmake_depends "Unix Makefiles" /home/magne/ros2_ws/src/ur5_sem2_scripts /home/magne/ros2_ws/src/ur5_sem2_scripts /home/magne/ros2_ws/build/ur5_sem2_scripts /home/magne/ros2_ws/build/ur5_sem2_scripts /home/magne/ros2_ws/build/ur5_sem2_scripts/CMakeFiles/simple_move.dir/DependInfo.cmake --color=
[0.853s] gmake[2]: Entering directory '/home/magne/ros2_ws/build/ur5_sem2_scripts'
[0.853s] cd /home/magne/ros2_ws/build/ur5_sem2_scripts && /usr/bin/cmake -E cmake_depends "Unix Makefiles" /home/magne/ros2_ws/src/ur5_sem2_scripts /home/magne/ros2_ws/src/ur5_sem2_scripts /home/magne/ros2_ws/build/ur5_sem2_scripts /home/magne/ros2_ws/build/ur5_sem2_scripts /home/magne/ros2_ws/build/ur5_sem2_scripts/CMakeFiles/svejse_frame.dir/DependInfo.cmake --color=
[0.854s] gmake[2]: Entering directory '/home/magne/ros2_ws/build/ur5_sem2_scripts'
[0.854s] cd /home/magne/ros2_ws/build/ur5_sem2_scripts && /usr/bin/cmake -E cmake_depends "Unix Makefiles" /home/magne/ros2_ws/src/ur5_sem2_scripts /home/magne/ros2_ws/src/ur5_sem2_scripts /home/magne/ros2_ws/build/ur5_sem2_scripts /home/magne/ros2_ws/build/ur5_sem2_scripts /home/magne/ros2_ws/build/ur5_sem2_scripts/CMakeFiles/readJoints.dir/DependInfo.cmake --color=
[0.858s] Dependencies file "CMakeFiles/chess_frame.dir/src/chess_frame.cpp.o.d" is newer than depends file "/home/magne/ros2_ws/build/ur5_sem2_scripts/CMakeFiles/chess_frame.dir/compiler_depend.internal".
[0.858s] Dependencies file "CMakeFiles/simple_move.dir/src/simple_move.cpp.o.d" is newer than depends file "/home/magne/ros2_ws/build/ur5_sem2_scripts/CMakeFiles/simple_move.dir/compiler_depend.internal".
[0.858s] [35m[1mConsolidate compiler generated dependencies of target chess_frame[0m
[0.858s] Dependencies file "CMakeFiles/svejse_frame.dir/src/svejse_frame.cpp.o.d" is newer than depends file "/home/magne/ros2_ws/build/ur5_sem2_scripts/CMakeFiles/svejse_frame.dir/compiler_depend.internal".
[0.858s] Dependencies file "CMakeFiles/ChessMoves.dir/src/ChessMoves.cpp.o.d" is newer than depends file "/home/magne/ros2_ws/build/ur5_sem2_scripts/CMakeFiles/ChessMoves.dir/compiler_depend.internal".
[0.859s] Dependencies file "CMakeFiles/square_move.dir/src/square_move.cpp.o.d" is newer than depends file "/home/magne/ros2_ws/build/ur5_sem2_scripts/CMakeFiles/square_move.dir/compiler_depend.internal".
[0.859s] Dependencies file "CMakeFiles/readJoints.dir/src/readJoints.cpp.o.d" is newer than depends file "/home/magne/ros2_ws/build/ur5_sem2_scripts/CMakeFiles/readJoints.dir/compiler_depend.internal".
[0.859s] [35m[1mConsolidate compiler generated dependencies of target simple_move[0m
[0.859s] [35m[1mConsolidate compiler generated dependencies of target svejse_frame[0m
[0.859s] [35m[1mConsolidate compiler generated dependencies of target square_move[0m
[0.860s] [35m[1mConsolidate compiler generated dependencies of target ChessMoves[0m
[0.860s] [35m[1mConsolidate compiler generated dependencies of target readJoints[0m
[0.861s] gmake[2]: Leaving directory '/home/magne/ros2_ws/build/ur5_sem2_scripts'
[0.861s] /usr/bin/gmake  -f CMakeFiles/chess_frame.dir/build.make CMakeFiles/chess_frame.dir/build
[0.864s] gmake[2]: Leaving directory '/home/magne/ros2_ws/build/ur5_sem2_scripts'
[0.865s] /usr/bin/gmake  -f CMakeFiles/svejse_frame.dir/build.make CMakeFiles/svejse_frame.dir/build
[0.865s] gmake[2]: Leaving directory '/home/magne/ros2_ws/build/ur5_sem2_scripts'
[0.865s] /usr/bin/gmake  -f CMakeFiles/simple_move.dir/build.make CMakeFiles/simple_move.dir/build
[0.867s] gmake[2]: Leaving directory '/home/magne/ros2_ws/build/ur5_sem2_scripts'
[0.867s] gmake[2]: Leaving directory '/home/magne/ros2_ws/build/ur5_sem2_scripts'
[0.867s] /usr/bin/gmake  -f CMakeFiles/square_move.dir/build.make CMakeFiles/square_move.dir/build
[0.867s] gmake[2]: Leaving directory '/home/magne/ros2_ws/build/ur5_sem2_scripts'
[0.867s] /usr/bin/gmake  -f CMakeFiles/ChessMoves.dir/build.make CMakeFiles/ChessMoves.dir/build
[0.867s] /usr/bin/gmake  -f CMakeFiles/readJoints.dir/build.make CMakeFiles/readJoints.dir/build
[0.867s] gmake[2]: Entering directory '/home/magne/ros2_ws/build/ur5_sem2_scripts'
[0.867s] gmake[2]: Nothing to be done for 'CMakeFiles/chess_frame.dir/build'.
[0.867s] gmake[2]: Leaving directory '/home/magne/ros2_ws/build/ur5_sem2_scripts'
[0.870s] gmake[2]: Entering directory '/home/magne/ros2_ws/build/ur5_sem2_scripts'
[0.870s] gmake[2]: Nothing to be done for 'CMakeFiles/svejse_frame.dir/build'.
[0.870s] gmake[2]: Leaving directory '/home/magne/ros2_ws/build/ur5_sem2_scripts'
[0.871s] gmake[2]: Entering directory '/home/magne/ros2_ws/build/ur5_sem2_scripts'
[0.871s] gmake[2]: Nothing to be done for 'CMakeFiles/simple_move.dir/build'.
[0.871s] gmake[2]: Leaving directory '/home/magne/ros2_ws/build/ur5_sem2_scripts'
[0.873s] [ 13%] Built target chess_frame
[0.874s] gmake[2]: Entering directory '/home/magne/ros2_ws/build/ur5_sem2_scripts'
[0.874s] gmake[2]: Entering directory '/home/magne/ros2_ws/build/ur5_sem2_scripts'
[0.874s] gmake[2]: Nothing to be done for 'CMakeFiles/readJoints.dir/build'.
[0.874s] gmake[2]: Nothing to be done for 'CMakeFiles/square_move.dir/build'.
[0.874s] gmake[2]: Leaving directory '/home/magne/ros2_ws/build/ur5_sem2_scripts'
[0.874s] gmake[2]: Leaving directory '/home/magne/ros2_ws/build/ur5_sem2_scripts'
[0.874s] gmake[2]: Entering directory '/home/magne/ros2_ws/build/ur5_sem2_scripts'
[0.876s] [ 33%] Built target simple_move
[0.877s] [ 40%] Built target svejse_frame
[0.879s] [ 73%] Built target square_move
[0.880s] [ 73%] [32mBuilding CXX object CMakeFiles/ChessMoves.dir/src/ChessMoves.cpp.o[0m
[0.880s] [ 73%] Built target readJoints
[0.880s] /usr/bin/c++ -DBOOST_ALL_NO_LIB -DBOOST_ATOMIC_DYN_LINK -DBOOST_CHRONO_DYN_LINK -DBOOST_DATE_TIME_DYN_LINK -DBOOST_FILESYSTEM_DYN_LINK -DBOOST_IOSTREAMS_DYN_LINK -DBOOST_PROGRAM_OPTIONS_DYN_LINK -DBOOST_REGEX_DYN_LINK -DBOOST_SERIALIZATION_DYN_LINK -DBOOST_SYSTEM_DYN_LINK -DBOOST_THREAD_DYN_LINK -DDEFAULT_RMW_IMPLEMENTATION=rmw_fastrtps_cpp -DFMT_LOCALE -DFMT_SHARED -DRCUTILS_ENABLE_FAULT_INJECTION -I/home/magne/ros2_ws/src/ur5_sem2_scripts/include -isystem /opt/ros/humble/include/rclcpp -isystem /opt/ros/humble/include -isystem /opt/ros/humble/include/geometry_msgs -isystem /opt/ros/humble/include/tf2_ros -isystem /opt/ros/humble/include/std_msgs -isystem /opt/ros/humble/include/ament_index_cpp -isystem /opt/ros/humble/include/libstatistics_collector -isystem /opt/ros/humble/include/builtin_interfaces -isystem /opt/ros/humble/include/rosidl_runtime_c -isystem /opt/ros/humble/include/rcutils -isystem /opt/ros/humble/include/rosidl_typesupport_interface -isystem /opt/ros/humble/include/fastcdr -isystem /opt/ros/humble/include/rosidl_runtime_cpp -isystem /opt/ros/humble/include/rosidl_typesupport_fastrtps_cpp -isystem /opt/ros/humble/include/rmw -isystem /opt/ros/humble/include/rosidl_typesupport_fastrtps_c -isystem /opt/ros/humble/include/rosidl_typesupport_introspection_c -isystem /opt/ros/humble/include/rosidl_typesupport_introspection_cpp -isystem /opt/ros/humble/include/rcl -isystem /opt/ros/humble/include/rcl_interfaces -isystem /opt/ros/humble/include/rcl_logging_interface -isystem /opt/ros/humble/include/rcl_yaml_param_parser -isystem /opt/ros/humble/include/libyaml_vendor -isystem /opt/ros/humble/include/tracetools -isystem /opt/ros/humble/include/rcpputils -isystem /opt/ros/humble/include/statistics_msgs -isystem /opt/ros/humble/include/rosgraph_msgs -isystem /opt/ros/humble/include/rosidl_typesupport_cpp -isystem /opt/ros/humble/include/rosidl_typesupport_c -isystem /opt/ros/humble/include/urdf -isystem /opt/ros/humble/include/urdf_parser_plugin -isystem /opt/ros/humble/include/urdfdom_headers -isystem /opt/ros/humble/include/urdfdom -isystem /opt/ros/humble/include/pluginlib -isystem /opt/ros/humble/include/class_loader -isystem /opt/ros/humble/include/srdfdom -isystem /usr/include/bullet -isystem /opt/ros/humble/include/visualization_msgs -isystem /opt/ros/humble/include/sensor_msgs -isystem /opt/ros/humble/include/octomap_msgs -isystem /opt/ros/humble/include/eigen_stl_containers -isystem /usr/include/eigen3 -isystem /opt/ros/humble/include/tf2_eigen -isystem /opt/ros/humble/include/tf2 -isystem /opt/ros/humble/include/message_filters -isystem /opt/ros/humble/include/rclcpp_action -isystem /opt/ros/humble/include/action_msgs -isystem /opt/ros/humble/include/unique_identifier_msgs -isystem /opt/ros/humble/include/rcl_action -isystem /opt/ros/humble/include/tf2_msgs -isystem /opt/ros/humble/include/geometric_shapes -isystem /opt/ros/humble/include/resource_retriever -isystem /opt/ros/humble/include/shape_msgs -isystem /opt/ros/humble/include/tf2_geometry_msgs -isystem /opt/ros/humble/include/angles -isystem /opt/ros/humble/include/moveit_msgs -isystem /opt/ros/humble/include/object_recognition_msgs -isystem /opt/ros/humble/include/trajectory_msgs -isystem /opt/ros/humble/include/parameter_traits -isystem /opt/ros/humble/include/rsl -isystem /opt/ros/humble/include/rclcpp_lifecycle -isystem /opt/ros/humble/include/rcl_lifecycle -isystem /opt/ros/humble/include/lifecycle_msgs -isystem /opt/ros/humble/include/kdl_parser -isystem /opt/ros/humble/include/std_srvs -Wall -Wextra -Wpedantic -MD -MT CMakeFiles/ChessMoves.dir/src/ChessMoves.cpp.o -MF CMakeFiles/ChessMoves.dir/src/ChessMoves.cpp.o.d -o CMakeFiles/ChessMoves.dir/src/ChessMoves.cpp.o -c /home/magne/ros2_ws/src/ur5_sem2_scripts/src/ChessMoves.cpp
[0.887s] [01m[K/home/magne/ros2_ws/src/ur5_sem2_scripts/src/ChessMoves.cpp:1:10:[m[K [01;31m[Kfatal error: [m[KChessMoves.hpp: No such file or directory
[0.887s]     1 | #include [01;31m[K"ChessMoves.hpp"[m[K
[0.887s]       |          [01;31m[K^~~~~~~~~~~~~~~~[m[K
[0.888s] compilation terminated.
[0.888s] gmake[2]: *** [CMakeFiles/ChessMoves.dir/build.make:79: CMakeFiles/ChessMoves.dir/src/ChessMoves.cpp.o] Error 1
[0.888s] gmake[2]: Leaving directory '/home/magne/ros2_ws/build/ur5_sem2_scripts'
[0.888s] gmake[1]: *** [CMakeFiles/Makefile2:152: CMakeFiles/ChessMoves.dir/all] Error 2
[0.889s] gmake[1]: Leaving directory '/home/magne/ros2_ws/build/ur5_sem2_scripts'
[0.889s] gmake: *** [Makefile:149: all] Error 2
[0.893s] Invoked command in '/home/magne/ros2_ws/build/ur5_sem2_scripts' returned '2': CMAKE_PREFIX_PATH=${CMAKE_PREFIX_PATH}:/opt/ros/humble /usr/bin/cmake --build /home/magne/ros2_ws/build/ur5_sem2_scripts -- -j20 -l20
