[0.007s] Invoking command in '/home/magne/ros2_ws/build/trac_ik': AMENT_PREFIX_PATH=/home/magne/ros2_ws/install/trac_ik_kinematics:/home/magne/ros2_ws/install/trac_ik_examples:/home/magne/ros2_ws/install/trac_ik_lib:${AMENT_PREFIX_PATH} CMAKE_PREFIX_PATH=/home/magne/ros2_ws/install/trac_ik_kinematics:/home/magne/ros2_ws/install/trac_ik_examples:/home/magne/ros2_ws/install/trac_ik_lib:/home/magne/ros2_ws/install/ur5_sem2_scripts:/opt/ros/humble LD_LIBRARY_PATH=/home/magne/ros2_ws/install/trac_ik_kinematics/lib:/home/magne/ros2_ws/install/trac_ik_lib/lib:${LD_LIBRARY_PATH} /usr/bin/cmake /home/magne/ros2_ws/src/trac_ik/trac_ik -DCMAKE_INSTALL_PREFIX=/home/magne/ros2_ws/install/trac_ik
[0.055s] -- The C compiler identification is GNU 11.4.0
[0.101s] -- The CXX compiler identification is GNU 11.4.0
[0.111s] -- Detecting C compiler ABI info
[0.172s] -- Detecting C compiler ABI info - done
[0.175s] -- Check for working C compiler: /usr/bin/cc - skipped
[0.175s] -- Detecting C compile features
[0.175s] -- Detecting C compile features - done
[0.177s] -- Detecting CXX compiler ABI info
[0.238s] -- Detecting CXX compiler ABI info - done
[0.243s] -- Check for working CXX compiler: /usr/bin/c++ - skipped
[0.243s] -- Detecting CXX compile features
[0.244s] -- Detecting CXX compile features - done
[0.246s] -- Found ament_cmake: 1.3.11 (/opt/ros/humble/share/ament_cmake/cmake)
[0.385s] -- Found Python3: /usr/bin/python3 (found version "3.10.12") found components: Interpreter 
[0.526s] -- Configuring done
[0.527s] -- Generating done
[0.528s] -- Build files have been written to: /home/magne/ros2_ws/build/trac_ik
[0.532s] Invoked command in '/home/magne/ros2_ws/build/trac_ik' returned '0': AMENT_PREFIX_PATH=/home/magne/ros2_ws/install/trac_ik_kinematics:/home/magne/ros2_ws/install/trac_ik_examples:/home/magne/ros2_ws/install/trac_ik_lib:${AMENT_PREFIX_PATH} CMAKE_PREFIX_PATH=/home/magne/ros2_ws/install/trac_ik_kinematics:/home/magne/ros2_ws/install/trac_ik_examples:/home/magne/ros2_ws/install/trac_ik_lib:/home/magne/ros2_ws/install/ur5_sem2_scripts:/opt/ros/humble LD_LIBRARY_PATH=/home/magne/ros2_ws/install/trac_ik_kinematics/lib:/home/magne/ros2_ws/install/trac_ik_lib/lib:${LD_LIBRARY_PATH} /usr/bin/cmake /home/magne/ros2_ws/src/trac_ik/trac_ik -DCMAKE_INSTALL_PREFIX=/home/magne/ros2_ws/install/trac_ik
[0.533s] Invoking command in '/home/magne/ros2_ws/build/trac_ik': AMENT_PREFIX_PATH=/home/magne/ros2_ws/install/trac_ik_kinematics:/home/magne/ros2_ws/install/trac_ik_examples:/home/magne/ros2_ws/install/trac_ik_lib:${AMENT_PREFIX_PATH} CMAKE_PREFIX_PATH=/home/magne/ros2_ws/install/trac_ik_kinematics:/home/magne/ros2_ws/install/trac_ik_examples:/home/magne/ros2_ws/install/trac_ik_lib:/home/magne/ros2_ws/install/ur5_sem2_scripts:/opt/ros/humble LD_LIBRARY_PATH=/home/magne/ros2_ws/install/trac_ik_kinematics/lib:/home/magne/ros2_ws/install/trac_ik_lib/lib:${LD_LIBRARY_PATH} /usr/bin/cmake --build /home/magne/ros2_ws/build/trac_ik -- -j20 -l20
[0.564s] Invoked command in '/home/magne/ros2_ws/build/trac_ik' returned '0': AMENT_PREFIX_PATH=/home/magne/ros2_ws/install/trac_ik_kinematics:/home/magne/ros2_ws/install/trac_ik_examples:/home/magne/ros2_ws/install/trac_ik_lib:${AMENT_PREFIX_PATH} CMAKE_PREFIX_PATH=/home/magne/ros2_ws/install/trac_ik_kinematics:/home/magne/ros2_ws/install/trac_ik_examples:/home/magne/ros2_ws/install/trac_ik_lib:/home/magne/ros2_ws/install/ur5_sem2_scripts:/opt/ros/humble LD_LIBRARY_PATH=/home/magne/ros2_ws/install/trac_ik_kinematics/lib:/home/magne/ros2_ws/install/trac_ik_lib/lib:${LD_LIBRARY_PATH} /usr/bin/cmake --build /home/magne/ros2_ws/build/trac_ik -- -j20 -l20
[0.565s] Invoking command in '/home/magne/ros2_ws/build/trac_ik': AMENT_PREFIX_PATH=/home/magne/ros2_ws/install/trac_ik_kinematics:/home/magne/ros2_ws/install/trac_ik_examples:/home/magne/ros2_ws/install/trac_ik_lib:${AMENT_PREFIX_PATH} CMAKE_PREFIX_PATH=/home/magne/ros2_ws/install/trac_ik_kinematics:/home/magne/ros2_ws/install/trac_ik_examples:/home/magne/ros2_ws/install/trac_ik_lib:/home/magne/ros2_ws/install/ur5_sem2_scripts:/opt/ros/humble LD_LIBRARY_PATH=/home/magne/ros2_ws/install/trac_ik_kinematics/lib:/home/magne/ros2_ws/install/trac_ik_lib/lib:${LD_LIBRARY_PATH} /usr/bin/cmake --install /home/magne/ros2_ws/build/trac_ik
[0.570s] -- Install configuration: ""
[0.570s] -- Installing: /home/magne/ros2_ws/install/trac_ik/share/ament_index/resource_index/package_run_dependencies/trac_ik
[0.571s] -- Installing: /home/magne/ros2_ws/install/trac_ik/share/ament_index/resource_index/parent_prefix_path/trac_ik
[0.571s] -- Installing: /home/magne/ros2_ws/install/trac_ik/share/trac_ik/environment/ament_prefix_path.sh
[0.571s] -- Installing: /home/magne/ros2_ws/install/trac_ik/share/trac_ik/environment/ament_prefix_path.dsv
[0.571s] -- Installing: /home/magne/ros2_ws/install/trac_ik/share/trac_ik/environment/path.sh
[0.571s] -- Installing: /home/magne/ros2_ws/install/trac_ik/share/trac_ik/environment/path.dsv
[0.571s] -- Installing: /home/magne/ros2_ws/install/trac_ik/share/trac_ik/local_setup.bash
[0.571s] -- Installing: /home/magne/ros2_ws/install/trac_ik/share/trac_ik/local_setup.sh
[0.571s] -- Installing: /home/magne/ros2_ws/install/trac_ik/share/trac_ik/local_setup.zsh
[0.571s] -- Installing: /home/magne/ros2_ws/install/trac_ik/share/trac_ik/local_setup.dsv
[0.571s] -- Installing: /home/magne/ros2_ws/install/trac_ik/share/trac_ik/package.dsv
[0.571s] -- Installing: /home/magne/ros2_ws/install/trac_ik/share/ament_index/resource_index/packages/trac_ik
[0.571s] -- Installing: /home/magne/ros2_ws/install/trac_ik/share/trac_ik/cmake/trac_ikConfig.cmake
[0.571s] -- Installing: /home/magne/ros2_ws/install/trac_ik/share/trac_ik/cmake/trac_ikConfig-version.cmake
[0.571s] -- Installing: /home/magne/ros2_ws/install/trac_ik/share/trac_ik/package.xml
[0.573s] Invoked command in '/home/magne/ros2_ws/build/trac_ik' returned '0': AMENT_PREFIX_PATH=/home/magne/ros2_ws/install/trac_ik_kinematics:/home/magne/ros2_ws/install/trac_ik_examples:/home/magne/ros2_ws/install/trac_ik_lib:${AMENT_PREFIX_PATH} CMAKE_PREFIX_PATH=/home/magne/ros2_ws/install/trac_ik_kinematics:/home/magne/ros2_ws/install/trac_ik_examples:/home/magne/ros2_ws/install/trac_ik_lib:/home/magne/ros2_ws/install/ur5_sem2_scripts:/opt/ros/humble LD_LIBRARY_PATH=/home/magne/ros2_ws/install/trac_ik_kinematics/lib:/home/magne/ros2_ws/install/trac_ik_lib/lib:${LD_LIBRARY_PATH} /usr/bin/cmake --install /home/magne/ros2_ws/build/trac_ik
