[0.012s] Invoking command in '/home/magne/ros2_ws/build/trac_ik_lib': CMAKE_PREFIX_PATH=${CMAKE_PREFIX_PATH}:/opt/ros/humble /usr/bin/cmake --build /home/magne/ros2_ws/build/trac_ik_lib -- -j20 -l20
[0.065s] [100%] Built target trac_ik_lib
[0.080s] Invoked command in '/home/magne/ros2_ws/build/trac_ik_lib' returned '0': CMAKE_PREFIX_PATH=${CMAKE_PREFIX_PATH}:/opt/ros/humble /usr/bin/cmake --build /home/magne/ros2_ws/build/trac_ik_lib -- -j20 -l20
[0.088s] Invoking command in '/home/magne/ros2_ws/build/trac_ik_lib': CMAKE_PREFIX_PATH=${CMAKE_PREFIX_PATH}:/opt/ros/humble /usr/bin/cmake --install /home/magne/ros2_ws/build/trac_ik_lib
[0.093s] -- Install configuration: ""
[0.093s] -- Up-to-date: /home/magne/ros2_ws/install/trac_ik_lib/share/trac_ik_lib/environment/library_path.sh
[0.093s] -- Up-to-date: /home/magne/ros2_ws/install/trac_ik_lib/share/trac_ik_lib/environment/library_path.dsv
[0.093s] -- Up-to-date: /home/magne/ros2_ws/install/trac_ik_lib/include
[0.093s] -- Up-to-date: /home/magne/ros2_ws/install/trac_ik_lib/include/trac_ik
[0.093s] -- Up-to-date: /home/magne/ros2_ws/install/trac_ik_lib/include/trac_ik/dual_quaternion.h
[0.093s] -- Up-to-date: /home/magne/ros2_ws/install/trac_ik_lib/include/trac_ik/math3d.h
[0.093s] -- Up-to-date: /home/magne/ros2_ws/install/trac_ik_lib/include/trac_ik/visibility_control.hpp
[0.093s] -- Up-to-date: /home/magne/ros2_ws/install/trac_ik_lib/include/trac_ik/trac_ik.hpp
[0.093s] -- Up-to-date: /home/magne/ros2_ws/install/trac_ik_lib/include/trac_ik/kdl_tl.hpp
[0.093s] -- Up-to-date: /home/magne/ros2_ws/install/trac_ik_lib/include/trac_ik/nlopt_ik.hpp
[0.093s] -- Up-to-date: /home/magne/ros2_ws/install/trac_ik_lib/lib/libtrac_ik_lib.so
[0.093s] -- Up-to-date: /home/magne/ros2_ws/install/trac_ik_lib/share/ament_index/resource_index/package_run_dependencies/trac_ik_lib
[0.093s] -- Up-to-date: /home/magne/ros2_ws/install/trac_ik_lib/share/ament_index/resource_index/parent_prefix_path/trac_ik_lib
[0.093s] -- Up-to-date: /home/magne/ros2_ws/install/trac_ik_lib/share/trac_ik_lib/environment/ament_prefix_path.sh
[0.093s] -- Up-to-date: /home/magne/ros2_ws/install/trac_ik_lib/share/trac_ik_lib/environment/ament_prefix_path.dsv
[0.093s] -- Up-to-date: /home/magne/ros2_ws/install/trac_ik_lib/share/trac_ik_lib/environment/path.sh
[0.093s] -- Up-to-date: /home/magne/ros2_ws/install/trac_ik_lib/share/trac_ik_lib/environment/path.dsv
[0.093s] -- Up-to-date: /home/magne/ros2_ws/install/trac_ik_lib/share/trac_ik_lib/local_setup.bash
[0.093s] -- Up-to-date: /home/magne/ros2_ws/install/trac_ik_lib/share/trac_ik_lib/local_setup.sh
[0.093s] -- Up-to-date: /home/magne/ros2_ws/install/trac_ik_lib/share/trac_ik_lib/local_setup.zsh
[0.093s] -- Up-to-date: /home/magne/ros2_ws/install/trac_ik_lib/share/trac_ik_lib/local_setup.dsv
[0.093s] -- Installing: /home/magne/ros2_ws/install/trac_ik_lib/share/trac_ik_lib/package.dsv
[0.093s] -- Up-to-date: /home/magne/ros2_ws/install/trac_ik_lib/share/ament_index/resource_index/packages/trac_ik_lib
[0.094s] -- Up-to-date: /home/magne/ros2_ws/install/trac_ik_lib/share/trac_ik_lib/cmake/export_trac_ik_libExport.cmake
[0.094s] -- Up-to-date: /home/magne/ros2_ws/install/trac_ik_lib/share/trac_ik_lib/cmake/export_trac_ik_libExport-noconfig.cmake
[0.094s] -- Up-to-date: /home/magne/ros2_ws/install/trac_ik_lib/share/trac_ik_lib/cmake/ament_cmake_export_targets-extras.cmake
[0.094s] -- Up-to-date: /home/magne/ros2_ws/install/trac_ik_lib/share/trac_ik_lib/cmake/ament_cmake_export_dependencies-extras.cmake
[0.094s] -- Up-to-date: /home/magne/ros2_ws/install/trac_ik_lib/share/trac_ik_lib/cmake/trac_ik_libConfig.cmake
[0.094s] -- Up-to-date: /home/magne/ros2_ws/install/trac_ik_lib/share/trac_ik_lib/cmake/trac_ik_libConfig-version.cmake
[0.094s] -- Up-to-date: /home/magne/ros2_ws/install/trac_ik_lib/share/trac_ik_lib/package.xml
[0.095s] Invoked command in '/home/magne/ros2_ws/build/trac_ik_lib' returned '0': CMAKE_PREFIX_PATH=${CMAKE_PREFIX_PATH}:/opt/ros/humble /usr/bin/cmake --install /home/magne/ros2_ws/build/trac_ik_lib
