[01m[K/home/magne/ros2_ws/src/ur5_sem2_scripts/src/ChessMoves.cpp:[m[K In member function ‘[01m[Kbool ChessMoves::playercapture(moveStruct, double (*)[4])[m[K’:
[01m[K/home/magne/ros2_ws/src/ur5_sem2_scripts/src/ChessMoves.cpp:264:56:[m[K [01;35m[Kwarning: [m[Kunused parameter ‘[01m[KTFchess[m[K’ [[01;35m[K]8;;https://gcc.gnu.org/onlinedocs/gcc/Warning-Options.html#index-Wunused-parameter-Wunused-parameter]8;;[m[K]
  264 | bool ChessMoves::playercapture(moveStruct move, [01;35m[Kdouble TFchess[4][4][m[K) {
      |                                                 [01;35m[K~~~~~~~^~~~~~~~~~~~~[m[K
[01m[K/home/magne/ros2_ws/src/ur5_sem2_scripts/src/ChessMoves.cpp:[m[K In member function ‘[01m[Kbool ChessMoves::execute_move(double*, double*)[m[K’:
[01m[K/home/magne/ros2_ws/src/ur5_sem2_scripts/src/ChessMoves.cpp:359:18:[m[K [01;31m[Kerror: [m[Kredeclaration of ‘[01m[Kconst double jump_threshold[m[K’
  359 |     const double [01;31m[Kjump_threshold[m[K = 0.0; // No jump threshold for now
      |                  [01;31m[K^~~~~~~~~~~~~~[m[K
[01m[K/home/magne/ros2_ws/src/ur5_sem2_scripts/src/ChessMoves.cpp:325:18:[m[K [01;36m[Knote: [m[K‘[01m[Kconst double jump_threshold[m[K’ previously declared here
  325 |     const double [01;36m[Kjump_threshold[m[K = 0.0; // No jump threshold for now
      |                  [01;36m[K^~~~~~~~~~~~~~[m[K
[01m[K/home/magne/ros2_ws/src/ur5_sem2_scripts/src/ChessMoves.cpp:360:18:[m[K [01;31m[Kerror: [m[Kredeclaration of ‘[01m[Kconst double eef_step[m[K’
  360 |     const double [01;31m[Keef_step[m[K = 0.01;       // Resolution of trajectory
      |                  [01;31m[K^~~~~~~~[m[K
[01m[K/home/magne/ros2_ws/src/ur5_sem2_scripts/src/ChessMoves.cpp:326:18:[m[K [01;36m[Knote: [m[K‘[01m[Kconst double eef_step[m[K’ previously declared here
  326 |     const double [01;36m[Keef_step[m[K = 0.01;       // Resolution of trajectory
      |                  [01;36m[K^~~~~~~~[m[K
[01m[K/home/magne/ros2_ws/src/ur5_sem2_scripts/src/ChessMoves.cpp:361:12:[m[K [01;31m[Kerror: [m[Kredeclaration of ‘[01m[Kdouble fraction[m[K’
  361 |     double [01;31m[Kfraction[m[K = move_group_interface.computeCartesianPath(waypoints, eef_step, jump_threshold, trajectory1);
      |            [01;31m[K^~~~~~~~[m[K
[01m[K/home/magne/ros2_ws/src/ur5_sem2_scripts/src/ChessMoves.cpp:327:12:[m[K [01;36m[Knote: [m[K‘[01m[Kdouble fraction[m[K’ previously declared here
  327 |     double [01;36m[Kfraction[m[K = move_group_interface.computeCartesianPath(waypoints, eef_step, jump_threshold, trajectory);
      |            [01;36m[K^~~~~~~~[m[K
[01m[K/home/magne/ros2_ws/src/ur5_sem2_scripts/src/ChessMoves.cpp:399:18:[m[K [01;31m[Kerror: [m[Kredeclaration of ‘[01m[Kconst double jump_threshold[m[K’
  399 |     const double [01;31m[Kjump_threshold[m[K = 0.0; // No jump threshold for now
      |                  [01;31m[K^~~~~~~~~~~~~~[m[K
[01m[K/home/magne/ros2_ws/src/ur5_sem2_scripts/src/ChessMoves.cpp:325:18:[m[K [01;36m[Knote: [m[K‘[01m[Kconst double jump_threshold[m[K’ previously declared here
  325 |     const double [01;36m[Kjump_threshold[m[K = 0.0; // No jump threshold for now
      |                  [01;36m[K^~~~~~~~~~~~~~[m[K
[01m[K/home/magne/ros2_ws/src/ur5_sem2_scripts/src/ChessMoves.cpp:400:18:[m[K [01;31m[Kerror: [m[Kredeclaration of ‘[01m[Kconst double eef_step[m[K’
  400 |     const double [01;31m[Keef_step[m[K = 0.01;       // Resolution of trajectory
      |                  [01;31m[K^~~~~~~~[m[K
[01m[K/home/magne/ros2_ws/src/ur5_sem2_scripts/src/ChessMoves.cpp:326:18:[m[K [01;36m[Knote: [m[K‘[01m[Kconst double eef_step[m[K’ previously declared here
  326 |     const double [01;36m[Keef_step[m[K = 0.01;       // Resolution of trajectory
      |                  [01;36m[K^~~~~~~~[m[K
[01m[K/home/magne/ros2_ws/src/ur5_sem2_scripts/src/ChessMoves.cpp:401:12:[m[K [01;31m[Kerror: [m[Kredeclaration of ‘[01m[Kdouble fraction[m[K’
  401 |     double [01;31m[Kfraction[m[K = move_group_interface.computeCartesianPath(waypoints, eef_step, jump_threshold, trajectory2);
      |            [01;31m[K^~~~~~~~[m[K
[01m[K/home/magne/ros2_ws/src/ur5_sem2_scripts/src/ChessMoves.cpp:327:12:[m[K [01;36m[Knote: [m[K‘[01m[Kdouble fraction[m[K’ previously declared here
  327 |     double [01;36m[Kfraction[m[K = move_group_interface.computeCartesianPath(waypoints, eef_step, jump_threshold, trajectory);
      |            [01;36m[K^~~~~~~~[m[K
gmake[2]: *** [CMakeFiles/ChessMoves.dir/build.make:79: CMakeFiles/ChessMoves.dir/src/ChessMoves.cpp.o] Error 1
gmake[1]: *** [CMakeFiles/Makefile2:152: CMakeFiles/ChessMoves.dir/all] Error 2
gmake: *** [Makefile:149: all] Error 2
