[0.012s] Invoking command in '/home/magne/ros2_ws/build/ur5_sem2_scripts': CMAKE_PREFIX_PATH=${CMAKE_PREFIX_PATH}:/opt/ros/humble /usr/bin/cmake --build /home/magne/ros2_ws/build/ur5_sem2_scripts -- -j20 -l20
[0.024s] /usr/bin/cmake -S/home/magne/ros2_ws/src/ur5_sem2_scripts -B/home/magne/ros2_ws/build/ur5_sem2_scripts --check-build-system CMakeFiles/Makefile.cmake 0
[0.035s] /usr/bin/cmake -E cmake_progress_start /home/magne/ros2_ws/build/ur5_sem2_scripts/CMakeFiles /home/magne/ros2_ws/build/ur5_sem2_scripts//CMakeFiles/progress.marks
[0.043s] /usr/bin/gmake  -f CMakeFiles/Makefile2 all
[0.043s] gmake[1]: Entering directory '/home/magne/ros2_ws/build/ur5_sem2_scripts'
[0.044s] /usr/bin/gmake  -f CMakeFiles/ChessMoves.dir/build.make CMakeFiles/ChessMoves.dir/depend
[0.044s] /usr/bin/gmake  -f CMakeFiles/simple_move.dir/build.make CMakeFiles/simple_move.dir/depend
[0.044s] /usr/bin/gmake  -f CMakeFiles/svejse_frame.dir/build.make CMakeFiles/svejse_frame.dir/depend
[0.044s] /usr/bin/gmake  -f CMakeFiles/chess_frame.dir/build.make CMakeFiles/chess_frame.dir/depend
[0.044s] /usr/bin/gmake  -f CMakeFiles/square_move.dir/build.make CMakeFiles/square_move.dir/depend
[0.044s] /usr/bin/gmake  -f CMakeFiles/readJoints.dir/build.make CMakeFiles/readJoints.dir/depend
[0.047s] gmake[2]: Entering directory '/home/magne/ros2_ws/build/ur5_sem2_scripts'
[0.048s] cd /home/magne/ros2_ws/build/ur5_sem2_scripts && /usr/bin/cmake -E cmake_depends "Unix Makefiles" /home/magne/ros2_ws/src/ur5_sem2_scripts /home/magne/ros2_ws/src/ur5_sem2_scripts /home/magne/ros2_ws/build/ur5_sem2_scripts /home/magne/ros2_ws/build/ur5_sem2_scripts /home/magne/ros2_ws/build/ur5_sem2_scripts/CMakeFiles/square_move.dir/DependInfo.cmake --color=
[0.048s] gmake[2]: Entering directory '/home/magne/ros2_ws/build/ur5_sem2_scripts'
[0.048s] cd /home/magne/ros2_ws/build/ur5_sem2_scripts && /usr/bin/cmake -E cmake_depends "Unix Makefiles" /home/magne/ros2_ws/src/ur5_sem2_scripts /home/magne/ros2_ws/src/ur5_sem2_scripts /home/magne/ros2_ws/build/ur5_sem2_scripts /home/magne/ros2_ws/build/ur5_sem2_scripts /home/magne/ros2_ws/build/ur5_sem2_scripts/CMakeFiles/svejse_frame.dir/DependInfo.cmake --color=
[0.048s] gmake[2]: Entering directory '/home/magne/ros2_ws/build/ur5_sem2_scripts'
[0.048s] cd /home/magne/ros2_ws/build/ur5_sem2_scripts && /usr/bin/cmake -E cmake_depends "Unix Makefiles" /home/magne/ros2_ws/src/ur5_sem2_scripts /home/magne/ros2_ws/src/ur5_sem2_scripts /home/magne/ros2_ws/build/ur5_sem2_scripts /home/magne/ros2_ws/build/ur5_sem2_scripts /home/magne/ros2_ws/build/ur5_sem2_scripts/CMakeFiles/chess_frame.dir/DependInfo.cmake --color=
[0.048s] gmake[2]: Entering directory '/home/magne/ros2_ws/build/ur5_sem2_scripts'
[0.048s] cd /home/magne/ros2_ws/build/ur5_sem2_scripts && /usr/bin/cmake -E cmake_depends "Unix Makefiles" /home/magne/ros2_ws/src/ur5_sem2_scripts /home/magne/ros2_ws/src/ur5_sem2_scripts /home/magne/ros2_ws/build/ur5_sem2_scripts /home/magne/ros2_ws/build/ur5_sem2_scripts /home/magne/ros2_ws/build/ur5_sem2_scripts/CMakeFiles/readJoints.dir/DependInfo.cmake --color=
[0.049s] gmake[2]: Entering directory '/home/magne/ros2_ws/build/ur5_sem2_scripts'
[0.049s] cd /home/magne/ros2_ws/build/ur5_sem2_scripts && /usr/bin/cmake -E cmake_depends "Unix Makefiles" /home/magne/ros2_ws/src/ur5_sem2_scripts /home/magne/ros2_ws/src/ur5_sem2_scripts /home/magne/ros2_ws/build/ur5_sem2_scripts /home/magne/ros2_ws/build/ur5_sem2_scripts /home/magne/ros2_ws/build/ur5_sem2_scripts/CMakeFiles/simple_move.dir/DependInfo.cmake --color=
[0.049s] gmake[2]: Entering directory '/home/magne/ros2_ws/build/ur5_sem2_scripts'
[0.049s] cd /home/magne/ros2_ws/build/ur5_sem2_scripts && /usr/bin/cmake -E cmake_depends "Unix Makefiles" /home/magne/ros2_ws/src/ur5_sem2_scripts /home/magne/ros2_ws/src/ur5_sem2_scripts /home/magne/ros2_ws/build/ur5_sem2_scripts /home/magne/ros2_ws/build/ur5_sem2_scripts /home/magne/ros2_ws/build/ur5_sem2_scripts/CMakeFiles/ChessMoves.dir/DependInfo.cmake --color=
[0.054s] gmake[2]: Leaving directory '/home/magne/ros2_ws/build/ur5_sem2_scripts'
[0.054s] gmake[2]: Leaving directory '/home/magne/ros2_ws/build/ur5_sem2_scripts'
[0.054s] /usr/bin/gmake  -f CMakeFiles/square_move.dir/build.make CMakeFiles/square_move.dir/build
[0.054s] /usr/bin/gmake  -f CMakeFiles/readJoints.dir/build.make CMakeFiles/readJoints.dir/build
[0.054s] Dependencies file "CMakeFiles/ChessMoves.dir/src/ChessMoves.cpp.o.d" is newer than depends file "/home/magne/ros2_ws/build/ur5_sem2_scripts/CMakeFiles/ChessMoves.dir/compiler_depend.internal".
[0.055s] gmake[2]: Leaving directory '/home/magne/ros2_ws/build/ur5_sem2_scripts'
[0.055s] /usr/bin/gmake  -f CMakeFiles/svejse_frame.dir/build.make CMakeFiles/svejse_frame.dir/build
[0.055s] gmake[2]: Leaving directory '/home/magne/ros2_ws/build/ur5_sem2_scripts'
[0.055s] /usr/bin/gmake  -f CMakeFiles/chess_frame.dir/build.make CMakeFiles/chess_frame.dir/build
[0.056s] gmake[2]: Leaving directory '/home/magne/ros2_ws/build/ur5_sem2_scripts'
[0.056s] /usr/bin/gmake  -f CMakeFiles/simple_move.dir/build.make CMakeFiles/simple_move.dir/build
[0.056s] [35m[1mConsolidate compiler generated dependencies of target ChessMoves[0m
[0.058s] gmake[2]: Entering directory '/home/magne/ros2_ws/build/ur5_sem2_scripts'
[0.058s] gmake[2]: Nothing to be done for 'CMakeFiles/chess_frame.dir/build'.
[0.058s] gmake[2]: Leaving directory '/home/magne/ros2_ws/build/ur5_sem2_scripts'
[0.058s] gmake[2]: Entering directory '/home/magne/ros2_ws/build/ur5_sem2_scripts'
[0.058s] gmake[2]: Nothing to be done for 'CMakeFiles/svejse_frame.dir/build'.
[0.058s] gmake[2]: Leaving directory '/home/magne/ros2_ws/build/ur5_sem2_scripts'
[0.059s] gmake[2]: Entering directory '/home/magne/ros2_ws/build/ur5_sem2_scripts'
[0.059s] gmake[2]: Entering directory '/home/magne/ros2_ws/build/ur5_sem2_scripts'
[0.059s] gmake[2]: Nothing to be done for 'CMakeFiles/square_move.dir/build'.
[0.059s] gmake[2]: Nothing to be done for 'CMakeFiles/readJoints.dir/build'.
[0.059s] gmake[2]: Leaving directory '/home/magne/ros2_ws/build/ur5_sem2_scripts'
[0.059s] gmake[2]: Leaving directory '/home/magne/ros2_ws/build/ur5_sem2_scripts'
[0.060s] gmake[2]: Leaving directory '/home/magne/ros2_ws/build/ur5_sem2_scripts'
[0.060s] /usr/bin/gmake  -f CMakeFiles/ChessMoves.dir/build.make CMakeFiles/ChessMoves.dir/build
[0.061s] gmake[2]: Entering directory '/home/magne/ros2_ws/build/ur5_sem2_scripts'
[0.061s] gmake[2]: Nothing to be done for 'CMakeFiles/simple_move.dir/build'.
[0.061s] gmake[2]: Leaving directory '/home/magne/ros2_ws/build/ur5_sem2_scripts'
[0.062s] [ 13%] Built target svejse_frame
[0.063s] [ 26%] Built target chess_frame
[0.064s] [ 53%] Built target square_move
[0.064s] [ 53%] Built target readJoints
[0.065s] [ 66%] Built target simple_move
[0.066s] gmake[2]: Entering directory '/home/magne/ros2_ws/build/ur5_sem2_scripts'
[0.073s] [ 73%] [32mBuilding CXX object CMakeFiles/ChessMoves.dir/src/ChessMoves.cpp.o[0m
[0.074s] /usr/bin/c++ -DBOOST_ALL_NO_LIB -DBOOST_ATOMIC_DYN_LINK -DBOOST_CHRONO_DYN_LINK -DBOOST_DATE_TIME_DYN_LINK -DBOOST_FILESYSTEM_DYN_LINK -DBOOST_IOSTREAMS_DYN_LINK -DBOOST_PROGRAM_OPTIONS_DYN_LINK -DBOOST_REGEX_DYN_LINK -DBOOST_SERIALIZATION_DYN_LINK -DBOOST_SYSTEM_DYN_LINK -DBOOST_THREAD_DYN_LINK -DDEFAULT_RMW_IMPLEMENTATION=rmw_fastrtps_cpp -DFMT_LOCALE -DFMT_SHARED -DRCUTILS_ENABLE_FAULT_INJECTION -I/home/magne/ros2_ws/src/ur5_sem2_scripts/include -isystem /opt/ros/humble/include/rclcpp -isystem /opt/ros/humble/include -isystem /opt/ros/humble/include/geometry_msgs -isystem /opt/ros/humble/include/tf2_ros -isystem /opt/ros/humble/include/std_msgs -isystem /opt/ros/humble/include/ament_index_cpp -isystem /opt/ros/humble/include/libstatistics_collector -isystem /opt/ros/humble/include/builtin_interfaces -isystem /opt/ros/humble/include/rosidl_runtime_c -isystem /opt/ros/humble/include/rcutils -isystem /opt/ros/humble/include/rosidl_typesupport_interface -isystem /opt/ros/humble/include/fastcdr -isystem /opt/ros/humble/include/rosidl_runtime_cpp -isystem /opt/ros/humble/include/rosidl_typesupport_fastrtps_cpp -isystem /opt/ros/humble/include/rmw -isystem /opt/ros/humble/include/rosidl_typesupport_fastrtps_c -isystem /opt/ros/humble/include/rosidl_typesupport_introspection_c -isystem /opt/ros/humble/include/rosidl_typesupport_introspection_cpp -isystem /opt/ros/humble/include/rcl -isystem /opt/ros/humble/include/rcl_interfaces -isystem /opt/ros/humble/include/rcl_logging_interface -isystem /opt/ros/humble/include/rcl_yaml_param_parser -isystem /opt/ros/humble/include/libyaml_vendor -isystem /opt/ros/humble/include/tracetools -isystem /opt/ros/humble/include/rcpputils -isystem /opt/ros/humble/include/statistics_msgs -isystem /opt/ros/humble/include/rosgraph_msgs -isystem /opt/ros/humble/include/rosidl_typesupport_cpp -isystem /opt/ros/humble/include/rosidl_typesupport_c -isystem /opt/ros/humble/include/urdf -isystem /opt/ros/humble/include/urdf_parser_plugin -isystem /opt/ros/humble/include/urdfdom_headers -isystem /opt/ros/humble/include/urdfdom -isystem /opt/ros/humble/include/pluginlib -isystem /opt/ros/humble/include/class_loader -isystem /opt/ros/humble/include/srdfdom -isystem /usr/include/bullet -isystem /opt/ros/humble/include/visualization_msgs -isystem /opt/ros/humble/include/sensor_msgs -isystem /opt/ros/humble/include/octomap_msgs -isystem /opt/ros/humble/include/eigen_stl_containers -isystem /usr/include/eigen3 -isystem /opt/ros/humble/include/tf2_eigen -isystem /opt/ros/humble/include/tf2 -isystem /opt/ros/humble/include/message_filters -isystem /opt/ros/humble/include/rclcpp_action -isystem /opt/ros/humble/include/action_msgs -isystem /opt/ros/humble/include/unique_identifier_msgs -isystem /opt/ros/humble/include/rcl_action -isystem /opt/ros/humble/include/tf2_msgs -isystem /opt/ros/humble/include/geometric_shapes -isystem /opt/ros/humble/include/resource_retriever -isystem /opt/ros/humble/include/shape_msgs -isystem /opt/ros/humble/include/tf2_geometry_msgs -isystem /opt/ros/humble/include/angles -isystem /opt/ros/humble/include/moveit_msgs -isystem /opt/ros/humble/include/object_recognition_msgs -isystem /opt/ros/humble/include/trajectory_msgs -isystem /opt/ros/humble/include/parameter_traits -isystem /opt/ros/humble/include/rsl -isystem /opt/ros/humble/include/rclcpp_lifecycle -isystem /opt/ros/humble/include/rcl_lifecycle -isystem /opt/ros/humble/include/lifecycle_msgs -isystem /opt/ros/humble/include/kdl_parser -isystem /opt/ros/humble/include/std_srvs -Wall -Wextra -Wpedantic -MD -MT CMakeFiles/ChessMoves.dir/src/ChessMoves.cpp.o -MF CMakeFiles/ChessMoves.dir/src/ChessMoves.cpp.o.d -o CMakeFiles/ChessMoves.dir/src/ChessMoves.cpp.o -c /home/magne/ros2_ws/src/ur5_sem2_scripts/src/ChessMoves.cpp
[3.071s] [01m[K/home/magne/ros2_ws/src/ur5_sem2_scripts/src/ChessMoves.cpp:[m[K In member function ‘[01m[Kbool ChessMoves::playercapture(moveStruct, double (*)[4])[m[K’:
[3.071s] [01m[K/home/magne/ros2_ws/src/ur5_sem2_scripts/src/ChessMoves.cpp:264:56:[m[K [01;35m[Kwarning: [m[Kunused parameter ‘[01m[KTFchess[m[K’ [[01;35m[K]8;;https://gcc.gnu.org/onlinedocs/gcc/Warning-Options.html#index-Wunused-parameter-Wunused-parameter]8;;[m[K]
[3.071s]   264 | bool ChessMoves::playercapture(moveStruct move, [01;35m[Kdouble TFchess[4][4][m[K) {
[3.071s]       |                                                 [01;35m[K~~~~~~~^~~~~~~~~~~~~[m[K
[3.073s] [01m[K/home/magne/ros2_ws/src/ur5_sem2_scripts/src/ChessMoves.cpp:[m[K In member function ‘[01m[Kbool ChessMoves::execute_move(double*, double*)[m[K’:
[3.073s] [01m[K/home/magne/ros2_ws/src/ur5_sem2_scripts/src/ChessMoves.cpp:359:18:[m[K [01;31m[Kerror: [m[Kredeclaration of ‘[01m[Kconst double jump_threshold[m[K’
[3.073s]   359 |     const double [01;31m[Kjump_threshold[m[K = 0.0; // No jump threshold for now
[3.073s]       |                  [01;31m[K^~~~~~~~~~~~~~[m[K
[3.073s] [01m[K/home/magne/ros2_ws/src/ur5_sem2_scripts/src/ChessMoves.cpp:325:18:[m[K [01;36m[Knote: [m[K‘[01m[Kconst double jump_threshold[m[K’ previously declared here
[3.073s]   325 |     const double [01;36m[Kjump_threshold[m[K = 0.0; // No jump threshold for now
[3.073s]       |                  [01;36m[K^~~~~~~~~~~~~~[m[K
[3.074s] [01m[K/home/magne/ros2_ws/src/ur5_sem2_scripts/src/ChessMoves.cpp:360:18:[m[K [01;31m[Kerror: [m[Kredeclaration of ‘[01m[Kconst double eef_step[m[K’
[3.074s]   360 |     const double [01;31m[Keef_step[m[K = 0.01;       // Resolution of trajectory
[3.074s]       |                  [01;31m[K^~~~~~~~[m[K
[3.074s] [01m[K/home/magne/ros2_ws/src/ur5_sem2_scripts/src/ChessMoves.cpp:326:18:[m[K [01;36m[Knote: [m[K‘[01m[Kconst double eef_step[m[K’ previously declared here
[3.074s]   326 |     const double [01;36m[Keef_step[m[K = 0.01;       // Resolution of trajectory
[3.074s]       |                  [01;36m[K^~~~~~~~[m[K
[3.074s] [01m[K/home/magne/ros2_ws/src/ur5_sem2_scripts/src/ChessMoves.cpp:361:12:[m[K [01;31m[Kerror: [m[Kredeclaration of ‘[01m[Kdouble fraction[m[K’
[3.074s]   361 |     double [01;31m[Kfraction[m[K = move_group_interface.computeCartesianPath(waypoints, eef_step, jump_threshold, trajectory1);
[3.074s]       |            [01;31m[K^~~~~~~~[m[K
[3.074s] [01m[K/home/magne/ros2_ws/src/ur5_sem2_scripts/src/ChessMoves.cpp:327:12:[m[K [01;36m[Knote: [m[K‘[01m[Kdouble fraction[m[K’ previously declared here
[3.074s]   327 |     double [01;36m[Kfraction[m[K = move_group_interface.computeCartesianPath(waypoints, eef_step, jump_threshold, trajectory);
[3.074s]       |            [01;36m[K^~~~~~~~[m[K
[3.074s] [01m[K/home/magne/ros2_ws/src/ur5_sem2_scripts/src/ChessMoves.cpp:399:18:[m[K [01;31m[Kerror: [m[Kredeclaration of ‘[01m[Kconst double jump_threshold[m[K’
[3.074s]   399 |     const double [01;31m[Kjump_threshold[m[K = 0.0; // No jump threshold for now
[3.074s]       |                  [01;31m[K^~~~~~~~~~~~~~[m[K
[3.074s] [01m[K/home/magne/ros2_ws/src/ur5_sem2_scripts/src/ChessMoves.cpp:325:18:[m[K [01;36m[Knote: [m[K‘[01m[Kconst double jump_threshold[m[K’ previously declared here
[3.074s]   325 |     const double [01;36m[Kjump_threshold[m[K = 0.0; // No jump threshold for now
[3.074s]       |                  [01;36m[K^~~~~~~~~~~~~~[m[K
[3.074s] [01m[K/home/magne/ros2_ws/src/ur5_sem2_scripts/src/ChessMoves.cpp:400:18:[m[K [01;31m[Kerror: [m[Kredeclaration of ‘[01m[Kconst double eef_step[m[K’
[3.075s]   400 |     const double [01;31m[Keef_step[m[K = 0.01;       // Resolution of trajectory
[3.075s]       |                  [01;31m[K^~~~~~~~[m[K
[3.075s] [01m[K/home/magne/ros2_ws/src/ur5_sem2_scripts/src/ChessMoves.cpp:326:18:[m[K [01;36m[Knote: [m[K‘[01m[Kconst double eef_step[m[K’ previously declared here
[3.075s]   326 |     const double [01;36m[Keef_step[m[K = 0.01;       // Resolution of trajectory
[3.075s]       |                  [01;36m[K^~~~~~~~[m[K
[3.075s] [01m[K/home/magne/ros2_ws/src/ur5_sem2_scripts/src/ChessMoves.cpp:401:12:[m[K [01;31m[Kerror: [m[Kredeclaration of ‘[01m[Kdouble fraction[m[K’
[3.075s]   401 |     double [01;31m[Kfraction[m[K = move_group_interface.computeCartesianPath(waypoints, eef_step, jump_threshold, trajectory2);
[3.075s]       |            [01;31m[K^~~~~~~~[m[K
[3.075s] [01m[K/home/magne/ros2_ws/src/ur5_sem2_scripts/src/ChessMoves.cpp:327:12:[m[K [01;36m[Knote: [m[K‘[01m[Kdouble fraction[m[K’ previously declared here
[3.075s]   327 |     double [01;36m[Kfraction[m[K = move_group_interface.computeCartesianPath(waypoints, eef_step, jump_threshold, trajectory);
[3.075s]       |            [01;36m[K^~~~~~~~[m[K
[5.193s] gmake[2]: *** [CMakeFiles/ChessMoves.dir/build.make:79: CMakeFiles/ChessMoves.dir/src/ChessMoves.cpp.o] Error 1
[5.193s] gmake[2]: Leaving directory '/home/magne/ros2_ws/build/ur5_sem2_scripts'
[5.193s] gmake[1]: *** [CMakeFiles/Makefile2:152: CMakeFiles/ChessMoves.dir/all] Error 2
[5.193s] gmake[1]: Leaving directory '/home/magne/ros2_ws/build/ur5_sem2_scripts'
[5.193s] gmake: *** [Makefile:149: all] Error 2
[5.197s] Invoked command in '/home/magne/ros2_ws/build/ur5_sem2_scripts' returned '2': CMAKE_PREFIX_PATH=${CMAKE_PREFIX_PATH}:/opt/ros/humble /usr/bin/cmake --build /home/magne/ros2_ws/build/ur5_sem2_scripts -- -j20 -l20
