[0.010s] Invoking command in '/home/magne/ros2_ws/build/trac_ik_lib': CMAKE_PREFIX_PATH=${CMAKE_PREFIX_PATH}:/opt/ros/humble /usr/bin/cmake /home/magne/ros2_ws/src/trac_ik/trac_ik_lib -DCMAKE_INSTALL_PREFIX=/home/magne/ros2_ws/install/trac_ik_lib
[0.055s] -- The C compiler identification is GNU 11.4.0
[0.097s] -- The CXX compiler identification is GNU 11.4.0
[0.100s] -- Detecting C compiler ABI info
[0.151s] -- Detecting C compiler ABI info - done
[0.162s] -- Check for working C compiler: /usr/bin/cc - skipped
[0.162s] -- Detecting C compile features
[0.162s] -- Detecting C compile features - done
[0.162s] -- Detecting CXX compiler ABI info
[0.218s] -- Detecting CXX compiler ABI info - done
[0.223s] -- Check for working CXX compiler: /usr/bin/c++ - skipped
[0.223s] -- Detecting CXX compile features
[0.223s] -- Detecting CXX compile features - done
[0.225s] -- Found ament_cmake: 1.3.11 (/opt/ros/humble/share/ament_cmake/cmake)
[0.341s] -- Found Python3: /usr/bin/python3 (found version "3.10.12") found components: Interpreter 
[0.410s] -- Found eigen3_cmake_module: 0.1.1 (/opt/ros/humble/share/eigen3_cmake_module/cmake)
[0.414s] -- Found Eigen3: TRUE (found version "3.4.0") 
[0.415s] -- Found kdl_parser: 2.6.4 (/opt/ros/humble/share/kdl_parser/cmake)
[0.424s] -- Ensuring Eigen3 include directory is part of orocos-kdl CMake target
[0.438s] -- Found rclcpp: 16.0.11 (/opt/ros/humble/share/rclcpp/cmake)
[0.460s] -- Found rosidl_generator_c: 3.1.6 (/opt/ros/humble/share/rosidl_generator_c/cmake)
[0.462s] -- Found rosidl_adapter: 3.1.6 (/opt/ros/humble/share/rosidl_adapter/cmake)
[0.468s] -- Found rosidl_generator_cpp: 3.1.6 (/opt/ros/humble/share/rosidl_generator_cpp/cmake)
[0.476s] -- Using all available rosidl_typesupport_c: rosidl_typesupport_fastrtps_c;rosidl_typesupport_introspection_c
[0.494s] -- Using all available rosidl_typesupport_cpp: rosidl_typesupport_fastrtps_cpp;rosidl_typesupport_introspection_cpp
[0.521s] -- Found rmw_implementation_cmake: 6.1.2 (/opt/ros/humble/share/rmw_implementation_cmake/cmake)
[0.522s] -- Found rmw_fastrtps_cpp: 6.2.7 (/opt/ros/humble/share/rmw_fastrtps_cpp/cmake)
[0.586s] -- Found OpenSSL: /usr/lib/x86_64-linux-gnu/libcrypto.so (found version "3.0.2")  
[0.604s] -- Found FastRTPS: /opt/ros/humble/include  
[0.637s] -- Using RMW implementation 'rmw_fastrtps_cpp' as default
[0.643s] -- Looking for pthread.h
[0.708s] -- Looking for pthread.h - found
[0.708s] -- Performing Test CMAKE_HAVE_LIBC_PTHREAD
[0.763s] -- Performing Test CMAKE_HAVE_LIBC_PTHREAD - Success
[0.764s] -- Found Threads: TRUE  
[0.802s] -- Found urdf: 2.6.1 (/opt/ros/humble/share/urdf/cmake)
[0.825s] -- Found ament_lint_auto: 0.12.11 (/opt/ros/humble/share/ament_lint_auto/cmake)
[0.889s] -- Added test 'copyright' to check source files copyright and LICENSE
[0.890s] -- Added test 'cpplint' to check C / C++ code against the Google style
[0.890s] -- Configured cpplint exclude dirs and/or files: 
[0.890s] -- Added test 'lint_cmake' to check CMake code style
[0.891s] -- Added test 'xmllint' to check XML markup files
[0.891s] -- Configuring done
[0.899s] -- Generating done
[0.902s] -- Build files have been written to: /home/magne/ros2_ws/build/trac_ik_lib
[0.912s] Invoked command in '/home/magne/ros2_ws/build/trac_ik_lib' returned '0': CMAKE_PREFIX_PATH=${CMAKE_PREFIX_PATH}:/opt/ros/humble /usr/bin/cmake /home/magne/ros2_ws/src/trac_ik/trac_ik_lib -DCMAKE_INSTALL_PREFIX=/home/magne/ros2_ws/install/trac_ik_lib
[0.913s] Invoking command in '/home/magne/ros2_ws/build/trac_ik_lib': CMAKE_PREFIX_PATH=${CMAKE_PREFIX_PATH}:/opt/ros/humble /usr/bin/cmake --build /home/magne/ros2_ws/build/trac_ik_lib -- -j20 -l20
[0.954s] [ 75%] [32mBuilding CXX object CMakeFiles/trac_ik_lib.dir/src/trac_ik.cpp.o[0m
[0.954s] [ 75%] [32mBuilding CXX object CMakeFiles/trac_ik_lib.dir/src/kdl_tl.cpp.o[0m
[0.954s] [ 75%] [32mBuilding CXX object CMakeFiles/trac_ik_lib.dir/src/nlopt_ik.cpp.o[0m
[7.322s] [100%] [32m[1mLinking CXX shared library libtrac_ik_lib.so[0m
[7.577s] [100%] Built target trac_ik_lib
