/usr/bin/cmake -S/home/magne/ros2_ws/src/ur5_sem2_scripts -B/home/magne/ros2_ws/build/ur5_sem2_scripts --check-build-system CMakeFiles/Makefile.cmake 0
/usr/bin/cmake -E cmake_progress_start /home/magne/ros2_ws/build/ur5_sem2_scripts/CMakeFiles /home/magne/ros2_ws/build/ur5_sem2_scripts//CMakeFiles/progress.marks
/usr/bin/gmake  -f CMakeFiles/Makefile2 all
gmake[1]: Entering directory '/home/magne/ros2_ws/build/ur5_sem2_scripts'
/usr/bin/gmake  -f CMakeFiles/ChessMoves.dir/build.make CMakeFiles/ChessMoves.dir/depend
/usr/bin/gmake  -f CMakeFiles/simple_move.dir/build.make CMakeFiles/simple_move.dir/depend
/usr/bin/gmake  -f CMakeFiles/svejse_frame.dir/build.make CMakeFiles/svejse_frame.dir/depend
/usr/bin/gmake  -f CMakeFiles/chess_frame.dir/build.make CMakeFiles/chess_frame.dir/depend
/usr/bin/gmake  -f CMakeFiles/square_move.dir/build.make CMakeFiles/square_move.dir/depend
/usr/bin/gmake  -f CMakeFiles/readJoints.dir/build.make CMakeFiles/readJoints.dir/depend
gmake[2]: Entering directory '/home/magne/ros2_ws/build/ur5_sem2_scripts'
cd /home/magne/ros2_ws/build/ur5_sem2_scripts && /usr/bin/cmake -E cmake_depends "Unix Makefiles" /home/magne/ros2_ws/src/ur5_sem2_scripts /home/magne/ros2_ws/src/ur5_sem2_scripts /home/magne/ros2_ws/build/ur5_sem2_scripts /home/magne/ros2_ws/build/ur5_sem2_scripts /home/magne/ros2_ws/build/ur5_sem2_scripts/CMakeFiles/chess_frame.dir/DependInfo.cmake --color=
gmake[2]: Entering directory '/home/magne/ros2_ws/build/ur5_sem2_scripts'
cd /home/magne/ros2_ws/build/ur5_sem2_scripts && /usr/bin/cmake -E cmake_depends "Unix Makefiles" /home/magne/ros2_ws/src/ur5_sem2_scripts /home/magne/ros2_ws/src/ur5_sem2_scripts /home/magne/ros2_ws/build/ur5_sem2_scripts /home/magne/ros2_ws/build/ur5_sem2_scripts /home/magne/ros2_ws/build/ur5_sem2_scripts/CMakeFiles/ChessMoves.dir/DependInfo.cmake --color=
gmake[2]: Entering directory '/home/magne/ros2_ws/build/ur5_sem2_scripts'
cd /home/magne/ros2_ws/build/ur5_sem2_scripts && /usr/bin/cmake -E cmake_depends "Unix Makefiles" /home/magne/ros2_ws/src/ur5_sem2_scripts /home/magne/ros2_ws/src/ur5_sem2_scripts /home/magne/ros2_ws/build/ur5_sem2_scripts /home/magne/ros2_ws/build/ur5_sem2_scripts /home/magne/ros2_ws/build/ur5_sem2_scripts/CMakeFiles/readJoints.dir/DependInfo.cmake --color=
gmake[2]: Entering directory '/home/magne/ros2_ws/build/ur5_sem2_scripts'
cd /home/magne/ros2_ws/build/ur5_sem2_scripts && /usr/bin/cmake -E cmake_depends "Unix Makefiles" /home/magne/ros2_ws/src/ur5_sem2_scripts /home/magne/ros2_ws/src/ur5_sem2_scripts /home/magne/ros2_ws/build/ur5_sem2_scripts /home/magne/ros2_ws/build/ur5_sem2_scripts /home/magne/ros2_ws/build/ur5_sem2_scripts/CMakeFiles/svejse_frame.dir/DependInfo.cmake --color=
gmake[2]: Entering directory '/home/magne/ros2_ws/build/ur5_sem2_scripts'
cd /home/magne/ros2_ws/build/ur5_sem2_scripts && /usr/bin/cmake -E cmake_depends "Unix Makefiles" /home/magne/ros2_ws/src/ur5_sem2_scripts /home/magne/ros2_ws/src/ur5_sem2_scripts /home/magne/ros2_ws/build/ur5_sem2_scripts /home/magne/ros2_ws/build/ur5_sem2_scripts /home/magne/ros2_ws/build/ur5_sem2_scripts/CMakeFiles/simple_move.dir/DependInfo.cmake --color=
gmake[2]: Entering directory '/home/magne/ros2_ws/build/ur5_sem2_scripts'
cd /home/magne/ros2_ws/build/ur5_sem2_scripts && /usr/bin/cmake -E cmake_depends "Unix Makefiles" /home/magne/ros2_ws/src/ur5_sem2_scripts /home/magne/ros2_ws/src/ur5_sem2_scripts /home/magne/ros2_ws/build/ur5_sem2_scripts /home/magne/ros2_ws/build/ur5_sem2_scripts /home/magne/ros2_ws/build/ur5_sem2_scripts/CMakeFiles/square_move.dir/DependInfo.cmake --color=
Dependencies file "CMakeFiles/ChessMoves.dir/src/ChessMoves.cpp.o.d" is newer than depends file "/home/magne/ros2_ws/build/ur5_sem2_scripts/CMakeFiles/ChessMoves.dir/compiler_depend.internal".
gmake[2]: Leaving directory '/home/magne/ros2_ws/build/ur5_sem2_scripts'
[35m[1mConsolidate compiler generated dependencies of target ChessMoves[0m
gmake[2]: Leaving directory '/home/magne/ros2_ws/build/ur5_sem2_scripts'
/usr/bin/gmake  -f CMakeFiles/svejse_frame.dir/build.make CMakeFiles/svejse_frame.dir/build
/usr/bin/gmake  -f CMakeFiles/readJoints.dir/build.make CMakeFiles/readJoints.dir/build
gmake[2]: Leaving directory '/home/magne/ros2_ws/build/ur5_sem2_scripts'
gmake[2]: Leaving directory '/home/magne/ros2_ws/build/ur5_sem2_scripts'
/usr/bin/gmake  -f CMakeFiles/chess_frame.dir/build.make CMakeFiles/chess_frame.dir/build
gmake[2]: Leaving directory '/home/magne/ros2_ws/build/ur5_sem2_scripts'
/usr/bin/gmake  -f CMakeFiles/square_move.dir/build.make CMakeFiles/square_move.dir/build
/usr/bin/gmake  -f CMakeFiles/simple_move.dir/build.make CMakeFiles/simple_move.dir/build
gmake[2]: Leaving directory '/home/magne/ros2_ws/build/ur5_sem2_scripts'
/usr/bin/gmake  -f CMakeFiles/ChessMoves.dir/build.make CMakeFiles/ChessMoves.dir/build
gmake[2]: Entering directory '/home/magne/ros2_ws/build/ur5_sem2_scripts'
gmake[2]: Nothing to be done for 'CMakeFiles/svejse_frame.dir/build'.
gmake[2]: Leaving directory '/home/magne/ros2_ws/build/ur5_sem2_scripts'
gmake[2]: Entering directory '/home/magne/ros2_ws/build/ur5_sem2_scripts'
gmake[2]: Nothing to be done for 'CMakeFiles/chess_frame.dir/build'.
gmake[2]: Leaving directory '/home/magne/ros2_ws/build/ur5_sem2_scripts'
gmake[2]: Entering directory '/home/magne/ros2_ws/build/ur5_sem2_scripts'
gmake[2]: Nothing to be done for 'CMakeFiles/readJoints.dir/build'.
gmake[2]: Leaving directory '/home/magne/ros2_ws/build/ur5_sem2_scripts'
gmake[2]: Entering directory '/home/magne/ros2_ws/build/ur5_sem2_scripts'
gmake[2]: Nothing to be done for 'CMakeFiles/square_move.dir/build'.
gmake[2]: Leaving directory '/home/magne/ros2_ws/build/ur5_sem2_scripts'
[ 13%] Built target svejse_frame
gmake[2]: Entering directory '/home/magne/ros2_ws/build/ur5_sem2_scripts'
gmake[2]: Nothing to be done for 'CMakeFiles/simple_move.dir/build'.
gmake[2]: Leaving directory '/home/magne/ros2_ws/build/ur5_sem2_scripts'
gmake[2]: Entering directory '/home/magne/ros2_ws/build/ur5_sem2_scripts'
gmake[2]: Nothing to be done for 'CMakeFiles/ChessMoves.dir/build'.
gmake[2]: Leaving directory '/home/magne/ros2_ws/build/ur5_sem2_scripts'
[ 26%] Built target chess_frame
[ 40%] Built target readJoints
[ 66%] Built target simple_move
[ 66%] Built target square_move
[ 80%] Built target ChessMoves
/usr/bin/gmake  -f CMakeFiles/robot_main.dir/build.make CMakeFiles/robot_main.dir/depend
gmake[2]: Entering directory '/home/magne/ros2_ws/build/ur5_sem2_scripts'
cd /home/magne/ros2_ws/build/ur5_sem2_scripts && /usr/bin/cmake -E cmake_depends "Unix Makefiles" /home/magne/ros2_ws/src/ur5_sem2_scripts /home/magne/ros2_ws/src/ur5_sem2_scripts /home/magne/ros2_ws/build/ur5_sem2_scripts /home/magne/ros2_ws/build/ur5_sem2_scripts /home/magne/ros2_ws/build/ur5_sem2_scripts/CMakeFiles/robot_main.dir/DependInfo.cmake --color=
Dependencies file "CMakeFiles/robot_main.dir/src/ChessMoves.cpp.o.d" is newer than depends file "/home/magne/ros2_ws/build/ur5_sem2_scripts/CMakeFiles/robot_main.dir/compiler_depend.internal".
[35m[1mConsolidate compiler generated dependencies of target robot_main[0m
gmake[2]: Leaving directory '/home/magne/ros2_ws/build/ur5_sem2_scripts'
/usr/bin/gmake  -f CMakeFiles/robot_main.dir/build.make CMakeFiles/robot_main.dir/build
gmake[2]: Entering directory '/home/magne/ros2_ws/build/ur5_sem2_scripts'
gmake[2]: Nothing to be done for 'CMakeFiles/robot_main.dir/build'.
gmake[2]: Leaving directory '/home/magne/ros2_ws/build/ur5_sem2_scripts'
[100%] Built target robot_main
gmake[1]: Leaving directory '/home/magne/ros2_ws/build/ur5_sem2_scripts'
/usr/bin/cmake -E cmake_progress_start /home/magne/ros2_ws/build/ur5_sem2_scripts/CMakeFiles 0
-- Install configuration: ""
-- Up-to-date: /home/magne/ros2_ws/install/ur5_sem2_scripts/lib/ur5_sem2_scripts/simple_move
-- Up-to-date: /home/magne/ros2_ws/install/ur5_sem2_scripts/lib/ur5_sem2_scripts/svejse_frame
-- Up-to-date: /home/magne/ros2_ws/install/ur5_sem2_scripts/lib/ur5_sem2_scripts/chess_frame
-- Up-to-date: /home/magne/ros2_ws/install/ur5_sem2_scripts/lib/ur5_sem2_scripts/square_move
-- Up-to-date: /home/magne/ros2_ws/install/ur5_sem2_scripts/lib/ur5_sem2_scripts/readJoints
-- Up-to-date: /home/magne/ros2_ws/install/ur5_sem2_scripts/lib/ur5_sem2_scripts/robot_main
-- Up-to-date: /home/magne/ros2_ws/install/ur5_sem2_scripts/lib/ur5_sem2_scripts/libChessMoves.a
-- Up-to-date: /home/magne/ros2_ws/install/ur5_sem2_scripts/share/ur5_sem2_scripts/launch
-- Up-to-date: /home/magne/ros2_ws/install/ur5_sem2_scripts/share/ur5_sem2_scripts/launch/simple_move.launch.py
-- Up-to-date: /home/magne/ros2_ws/install/ur5_sem2_scripts/share/ament_index/resource_index/package_run_dependencies/ur5_sem2_scripts
-- Up-to-date: /home/magne/ros2_ws/install/ur5_sem2_scripts/share/ament_index/resource_index/parent_prefix_path/ur5_sem2_scripts
-- Up-to-date: /home/magne/ros2_ws/install/ur5_sem2_scripts/share/ur5_sem2_scripts/environment/ament_prefix_path.sh
-- Up-to-date: /home/magne/ros2_ws/install/ur5_sem2_scripts/share/ur5_sem2_scripts/environment/ament_prefix_path.dsv
-- Up-to-date: /home/magne/ros2_ws/install/ur5_sem2_scripts/share/ur5_sem2_scripts/environment/path.sh
-- Up-to-date: /home/magne/ros2_ws/install/ur5_sem2_scripts/share/ur5_sem2_scripts/environment/path.dsv
-- Up-to-date: /home/magne/ros2_ws/install/ur5_sem2_scripts/share/ur5_sem2_scripts/local_setup.bash
-- Up-to-date: /home/magne/ros2_ws/install/ur5_sem2_scripts/share/ur5_sem2_scripts/local_setup.sh
-- Up-to-date: /home/magne/ros2_ws/install/ur5_sem2_scripts/share/ur5_sem2_scripts/local_setup.zsh
-- Up-to-date: /home/magne/ros2_ws/install/ur5_sem2_scripts/share/ur5_sem2_scripts/local_setup.dsv
-- Installing: /home/magne/ros2_ws/install/ur5_sem2_scripts/share/ur5_sem2_scripts/package.dsv
-- Up-to-date: /home/magne/ros2_ws/install/ur5_sem2_scripts/share/ament_index/resource_index/packages/ur5_sem2_scripts
-- Up-to-date: /home/magne/ros2_ws/install/ur5_sem2_scripts/share/ur5_sem2_scripts/cmake/ur5_sem2_scriptsConfig.cmake
-- Up-to-date: /home/magne/ros2_ws/install/ur5_sem2_scripts/share/ur5_sem2_scripts/cmake/ur5_sem2_scriptsConfig-version.cmake
-- Up-to-date: /home/magne/ros2_ws/install/ur5_sem2_scripts/share/ur5_sem2_scripts/package.xml
