[0.067s] DEBUG:colcon:Command line arguments: ['/usr/bin/colcon', 'build']
[0.067s] DEBUG:colcon:Parsed command line arguments: Namespace(log_base=None, log_level=None, verb_name='build', build_base='build', install_base='install', merge_install=False, symlink_install=False, test_result_base=None, continue_on_error=False, executor='parallel', parallel_workers=20, event_handlers=None, ignore_user_meta=False, metas=['./colcon.meta'], base_paths=['.'], packages_ignore=None, packages_ignore_regex=None, paths=None, packages_up_to=None, packages_up_to_regex=None, packages_above=None, packages_above_and_dependencies=None, packages_above_depth=None, packages_select_by_dep=None, packages_skip_by_dep=None, packages_skip_up_to=None, packages_select_build_failed=False, packages_skip_build_finished=False, packages_select_test_failures=False, packages_skip_test_passed=False, packages_select=None, packages_skip=None, packages_select_regex=None, packages_skip_regex=None, packages_start=None, packages_end=None, allow_overriding=[], cmake_args=None, cmake_target=None, cmake_target_skip_unavailable=False, cmake_clean_cache=False, cmake_clean_first=False, cmake_force_configure=False, ament_cmake_args=None, catkin_cmake_args=None, catkin_skip_building_tests=False, mixin_files=None, mixin=None, verb_parser=<colcon_mixin.mixin.mixin_argument.MixinArgumentDecorator object at 0x77be8596d720>, verb_extension=<colcon_core.verb.build.BuildVerb object at 0x77be8596d090>, main=<bound method BuildVerb.main of <colcon_core.verb.build.BuildVerb object at 0x77be8596d090>>, mixin_verb=('build',))
[0.161s] Level 1:colcon.colcon_core.package_discovery:discover_packages(colcon_meta) check parameters
[0.161s] Level 1:colcon.colcon_core.package_discovery:discover_packages(recursive) check parameters
[0.161s] Level 1:colcon.colcon_core.package_discovery:discover_packages(ignore) check parameters
[0.161s] Level 1:colcon.colcon_core.package_discovery:discover_packages(path) check parameters
[0.161s] Level 1:colcon.colcon_core.package_discovery:discover_packages(colcon_meta) discover
[0.161s] Level 1:colcon.colcon_core.package_discovery:discover_packages(recursive) discover
[0.161s] INFO:colcon.colcon_core.package_discovery:Crawling recursively for packages in '/home/magne/ros2_ws'
[0.161s] Level 1:colcon.colcon_core.package_identification:_identify(.) by extensions ['ignore', 'ignore_ament_install']
[0.161s] Level 1:colcon.colcon_core.package_identification:_identify(.) by extension 'ignore'
[0.161s] Level 1:colcon.colcon_core.package_identification:_identify(.) by extension 'ignore_ament_install'
[0.161s] Level 1:colcon.colcon_core.package_identification:_identify(.) by extensions ['colcon_pkg']
[0.161s] Level 1:colcon.colcon_core.package_identification:_identify(.) by extension 'colcon_pkg'
[0.161s] Level 1:colcon.colcon_core.package_identification:_identify(.) by extensions ['colcon_meta']
[0.161s] Level 1:colcon.colcon_core.package_identification:_identify(.) by extension 'colcon_meta'
[0.161s] Level 1:colcon.colcon_core.package_identification:_identify(.) by extensions ['ros']
[0.161s] Level 1:colcon.colcon_core.package_identification:_identify(.) by extension 'ros'
[0.169s] Level 1:colcon.colcon_core.package_identification:_identify(.) by extensions ['cmake', 'python']
[0.169s] Level 1:colcon.colcon_core.package_identification:_identify(.) by extension 'cmake'
[0.169s] Level 1:colcon.colcon_core.package_identification:_identify(.) by extension 'python'
[0.169s] Level 1:colcon.colcon_core.package_identification:_identify(.) by extensions ['python_setup_py']
[0.169s] Level 1:colcon.colcon_core.package_identification:_identify(.) by extension 'python_setup_py'
[0.169s] Level 1:colcon.colcon_core.package_identification:_identify(build) by extensions ['ignore', 'ignore_ament_install']
[0.169s] Level 1:colcon.colcon_core.package_identification:_identify(build) by extension 'ignore'
[0.169s] Level 1:colcon.colcon_core.package_identification:_identify(build) ignored
[0.169s] Level 1:colcon.colcon_core.package_identification:_identify(config) by extensions ['ignore', 'ignore_ament_install']
[0.169s] Level 1:colcon.colcon_core.package_identification:_identify(config) by extension 'ignore'
[0.169s] Level 1:colcon.colcon_core.package_identification:_identify(config) by extension 'ignore_ament_install'
[0.169s] Level 1:colcon.colcon_core.package_identification:_identify(config) by extensions ['colcon_pkg']
[0.169s] Level 1:colcon.colcon_core.package_identification:_identify(config) by extension 'colcon_pkg'
[0.170s] Level 1:colcon.colcon_core.package_identification:_identify(config) by extensions ['colcon_meta']
[0.170s] Level 1:colcon.colcon_core.package_identification:_identify(config) by extension 'colcon_meta'
[0.170s] Level 1:colcon.colcon_core.package_identification:_identify(config) by extensions ['ros']
[0.170s] Level 1:colcon.colcon_core.package_identification:_identify(config) by extension 'ros'
[0.170s] Level 1:colcon.colcon_core.package_identification:_identify(config) by extensions ['cmake', 'python']
[0.170s] Level 1:colcon.colcon_core.package_identification:_identify(config) by extension 'cmake'
[0.170s] Level 1:colcon.colcon_core.package_identification:_identify(config) by extension 'python'
[0.170s] Level 1:colcon.colcon_core.package_identification:_identify(config) by extensions ['python_setup_py']
[0.170s] Level 1:colcon.colcon_core.package_identification:_identify(config) by extension 'python_setup_py'
[0.170s] Level 1:colcon.colcon_core.package_identification:_identify(install) by extensions ['ignore', 'ignore_ament_install']
[0.170s] Level 1:colcon.colcon_core.package_identification:_identify(install) by extension 'ignore'
[0.170s] Level 1:colcon.colcon_core.package_identification:_identify(install) ignored
[0.170s] Level 1:colcon.colcon_core.package_identification:_identify(launch) by extensions ['ignore', 'ignore_ament_install']
[0.170s] Level 1:colcon.colcon_core.package_identification:_identify(launch) by extension 'ignore'
[0.170s] Level 1:colcon.colcon_core.package_identification:_identify(launch) by extension 'ignore_ament_install'
[0.170s] Level 1:colcon.colcon_core.package_identification:_identify(launch) by extensions ['colcon_pkg']
[0.170s] Level 1:colcon.colcon_core.package_identification:_identify(launch) by extension 'colcon_pkg'
[0.170s] Level 1:colcon.colcon_core.package_identification:_identify(launch) by extensions ['colcon_meta']
[0.170s] Level 1:colcon.colcon_core.package_identification:_identify(launch) by extension 'colcon_meta'
[0.170s] Level 1:colcon.colcon_core.package_identification:_identify(launch) by extensions ['ros']
[0.170s] Level 1:colcon.colcon_core.package_identification:_identify(launch) by extension 'ros'
[0.170s] Level 1:colcon.colcon_core.package_identification:_identify(launch) by extensions ['cmake', 'python']
[0.170s] Level 1:colcon.colcon_core.package_identification:_identify(launch) by extension 'cmake'
[0.170s] Level 1:colcon.colcon_core.package_identification:_identify(launch) by extension 'python'
[0.170s] Level 1:colcon.colcon_core.package_identification:_identify(launch) by extensions ['python_setup_py']
[0.170s] Level 1:colcon.colcon_core.package_identification:_identify(launch) by extension 'python_setup_py'
[0.170s] Level 1:colcon.colcon_core.package_identification:_identify(log) by extensions ['ignore', 'ignore_ament_install']
[0.170s] Level 1:colcon.colcon_core.package_identification:_identify(log) by extension 'ignore'
[0.170s] Level 1:colcon.colcon_core.package_identification:_identify(log) ignored
[0.170s] Level 1:colcon.colcon_core.package_identification:_identify(src) by extensions ['ignore', 'ignore_ament_install']
[0.170s] Level 1:colcon.colcon_core.package_identification:_identify(src) by extension 'ignore'
[0.170s] Level 1:colcon.colcon_core.package_identification:_identify(src) by extension 'ignore_ament_install'
[0.170s] Level 1:colcon.colcon_core.package_identification:_identify(src) by extensions ['colcon_pkg']
[0.170s] Level 1:colcon.colcon_core.package_identification:_identify(src) by extension 'colcon_pkg'
[0.170s] Level 1:colcon.colcon_core.package_identification:_identify(src) by extensions ['colcon_meta']
[0.170s] Level 1:colcon.colcon_core.package_identification:_identify(src) by extension 'colcon_meta'
[0.170s] Level 1:colcon.colcon_core.package_identification:_identify(src) by extensions ['ros']
[0.170s] Level 1:colcon.colcon_core.package_identification:_identify(src) by extension 'ros'
[0.170s] Level 1:colcon.colcon_core.package_identification:_identify(src) by extensions ['cmake', 'python']
[0.170s] Level 1:colcon.colcon_core.package_identification:_identify(src) by extension 'cmake'
[0.171s] Level 1:colcon.colcon_core.package_identification:_identify(src) by extension 'python'
[0.171s] Level 1:colcon.colcon_core.package_identification:_identify(src) by extensions ['python_setup_py']
[0.171s] Level 1:colcon.colcon_core.package_identification:_identify(src) by extension 'python_setup_py'
[0.171s] Level 1:colcon.colcon_core.package_identification:_identify(src/trac_ik) by extensions ['ignore', 'ignore_ament_install']
[0.171s] Level 1:colcon.colcon_core.package_identification:_identify(src/trac_ik) by extension 'ignore'
[0.171s] Level 1:colcon.colcon_core.package_identification:_identify(src/trac_ik) by extension 'ignore_ament_install'
[0.171s] Level 1:colcon.colcon_core.package_identification:_identify(src/trac_ik) by extensions ['colcon_pkg']
[0.171s] Level 1:colcon.colcon_core.package_identification:_identify(src/trac_ik) by extension 'colcon_pkg'
[0.171s] Level 1:colcon.colcon_core.package_identification:_identify(src/trac_ik) by extensions ['colcon_meta']
[0.171s] Level 1:colcon.colcon_core.package_identification:_identify(src/trac_ik) by extension 'colcon_meta'
[0.171s] Level 1:colcon.colcon_core.package_identification:_identify(src/trac_ik) by extensions ['ros']
[0.171s] Level 1:colcon.colcon_core.package_identification:_identify(src/trac_ik) by extension 'ros'
[0.171s] Level 1:colcon.colcon_core.package_identification:_identify(src/trac_ik) by extensions ['cmake', 'python']
[0.171s] Level 1:colcon.colcon_core.package_identification:_identify(src/trac_ik) by extension 'cmake'
[0.171s] Level 1:colcon.colcon_core.package_identification:_identify(src/trac_ik) by extension 'python'
[0.171s] Level 1:colcon.colcon_core.package_identification:_identify(src/trac_ik) by extensions ['python_setup_py']
[0.171s] Level 1:colcon.colcon_core.package_identification:_identify(src/trac_ik) by extension 'python_setup_py'
[0.171s] Level 1:colcon.colcon_core.package_identification:_identify(src/trac_ik/nlopt) by extensions ['ignore', 'ignore_ament_install']
[0.171s] Level 1:colcon.colcon_core.package_identification:_identify(src/trac_ik/nlopt) by extension 'ignore'
[0.171s] Level 1:colcon.colcon_core.package_identification:_identify(src/trac_ik/nlopt) by extension 'ignore_ament_install'
[0.171s] Level 1:colcon.colcon_core.package_identification:_identify(src/trac_ik/nlopt) by extensions ['colcon_pkg']
[0.171s] Level 1:colcon.colcon_core.package_identification:_identify(src/trac_ik/nlopt) by extension 'colcon_pkg'
[0.171s] Level 1:colcon.colcon_core.package_identification:_identify(src/trac_ik/nlopt) by extensions ['colcon_meta']
[0.171s] Level 1:colcon.colcon_core.package_identification:_identify(src/trac_ik/nlopt) by extension 'colcon_meta'
[0.171s] Level 1:colcon.colcon_core.package_identification:_identify(src/trac_ik/nlopt) by extensions ['ros']
[0.171s] Level 1:colcon.colcon_core.package_identification:_identify(src/trac_ik/nlopt) by extension 'ros'
[0.171s] Level 1:colcon.colcon_core.package_identification:_identify(src/trac_ik/nlopt) by extensions ['cmake', 'python']
[0.171s] Level 1:colcon.colcon_core.package_identification:_identify(src/trac_ik/nlopt) by extension 'cmake'
[0.171s] Level 1:colcon.colcon_core.package_identification:_identify(src/trac_ik/nlopt) by extension 'python'
[0.171s] Level 1:colcon.colcon_core.package_identification:_identify(src/trac_ik/nlopt) by extensions ['python_setup_py']
[0.171s] Level 1:colcon.colcon_core.package_identification:_identify(src/trac_ik/nlopt) by extension 'python_setup_py'
[0.171s] Level 1:colcon.colcon_core.package_identification:_identify(src/trac_ik/trac_ik) by extensions ['ignore', 'ignore_ament_install']
[0.171s] Level 1:colcon.colcon_core.package_identification:_identify(src/trac_ik/trac_ik) by extension 'ignore'
[0.171s] Level 1:colcon.colcon_core.package_identification:_identify(src/trac_ik/trac_ik) by extension 'ignore_ament_install'
[0.171s] Level 1:colcon.colcon_core.package_identification:_identify(src/trac_ik/trac_ik) by extensions ['colcon_pkg']
[0.171s] Level 1:colcon.colcon_core.package_identification:_identify(src/trac_ik/trac_ik) by extension 'colcon_pkg'
[0.171s] Level 1:colcon.colcon_core.package_identification:_identify(src/trac_ik/trac_ik) by extensions ['colcon_meta']
[0.171s] Level 1:colcon.colcon_core.package_identification:_identify(src/trac_ik/trac_ik) by extension 'colcon_meta'
[0.171s] Level 1:colcon.colcon_core.package_identification:_identify(src/trac_ik/trac_ik) by extensions ['ros']
[0.171s] Level 1:colcon.colcon_core.package_identification:_identify(src/trac_ik/trac_ik) by extension 'ros'
[0.173s] DEBUG:colcon.colcon_core.package_identification:Package 'src/trac_ik/trac_ik' with type 'ros.ament_cmake' and name 'trac_ik'
[0.173s] Level 1:colcon.colcon_core.package_identification:_identify(src/trac_ik/trac_ik_examples) by extensions ['ignore', 'ignore_ament_install']
[0.173s] Level 1:colcon.colcon_core.package_identification:_identify(src/trac_ik/trac_ik_examples) by extension 'ignore'
[0.174s] Level 1:colcon.colcon_core.package_identification:_identify(src/trac_ik/trac_ik_examples) by extension 'ignore_ament_install'
[0.174s] Level 1:colcon.colcon_core.package_identification:_identify(src/trac_ik/trac_ik_examples) by extensions ['colcon_pkg']
[0.174s] Level 1:colcon.colcon_core.package_identification:_identify(src/trac_ik/trac_ik_examples) by extension 'colcon_pkg'
[0.174s] Level 1:colcon.colcon_core.package_identification:_identify(src/trac_ik/trac_ik_examples) by extensions ['colcon_meta']
[0.174s] Level 1:colcon.colcon_core.package_identification:_identify(src/trac_ik/trac_ik_examples) by extension 'colcon_meta'
[0.174s] Level 1:colcon.colcon_core.package_identification:_identify(src/trac_ik/trac_ik_examples) by extensions ['ros']
[0.174s] Level 1:colcon.colcon_core.package_identification:_identify(src/trac_ik/trac_ik_examples) by extension 'ros'
[0.174s] DEBUG:colcon.colcon_core.package_identification:Package 'src/trac_ik/trac_ik_examples' with type 'ros.ament_cmake' and name 'trac_ik_examples'
[0.174s] Level 1:colcon.colcon_core.package_identification:_identify(src/trac_ik/trac_ik_kinematics) by extensions ['ignore', 'ignore_ament_install']
[0.174s] Level 1:colcon.colcon_core.package_identification:_identify(src/trac_ik/trac_ik_kinematics) by extension 'ignore'
[0.174s] Level 1:colcon.colcon_core.package_identification:_identify(src/trac_ik/trac_ik_kinematics) by extension 'ignore_ament_install'
[0.174s] Level 1:colcon.colcon_core.package_identification:_identify(src/trac_ik/trac_ik_kinematics) by extensions ['colcon_pkg']
[0.174s] Level 1:colcon.colcon_core.package_identification:_identify(src/trac_ik/trac_ik_kinematics) by extension 'colcon_pkg'
[0.174s] Level 1:colcon.colcon_core.package_identification:_identify(src/trac_ik/trac_ik_kinematics) by extensions ['colcon_meta']
[0.174s] Level 1:colcon.colcon_core.package_identification:_identify(src/trac_ik/trac_ik_kinematics) by extension 'colcon_meta'
[0.174s] Level 1:colcon.colcon_core.package_identification:_identify(src/trac_ik/trac_ik_kinematics) by extensions ['ros']
[0.174s] Level 1:colcon.colcon_core.package_identification:_identify(src/trac_ik/trac_ik_kinematics) by extension 'ros'
[0.175s] DEBUG:colcon.colcon_core.package_identification:Package 'src/trac_ik/trac_ik_kinematics' with type 'ros.ament_cmake' and name 'trac_ik_kinematics'
[0.175s] Level 1:colcon.colcon_core.package_identification:_identify(src/trac_ik/trac_ik_lib) by extensions ['ignore', 'ignore_ament_install']
[0.175s] Level 1:colcon.colcon_core.package_identification:_identify(src/trac_ik/trac_ik_lib) by extension 'ignore'
[0.175s] Level 1:colcon.colcon_core.package_identification:_identify(src/trac_ik/trac_ik_lib) by extension 'ignore_ament_install'
[0.176s] Level 1:colcon.colcon_core.package_identification:_identify(src/trac_ik/trac_ik_lib) by extensions ['colcon_pkg']
[0.176s] Level 1:colcon.colcon_core.package_identification:_identify(src/trac_ik/trac_ik_lib) by extension 'colcon_pkg'
[0.176s] Level 1:colcon.colcon_core.package_identification:_identify(src/trac_ik/trac_ik_lib) by extensions ['colcon_meta']
[0.176s] Level 1:colcon.colcon_core.package_identification:_identify(src/trac_ik/trac_ik_lib) by extension 'colcon_meta'
[0.176s] Level 1:colcon.colcon_core.package_identification:_identify(src/trac_ik/trac_ik_lib) by extensions ['ros']
[0.176s] Level 1:colcon.colcon_core.package_identification:_identify(src/trac_ik/trac_ik_lib) by extension 'ros'
[0.176s] DEBUG:colcon.colcon_core.package_identification:Package 'src/trac_ik/trac_ik_lib' with type 'ros.ament_cmake' and name 'trac_ik_lib'
[0.176s] Level 1:colcon.colcon_core.package_identification:_identify(src/trac_ik/trac_ik_python) by extensions ['ignore', 'ignore_ament_install']
[0.176s] Level 1:colcon.colcon_core.package_identification:_identify(src/trac_ik/trac_ik_python) by extension 'ignore'
[0.176s] Level 1:colcon.colcon_core.package_identification:_identify(src/trac_ik/trac_ik_python) ignored
[0.176s] Level 1:colcon.colcon_core.package_identification:_identify(src/ur5_sem2_scripts) by extensions ['ignore', 'ignore_ament_install']
[0.177s] Level 1:colcon.colcon_core.package_identification:_identify(src/ur5_sem2_scripts) by extension 'ignore'
[0.177s] Level 1:colcon.colcon_core.package_identification:_identify(src/ur5_sem2_scripts) by extension 'ignore_ament_install'
[0.177s] Level 1:colcon.colcon_core.package_identification:_identify(src/ur5_sem2_scripts) by extensions ['colcon_pkg']
[0.177s] Level 1:colcon.colcon_core.package_identification:_identify(src/ur5_sem2_scripts) by extension 'colcon_pkg'
[0.177s] Level 1:colcon.colcon_core.package_identification:_identify(src/ur5_sem2_scripts) by extensions ['colcon_meta']
[0.177s] Level 1:colcon.colcon_core.package_identification:_identify(src/ur5_sem2_scripts) by extension 'colcon_meta'
[0.177s] Level 1:colcon.colcon_core.package_identification:_identify(src/ur5_sem2_scripts) by extensions ['ros']
[0.177s] Level 1:colcon.colcon_core.package_identification:_identify(src/ur5_sem2_scripts) by extension 'ros'
[0.177s] DEBUG:colcon.colcon_core.package_identification:Package 'src/ur5_sem2_scripts' with type 'ros.ament_cmake' and name 'ur5_sem2_scripts'
[0.178s] Level 1:colcon.colcon_core.package_discovery:discover_packages(recursive) using defaults
[0.178s] Level 1:colcon.colcon_core.package_discovery:discover_packages(ignore) discover
[0.178s] Level 1:colcon.colcon_core.package_discovery:discover_packages(ignore) using defaults
[0.178s] Level 1:colcon.colcon_core.package_discovery:discover_packages(path) discover
[0.178s] Level 1:colcon.colcon_core.package_discovery:discover_packages(path) using defaults
[0.219s] Level 1:colcon.colcon_core.package_discovery:discover_packages(prefix_path) check parameters
[0.219s] Level 1:colcon.colcon_core.package_discovery:discover_packages(prefix_path) discover
[0.221s] DEBUG:colcon.colcon_installed_package_information.package_discovery:Found 5 installed packages in /home/magne/ros2_ws/install
[0.222s] DEBUG:colcon.colcon_installed_package_information.package_discovery:Found 365 installed packages in /opt/ros/humble
[0.223s] Level 1:colcon.colcon_core.package_discovery:discover_packages(prefix_path) using defaults
[0.252s] Level 5:colcon.colcon_core.verb:set package 'trac_ik_lib' build argument 'cmake_args' from command line to 'None'
[0.252s] Level 5:colcon.colcon_core.verb:set package 'trac_ik_lib' build argument 'cmake_target' from command line to 'None'
[0.252s] Level 5:colcon.colcon_core.verb:set package 'trac_ik_lib' build argument 'cmake_target_skip_unavailable' from command line to 'False'
[0.252s] Level 5:colcon.colcon_core.verb:set package 'trac_ik_lib' build argument 'cmake_clean_cache' from command line to 'False'
[0.252s] Level 5:colcon.colcon_core.verb:set package 'trac_ik_lib' build argument 'cmake_clean_first' from command line to 'False'
[0.252s] Level 5:colcon.colcon_core.verb:set package 'trac_ik_lib' build argument 'cmake_force_configure' from command line to 'False'
[0.252s] Level 5:colcon.colcon_core.verb:set package 'trac_ik_lib' build argument 'ament_cmake_args' from command line to 'None'
[0.252s] Level 5:colcon.colcon_core.verb:set package 'trac_ik_lib' build argument 'catkin_cmake_args' from command line to 'None'
[0.252s] Level 5:colcon.colcon_core.verb:set package 'trac_ik_lib' build argument 'catkin_skip_building_tests' from command line to 'False'
[0.252s] DEBUG:colcon.colcon_core.verb:Building package 'trac_ik_lib' with the following arguments: {'ament_cmake_args': None, 'build_base': '/home/magne/ros2_ws/build/trac_ik_lib', 'catkin_cmake_args': None, 'catkin_skip_building_tests': False, 'cmake_args': None, 'cmake_clean_cache': False, 'cmake_clean_first': False, 'cmake_force_configure': False, 'cmake_target': None, 'cmake_target_skip_unavailable': False, 'install_base': '/home/magne/ros2_ws/install/trac_ik_lib', 'merge_install': False, 'path': '/home/magne/ros2_ws/src/trac_ik/trac_ik_lib', 'symlink_install': False, 'test_result_base': None}
[0.253s] Level 5:colcon.colcon_core.verb:set package 'ur5_sem2_scripts' build argument 'cmake_args' from command line to 'None'
[0.253s] Level 5:colcon.colcon_core.verb:set package 'ur5_sem2_scripts' build argument 'cmake_target' from command line to 'None'
[0.253s] Level 5:colcon.colcon_core.verb:set package 'ur5_sem2_scripts' build argument 'cmake_target_skip_unavailable' from command line to 'False'
[0.253s] Level 5:colcon.colcon_core.verb:set package 'ur5_sem2_scripts' build argument 'cmake_clean_cache' from command line to 'False'
[0.253s] Level 5:colcon.colcon_core.verb:set package 'ur5_sem2_scripts' build argument 'cmake_clean_first' from command line to 'False'
[0.253s] Level 5:colcon.colcon_core.verb:set package 'ur5_sem2_scripts' build argument 'cmake_force_configure' from command line to 'False'
[0.253s] Level 5:colcon.colcon_core.verb:set package 'ur5_sem2_scripts' build argument 'ament_cmake_args' from command line to 'None'
[0.253s] Level 5:colcon.colcon_core.verb:set package 'ur5_sem2_scripts' build argument 'catkin_cmake_args' from command line to 'None'
[0.253s] Level 5:colcon.colcon_core.verb:set package 'ur5_sem2_scripts' build argument 'catkin_skip_building_tests' from command line to 'False'
[0.253s] DEBUG:colcon.colcon_core.verb:Building package 'ur5_sem2_scripts' with the following arguments: {'ament_cmake_args': None, 'build_base': '/home/magne/ros2_ws/build/ur5_sem2_scripts', 'catkin_cmake_args': None, 'catkin_skip_building_tests': False, 'cmake_args': None, 'cmake_clean_cache': False, 'cmake_clean_first': False, 'cmake_force_configure': False, 'cmake_target': None, 'cmake_target_skip_unavailable': False, 'install_base': '/home/magne/ros2_ws/install/ur5_sem2_scripts', 'merge_install': False, 'path': '/home/magne/ros2_ws/src/ur5_sem2_scripts', 'symlink_install': False, 'test_result_base': None}
[0.253s] Level 5:colcon.colcon_core.verb:set package 'trac_ik_examples' build argument 'cmake_args' from command line to 'None'
[0.253s] Level 5:colcon.colcon_core.verb:set package 'trac_ik_examples' build argument 'cmake_target' from command line to 'None'
[0.253s] Level 5:colcon.colcon_core.verb:set package 'trac_ik_examples' build argument 'cmake_target_skip_unavailable' from command line to 'False'
[0.253s] Level 5:colcon.colcon_core.verb:set package 'trac_ik_examples' build argument 'cmake_clean_cache' from command line to 'False'
[0.253s] Level 5:colcon.colcon_core.verb:set package 'trac_ik_examples' build argument 'cmake_clean_first' from command line to 'False'
[0.253s] Level 5:colcon.colcon_core.verb:set package 'trac_ik_examples' build argument 'cmake_force_configure' from command line to 'False'
[0.253s] Level 5:colcon.colcon_core.verb:set package 'trac_ik_examples' build argument 'ament_cmake_args' from command line to 'None'
[0.253s] Level 5:colcon.colcon_core.verb:set package 'trac_ik_examples' build argument 'catkin_cmake_args' from command line to 'None'
[0.253s] Level 5:colcon.colcon_core.verb:set package 'trac_ik_examples' build argument 'catkin_skip_building_tests' from command line to 'False'
[0.253s] DEBUG:colcon.colcon_core.verb:Building package 'trac_ik_examples' with the following arguments: {'ament_cmake_args': None, 'build_base': '/home/magne/ros2_ws/build/trac_ik_examples', 'catkin_cmake_args': None, 'catkin_skip_building_tests': False, 'cmake_args': None, 'cmake_clean_cache': False, 'cmake_clean_first': False, 'cmake_force_configure': False, 'cmake_target': None, 'cmake_target_skip_unavailable': False, 'install_base': '/home/magne/ros2_ws/install/trac_ik_examples', 'merge_install': False, 'path': '/home/magne/ros2_ws/src/trac_ik/trac_ik_examples', 'symlink_install': False, 'test_result_base': None}
[0.253s] Level 5:colcon.colcon_core.verb:set package 'trac_ik_kinematics' build argument 'cmake_args' from command line to 'None'
[0.253s] Level 5:colcon.colcon_core.verb:set package 'trac_ik_kinematics' build argument 'cmake_target' from command line to 'None'
[0.253s] Level 5:colcon.colcon_core.verb:set package 'trac_ik_kinematics' build argument 'cmake_target_skip_unavailable' from command line to 'False'
[0.253s] Level 5:colcon.colcon_core.verb:set package 'trac_ik_kinematics' build argument 'cmake_clean_cache' from command line to 'False'
[0.253s] Level 5:colcon.colcon_core.verb:set package 'trac_ik_kinematics' build argument 'cmake_clean_first' from command line to 'False'
[0.253s] Level 5:colcon.colcon_core.verb:set package 'trac_ik_kinematics' build argument 'cmake_force_configure' from command line to 'False'
[0.253s] Level 5:colcon.colcon_core.verb:set package 'trac_ik_kinematics' build argument 'ament_cmake_args' from command line to 'None'
[0.253s] Level 5:colcon.colcon_core.verb:set package 'trac_ik_kinematics' build argument 'catkin_cmake_args' from command line to 'None'
[0.253s] Level 5:colcon.colcon_core.verb:set package 'trac_ik_kinematics' build argument 'catkin_skip_building_tests' from command line to 'False'
[0.254s] DEBUG:colcon.colcon_core.verb:Building package 'trac_ik_kinematics' with the following arguments: {'ament_cmake_args': None, 'build_base': '/home/magne/ros2_ws/build/trac_ik_kinematics', 'catkin_cmake_args': None, 'catkin_skip_building_tests': False, 'cmake_args': None, 'cmake_clean_cache': False, 'cmake_clean_first': False, 'cmake_force_configure': False, 'cmake_target': None, 'cmake_target_skip_unavailable': False, 'install_base': '/home/magne/ros2_ws/install/trac_ik_kinematics', 'merge_install': False, 'path': '/home/magne/ros2_ws/src/trac_ik/trac_ik_kinematics', 'symlink_install': False, 'test_result_base': None}
[0.254s] Level 5:colcon.colcon_core.verb:set package 'trac_ik' build argument 'cmake_args' from command line to 'None'
[0.254s] Level 5:colcon.colcon_core.verb:set package 'trac_ik' build argument 'cmake_target' from command line to 'None'
[0.254s] Level 5:colcon.colcon_core.verb:set package 'trac_ik' build argument 'cmake_target_skip_unavailable' from command line to 'False'
[0.254s] Level 5:colcon.colcon_core.verb:set package 'trac_ik' build argument 'cmake_clean_cache' from command line to 'False'
[0.254s] Level 5:colcon.colcon_core.verb:set package 'trac_ik' build argument 'cmake_clean_first' from command line to 'False'
[0.254s] Level 5:colcon.colcon_core.verb:set package 'trac_ik' build argument 'cmake_force_configure' from command line to 'False'
[0.254s] Level 5:colcon.colcon_core.verb:set package 'trac_ik' build argument 'ament_cmake_args' from command line to 'None'
[0.254s] Level 5:colcon.colcon_core.verb:set package 'trac_ik' build argument 'catkin_cmake_args' from command line to 'None'
[0.254s] Level 5:colcon.colcon_core.verb:set package 'trac_ik' build argument 'catkin_skip_building_tests' from command line to 'False'
[0.254s] DEBUG:colcon.colcon_core.verb:Building package 'trac_ik' with the following arguments: {'ament_cmake_args': None, 'build_base': '/home/magne/ros2_ws/build/trac_ik', 'catkin_cmake_args': None, 'catkin_skip_building_tests': False, 'cmake_args': None, 'cmake_clean_cache': False, 'cmake_clean_first': False, 'cmake_force_configure': False, 'cmake_target': None, 'cmake_target_skip_unavailable': False, 'install_base': '/home/magne/ros2_ws/install/trac_ik', 'merge_install': False, 'path': '/home/magne/ros2_ws/src/trac_ik/trac_ik', 'symlink_install': False, 'test_result_base': None}
[0.254s] INFO:colcon.colcon_core.executor:Executing jobs using 'parallel' executor
[0.255s] DEBUG:colcon.colcon_parallel_executor.executor.parallel:run_until_complete
[0.255s] INFO:colcon.colcon_ros.task.ament_cmake.build:Building ROS package in '/home/magne/ros2_ws/src/trac_ik/trac_ik_lib' with build type 'ament_cmake'
[0.255s] INFO:colcon.colcon_cmake.task.cmake.build:Building CMake package in '/home/magne/ros2_ws/src/trac_ik/trac_ik_lib'
[0.257s] INFO:colcon.colcon_core.plugin_system:Skipping extension 'colcon_core.shell.bat': Not used on non-Windows systems
[0.257s] INFO:colcon.colcon_core.shell:Skip shell extension 'powershell' for command environment: Not usable outside of PowerShell
[0.257s] DEBUG:colcon.colcon_core.shell:Skip shell extension 'dsv' for command environment
[0.260s] INFO:colcon.colcon_ros.task.ament_cmake.build:Building ROS package in '/home/magne/ros2_ws/src/ur5_sem2_scripts' with build type 'ament_cmake'
[0.260s] INFO:colcon.colcon_cmake.task.cmake.build:Building CMake package in '/home/magne/ros2_ws/src/ur5_sem2_scripts'
[0.260s] INFO:colcon.colcon_core.shell:Skip shell extension 'powershell' for command environment: Not usable outside of PowerShell
[0.260s] DEBUG:colcon.colcon_core.shell:Skip shell extension 'dsv' for command environment
[0.265s] DEBUG:colcon.colcon_core.event_handler.log_command:Invoking command in '/home/magne/ros2_ws/build/trac_ik_lib': CMAKE_PREFIX_PATH=${CMAKE_PREFIX_PATH}:/opt/ros/humble /usr/bin/cmake --build /home/magne/ros2_ws/build/trac_ik_lib -- -j20 -l20
[0.268s] DEBUG:colcon.colcon_core.event_handler.log_command:Invoking command in '/home/magne/ros2_ws/build/ur5_sem2_scripts': CMAKE_PREFIX_PATH=${CMAKE_PREFIX_PATH}:/opt/ros/humble /usr/bin/cmake --build /home/magne/ros2_ws/build/ur5_sem2_scripts -- -j20 -l20
[0.323s] DEBUG:colcon.colcon_core.event_handler.log_command:Invoked command in '/home/magne/ros2_ws/build/trac_ik_lib' returned '0': CMAKE_PREFIX_PATH=${CMAKE_PREFIX_PATH}:/opt/ros/humble /usr/bin/cmake --build /home/magne/ros2_ws/build/trac_ik_lib -- -j20 -l20
[0.334s] DEBUG:colcon.colcon_core.event_handler.log_command:Invoking command in '/home/magne/ros2_ws/build/trac_ik_lib': CMAKE_PREFIX_PATH=${CMAKE_PREFIX_PATH}:/opt/ros/humble /usr/bin/cmake --install /home/magne/ros2_ws/build/trac_ik_lib
[0.341s] Level 1:colcon.colcon_core.environment:create_environment_scripts_only(trac_ik_lib)
[0.341s] DEBUG:colcon.colcon_core.event_handler.log_command:Invoked command in '/home/magne/ros2_ws/build/trac_ik_lib' returned '0': CMAKE_PREFIX_PATH=${CMAKE_PREFIX_PATH}:/opt/ros/humble /usr/bin/cmake --install /home/magne/ros2_ws/build/trac_ik_lib
[0.343s] Level 1:colcon.colcon_core.environment:checking '/home/magne/ros2_ws/install/trac_ik_lib' for CMake module files
[0.343s] Level 1:colcon.colcon_core.environment:checking '/home/magne/ros2_ws/install/trac_ik_lib' for CMake config files
[0.343s] Level 1:colcon.colcon_core.shell:create_environment_hook('trac_ik_lib', 'cmake_prefix_path')
[0.343s] INFO:colcon.colcon_core.shell:Creating environment hook '/home/magne/ros2_ws/install/trac_ik_lib/share/trac_ik_lib/hook/cmake_prefix_path.ps1'
[0.344s] INFO:colcon.colcon_core.shell:Creating environment descriptor '/home/magne/ros2_ws/install/trac_ik_lib/share/trac_ik_lib/hook/cmake_prefix_path.dsv'
[0.344s] INFO:colcon.colcon_core.shell:Creating environment hook '/home/magne/ros2_ws/install/trac_ik_lib/share/trac_ik_lib/hook/cmake_prefix_path.sh'
[0.345s] Level 1:colcon.colcon_core.environment:checking '/home/magne/ros2_ws/install/trac_ik_lib/lib'
[0.345s] Level 1:colcon.colcon_core.shell:create_environment_hook('trac_ik_lib', 'ld_library_path_lib')
[0.345s] INFO:colcon.colcon_core.shell:Creating environment hook '/home/magne/ros2_ws/install/trac_ik_lib/share/trac_ik_lib/hook/ld_library_path_lib.ps1'
[0.346s] INFO:colcon.colcon_core.shell:Creating environment descriptor '/home/magne/ros2_ws/install/trac_ik_lib/share/trac_ik_lib/hook/ld_library_path_lib.dsv'
[0.346s] INFO:colcon.colcon_core.shell:Creating environment hook '/home/magne/ros2_ws/install/trac_ik_lib/share/trac_ik_lib/hook/ld_library_path_lib.sh'
[0.346s] Level 1:colcon.colcon_core.environment:checking '/home/magne/ros2_ws/install/trac_ik_lib/bin'
[0.346s] Level 1:colcon.colcon_core.environment:checking '/home/magne/ros2_ws/install/trac_ik_lib/lib/pkgconfig/trac_ik_lib.pc'
[0.346s] Level 1:colcon.colcon_core.environment:checking '/home/magne/ros2_ws/install/trac_ik_lib/lib/python3.10/site-packages'
[0.346s] Level 1:colcon.colcon_core.environment:checking '/home/magne/ros2_ws/install/trac_ik_lib/bin'
[0.347s] INFO:colcon.colcon_core.shell:Creating package script '/home/magne/ros2_ws/install/trac_ik_lib/share/trac_ik_lib/package.ps1'
[0.348s] INFO:colcon.colcon_core.shell:Creating package descriptor '/home/magne/ros2_ws/install/trac_ik_lib/share/trac_ik_lib/package.dsv'
[0.348s] INFO:colcon.colcon_core.shell:Creating package script '/home/magne/ros2_ws/install/trac_ik_lib/share/trac_ik_lib/package.sh'
[0.349s] INFO:colcon.colcon_core.shell:Creating package script '/home/magne/ros2_ws/install/trac_ik_lib/share/trac_ik_lib/package.bash'
[0.349s] INFO:colcon.colcon_core.shell:Creating package script '/home/magne/ros2_ws/install/trac_ik_lib/share/trac_ik_lib/package.zsh'
[0.349s] Level 1:colcon.colcon_core.environment:create_file_with_runtime_dependencies(/home/magne/ros2_ws/install/trac_ik_lib/share/colcon-core/packages/trac_ik_lib)
[0.350s] Level 1:colcon.colcon_core.environment:create_environment_scripts_only(trac_ik_lib)
[0.350s] Level 1:colcon.colcon_core.environment:checking '/home/magne/ros2_ws/install/trac_ik_lib' for CMake module files
[0.350s] Level 1:colcon.colcon_core.environment:checking '/home/magne/ros2_ws/install/trac_ik_lib' for CMake config files
[0.351s] Level 1:colcon.colcon_core.shell:create_environment_hook('trac_ik_lib', 'cmake_prefix_path')
[0.351s] INFO:colcon.colcon_core.shell:Creating environment hook '/home/magne/ros2_ws/install/trac_ik_lib/share/trac_ik_lib/hook/cmake_prefix_path.ps1'
[0.351s] INFO:colcon.colcon_core.shell:Creating environment descriptor '/home/magne/ros2_ws/install/trac_ik_lib/share/trac_ik_lib/hook/cmake_prefix_path.dsv'
[0.351s] INFO:colcon.colcon_core.shell:Creating environment hook '/home/magne/ros2_ws/install/trac_ik_lib/share/trac_ik_lib/hook/cmake_prefix_path.sh'
[0.351s] Level 1:colcon.colcon_core.environment:checking '/home/magne/ros2_ws/install/trac_ik_lib/lib'
[0.352s] Level 1:colcon.colcon_core.shell:create_environment_hook('trac_ik_lib', 'ld_library_path_lib')
[0.352s] INFO:colcon.colcon_core.shell:Creating environment hook '/home/magne/ros2_ws/install/trac_ik_lib/share/trac_ik_lib/hook/ld_library_path_lib.ps1'
[0.352s] INFO:colcon.colcon_core.shell:Creating environment descriptor '/home/magne/ros2_ws/install/trac_ik_lib/share/trac_ik_lib/hook/ld_library_path_lib.dsv'
[0.352s] INFO:colcon.colcon_core.shell:Creating environment hook '/home/magne/ros2_ws/install/trac_ik_lib/share/trac_ik_lib/hook/ld_library_path_lib.sh'
[0.352s] Level 1:colcon.colcon_core.environment:checking '/home/magne/ros2_ws/install/trac_ik_lib/bin'
[0.352s] Level 1:colcon.colcon_core.environment:checking '/home/magne/ros2_ws/install/trac_ik_lib/lib/pkgconfig/trac_ik_lib.pc'
[0.352s] Level 1:colcon.colcon_core.environment:checking '/home/magne/ros2_ws/install/trac_ik_lib/lib/python3.10/site-packages'
[0.353s] Level 1:colcon.colcon_core.environment:checking '/home/magne/ros2_ws/install/trac_ik_lib/bin'
[0.353s] INFO:colcon.colcon_core.shell:Creating package script '/home/magne/ros2_ws/install/trac_ik_lib/share/trac_ik_lib/package.ps1'
[0.353s] INFO:colcon.colcon_core.shell:Creating package descriptor '/home/magne/ros2_ws/install/trac_ik_lib/share/trac_ik_lib/package.dsv'
[0.353s] INFO:colcon.colcon_core.shell:Creating package script '/home/magne/ros2_ws/install/trac_ik_lib/share/trac_ik_lib/package.sh'
[0.354s] INFO:colcon.colcon_core.shell:Creating package script '/home/magne/ros2_ws/install/trac_ik_lib/share/trac_ik_lib/package.bash'
[0.354s] INFO:colcon.colcon_core.shell:Creating package script '/home/magne/ros2_ws/install/trac_ik_lib/share/trac_ik_lib/package.zsh'
[0.354s] Level 1:colcon.colcon_core.environment:create_file_with_runtime_dependencies(/home/magne/ros2_ws/install/trac_ik_lib/share/colcon-core/packages/trac_ik_lib)
[0.355s] INFO:colcon.colcon_ros.task.ament_cmake.build:Building ROS package in '/home/magne/ros2_ws/src/trac_ik/trac_ik_examples' with build type 'ament_cmake'
[0.355s] INFO:colcon.colcon_cmake.task.cmake.build:Building CMake package in '/home/magne/ros2_ws/src/trac_ik/trac_ik_examples'
[0.355s] INFO:colcon.colcon_core.shell:Skip shell extension 'powershell' for command environment: Not usable outside of PowerShell
[0.355s] DEBUG:colcon.colcon_core.shell:Skip shell extension 'dsv' for command environment
[0.365s] INFO:colcon.colcon_ros.task.ament_cmake.build:Building ROS package in '/home/magne/ros2_ws/src/trac_ik/trac_ik_kinematics' with build type 'ament_cmake'
[0.365s] INFO:colcon.colcon_cmake.task.cmake.build:Building CMake package in '/home/magne/ros2_ws/src/trac_ik/trac_ik_kinematics'
[0.365s] INFO:colcon.colcon_core.shell:Skip shell extension 'powershell' for command environment: Not usable outside of PowerShell
[0.366s] DEBUG:colcon.colcon_core.shell:Skip shell extension 'dsv' for command environment
[0.372s] DEBUG:colcon.colcon_core.event_handler.log_command:Invoking command in '/home/magne/ros2_ws/build/trac_ik_examples': AMENT_PREFIX_PATH=/home/magne/ros2_ws/install/trac_ik_lib:${AMENT_PREFIX_PATH} CMAKE_PREFIX_PATH=/home/magne/ros2_ws/install/trac_ik_lib:/home/magne/ros2_ws/install/ur5_sem2_scripts:/opt/ros/humble LD_LIBRARY_PATH=/home/magne/ros2_ws/install/trac_ik_lib/lib:${LD_LIBRARY_PATH} /usr/bin/cmake --build /home/magne/ros2_ws/build/trac_ik_examples -- -j20 -l20
[0.374s] DEBUG:colcon.colcon_core.event_handler.log_command:Invoking command in '/home/magne/ros2_ws/build/trac_ik_kinematics': AMENT_PREFIX_PATH=/home/magne/ros2_ws/install/trac_ik_lib:${AMENT_PREFIX_PATH} CMAKE_PREFIX_PATH=/home/magne/ros2_ws/install/trac_ik_lib:/home/magne/ros2_ws/install/ur5_sem2_scripts:/opt/ros/humble LD_LIBRARY_PATH=/home/magne/ros2_ws/install/trac_ik_lib/lib:${LD_LIBRARY_PATH} /usr/bin/cmake --build /home/magne/ros2_ws/build/trac_ik_kinematics -- -j20 -l20
[0.434s] DEBUG:colcon.colcon_core.event_handler.log_command:Invoked command in '/home/magne/ros2_ws/build/trac_ik_examples' returned '0': AMENT_PREFIX_PATH=/home/magne/ros2_ws/install/trac_ik_lib:${AMENT_PREFIX_PATH} CMAKE_PREFIX_PATH=/home/magne/ros2_ws/install/trac_ik_lib:/home/magne/ros2_ws/install/ur5_sem2_scripts:/opt/ros/humble LD_LIBRARY_PATH=/home/magne/ros2_ws/install/trac_ik_lib/lib:${LD_LIBRARY_PATH} /usr/bin/cmake --build /home/magne/ros2_ws/build/trac_ik_examples -- -j20 -l20
[0.435s] DEBUG:colcon.colcon_core.event_handler.log_command:Invoking command in '/home/magne/ros2_ws/build/trac_ik_examples': AMENT_PREFIX_PATH=/home/magne/ros2_ws/install/trac_ik_lib:${AMENT_PREFIX_PATH} CMAKE_PREFIX_PATH=/home/magne/ros2_ws/install/trac_ik_lib:/home/magne/ros2_ws/install/ur5_sem2_scripts:/opt/ros/humble LD_LIBRARY_PATH=/home/magne/ros2_ws/install/trac_ik_lib/lib:${LD_LIBRARY_PATH} /usr/bin/cmake --install /home/magne/ros2_ws/build/trac_ik_examples
[0.439s] DEBUG:colcon.colcon_core.event_handler.log_command:Invoked command in '/home/magne/ros2_ws/build/trac_ik_kinematics' returned '0': AMENT_PREFIX_PATH=/home/magne/ros2_ws/install/trac_ik_lib:${AMENT_PREFIX_PATH} CMAKE_PREFIX_PATH=/home/magne/ros2_ws/install/trac_ik_lib:/home/magne/ros2_ws/install/ur5_sem2_scripts:/opt/ros/humble LD_LIBRARY_PATH=/home/magne/ros2_ws/install/trac_ik_lib/lib:${LD_LIBRARY_PATH} /usr/bin/cmake --build /home/magne/ros2_ws/build/trac_ik_kinematics -- -j20 -l20
[0.440s] DEBUG:colcon.colcon_core.event_handler.log_command:Invoking command in '/home/magne/ros2_ws/build/trac_ik_kinematics': AMENT_PREFIX_PATH=/home/magne/ros2_ws/install/trac_ik_lib:${AMENT_PREFIX_PATH} CMAKE_PREFIX_PATH=/home/magne/ros2_ws/install/trac_ik_lib:/home/magne/ros2_ws/install/ur5_sem2_scripts:/opt/ros/humble LD_LIBRARY_PATH=/home/magne/ros2_ws/install/trac_ik_lib/lib:${LD_LIBRARY_PATH} /usr/bin/cmake --install /home/magne/ros2_ws/build/trac_ik_kinematics
[0.446s] Level 1:colcon.colcon_core.environment:create_environment_scripts_only(trac_ik_examples)
[0.447s] Level 1:colcon.colcon_core.environment:checking '/home/magne/ros2_ws/install/trac_ik_examples' for CMake module files
[0.447s] DEBUG:colcon.colcon_core.event_handler.log_command:Invoked command in '/home/magne/ros2_ws/build/trac_ik_examples' returned '0': AMENT_PREFIX_PATH=/home/magne/ros2_ws/install/trac_ik_lib:${AMENT_PREFIX_PATH} CMAKE_PREFIX_PATH=/home/magne/ros2_ws/install/trac_ik_lib:/home/magne/ros2_ws/install/ur5_sem2_scripts:/opt/ros/humble LD_LIBRARY_PATH=/home/magne/ros2_ws/install/trac_ik_lib/lib:${LD_LIBRARY_PATH} /usr/bin/cmake --install /home/magne/ros2_ws/build/trac_ik_examples
[0.448s] Level 1:colcon.colcon_core.environment:checking '/home/magne/ros2_ws/install/trac_ik_examples' for CMake config files
[0.449s] Level 1:colcon.colcon_core.shell:create_environment_hook('trac_ik_examples', 'cmake_prefix_path')
[0.449s] INFO:colcon.colcon_core.shell:Creating environment hook '/home/magne/ros2_ws/install/trac_ik_examples/share/trac_ik_examples/hook/cmake_prefix_path.ps1'
[0.449s] INFO:colcon.colcon_core.shell:Creating environment descriptor '/home/magne/ros2_ws/install/trac_ik_examples/share/trac_ik_examples/hook/cmake_prefix_path.dsv'
[0.450s] INFO:colcon.colcon_core.shell:Creating environment hook '/home/magne/ros2_ws/install/trac_ik_examples/share/trac_ik_examples/hook/cmake_prefix_path.sh'
[0.450s] Level 1:colcon.colcon_core.environment:checking '/home/magne/ros2_ws/install/trac_ik_examples/lib'
[0.450s] Level 1:colcon.colcon_core.environment:checking '/home/magne/ros2_ws/install/trac_ik_examples/bin'
[0.450s] Level 1:colcon.colcon_core.environment:checking '/home/magne/ros2_ws/install/trac_ik_examples/lib/pkgconfig/trac_ik_examples.pc'
[0.450s] Level 1:colcon.colcon_core.environment:checking '/home/magne/ros2_ws/install/trac_ik_examples/lib/python3.10/site-packages'
[0.450s] Level 1:colcon.colcon_core.environment:checking '/home/magne/ros2_ws/install/trac_ik_examples/bin'
[0.451s] INFO:colcon.colcon_core.shell:Creating package script '/home/magne/ros2_ws/install/trac_ik_examples/share/trac_ik_examples/package.ps1'
[0.451s] INFO:colcon.colcon_core.shell:Creating package descriptor '/home/magne/ros2_ws/install/trac_ik_examples/share/trac_ik_examples/package.dsv'
[0.451s] INFO:colcon.colcon_core.shell:Creating package script '/home/magne/ros2_ws/install/trac_ik_examples/share/trac_ik_examples/package.sh'
[0.451s] INFO:colcon.colcon_core.shell:Creating package script '/home/magne/ros2_ws/install/trac_ik_examples/share/trac_ik_examples/package.bash'
[0.451s] INFO:colcon.colcon_core.shell:Creating package script '/home/magne/ros2_ws/install/trac_ik_examples/share/trac_ik_examples/package.zsh'
[0.452s] Level 1:colcon.colcon_core.environment:create_file_with_runtime_dependencies(/home/magne/ros2_ws/install/trac_ik_examples/share/colcon-core/packages/trac_ik_examples)
[0.452s] Level 1:colcon.colcon_core.environment:create_environment_scripts_only(trac_ik_examples)
[0.452s] Level 1:colcon.colcon_core.environment:checking '/home/magne/ros2_ws/install/trac_ik_examples' for CMake module files
[0.452s] Level 1:colcon.colcon_core.environment:checking '/home/magne/ros2_ws/install/trac_ik_examples' for CMake config files
[0.452s] Level 1:colcon.colcon_core.shell:create_environment_hook('trac_ik_examples', 'cmake_prefix_path')
[0.452s] INFO:colcon.colcon_core.shell:Creating environment hook '/home/magne/ros2_ws/install/trac_ik_examples/share/trac_ik_examples/hook/cmake_prefix_path.ps1'
[0.453s] INFO:colcon.colcon_core.shell:Creating environment descriptor '/home/magne/ros2_ws/install/trac_ik_examples/share/trac_ik_examples/hook/cmake_prefix_path.dsv'
[0.453s] INFO:colcon.colcon_core.shell:Creating environment hook '/home/magne/ros2_ws/install/trac_ik_examples/share/trac_ik_examples/hook/cmake_prefix_path.sh'
[0.453s] Level 1:colcon.colcon_core.environment:checking '/home/magne/ros2_ws/install/trac_ik_examples/lib'
[0.453s] Level 1:colcon.colcon_core.environment:checking '/home/magne/ros2_ws/install/trac_ik_examples/bin'
[0.453s] Level 1:colcon.colcon_core.environment:checking '/home/magne/ros2_ws/install/trac_ik_examples/lib/pkgconfig/trac_ik_examples.pc'
[0.453s] Level 1:colcon.colcon_core.environment:checking '/home/magne/ros2_ws/install/trac_ik_examples/lib/python3.10/site-packages'
[0.453s] Level 1:colcon.colcon_core.environment:checking '/home/magne/ros2_ws/install/trac_ik_examples/bin'
[0.453s] INFO:colcon.colcon_core.shell:Creating package script '/home/magne/ros2_ws/install/trac_ik_examples/share/trac_ik_examples/package.ps1'
[0.454s] INFO:colcon.colcon_core.shell:Creating package descriptor '/home/magne/ros2_ws/install/trac_ik_examples/share/trac_ik_examples/package.dsv'
[0.454s] INFO:colcon.colcon_core.shell:Creating package script '/home/magne/ros2_ws/install/trac_ik_examples/share/trac_ik_examples/package.sh'
[0.454s] INFO:colcon.colcon_core.shell:Creating package script '/home/magne/ros2_ws/install/trac_ik_examples/share/trac_ik_examples/package.bash'
[0.454s] INFO:colcon.colcon_core.shell:Creating package script '/home/magne/ros2_ws/install/trac_ik_examples/share/trac_ik_examples/package.zsh'
[0.454s] Level 1:colcon.colcon_core.environment:create_file_with_runtime_dependencies(/home/magne/ros2_ws/install/trac_ik_examples/share/colcon-core/packages/trac_ik_examples)
[0.455s] Level 1:colcon.colcon_core.environment:create_environment_scripts_only(trac_ik_kinematics)
[0.455s] Level 1:colcon.colcon_core.environment:checking '/home/magne/ros2_ws/install/trac_ik_kinematics' for CMake module files
[0.456s] DEBUG:colcon.colcon_core.event_handler.log_command:Invoked command in '/home/magne/ros2_ws/build/trac_ik_kinematics' returned '0': AMENT_PREFIX_PATH=/home/magne/ros2_ws/install/trac_ik_lib:${AMENT_PREFIX_PATH} CMAKE_PREFIX_PATH=/home/magne/ros2_ws/install/trac_ik_lib:/home/magne/ros2_ws/install/ur5_sem2_scripts:/opt/ros/humble LD_LIBRARY_PATH=/home/magne/ros2_ws/install/trac_ik_lib/lib:${LD_LIBRARY_PATH} /usr/bin/cmake --install /home/magne/ros2_ws/build/trac_ik_kinematics
[0.456s] Level 1:colcon.colcon_core.environment:checking '/home/magne/ros2_ws/install/trac_ik_kinematics' for CMake config files
[0.456s] Level 1:colcon.colcon_core.shell:create_environment_hook('trac_ik_kinematics', 'cmake_prefix_path')
[0.456s] INFO:colcon.colcon_core.shell:Creating environment hook '/home/magne/ros2_ws/install/trac_ik_kinematics/share/trac_ik_kinematics/hook/cmake_prefix_path.ps1'
[0.456s] INFO:colcon.colcon_core.shell:Creating environment descriptor '/home/magne/ros2_ws/install/trac_ik_kinematics/share/trac_ik_kinematics/hook/cmake_prefix_path.dsv'
[0.456s] INFO:colcon.colcon_core.shell:Creating environment hook '/home/magne/ros2_ws/install/trac_ik_kinematics/share/trac_ik_kinematics/hook/cmake_prefix_path.sh'
[0.457s] Level 1:colcon.colcon_core.environment:checking '/home/magne/ros2_ws/install/trac_ik_kinematics/lib'
[0.457s] Level 1:colcon.colcon_core.shell:create_environment_hook('trac_ik_kinematics', 'ld_library_path_lib')
[0.457s] INFO:colcon.colcon_core.shell:Creating environment hook '/home/magne/ros2_ws/install/trac_ik_kinematics/share/trac_ik_kinematics/hook/ld_library_path_lib.ps1'
[0.457s] INFO:colcon.colcon_core.shell:Creating environment descriptor '/home/magne/ros2_ws/install/trac_ik_kinematics/share/trac_ik_kinematics/hook/ld_library_path_lib.dsv'
[0.457s] INFO:colcon.colcon_core.shell:Creating environment hook '/home/magne/ros2_ws/install/trac_ik_kinematics/share/trac_ik_kinematics/hook/ld_library_path_lib.sh'
[0.457s] Level 1:colcon.colcon_core.environment:checking '/home/magne/ros2_ws/install/trac_ik_kinematics/bin'
[0.458s] Level 1:colcon.colcon_core.environment:checking '/home/magne/ros2_ws/install/trac_ik_kinematics/lib/pkgconfig/trac_ik_kinematics.pc'
[0.458s] Level 1:colcon.colcon_core.environment:checking '/home/magne/ros2_ws/install/trac_ik_kinematics/lib/python3.10/site-packages'
[0.458s] Level 1:colcon.colcon_core.environment:checking '/home/magne/ros2_ws/install/trac_ik_kinematics/bin'
[0.458s] INFO:colcon.colcon_core.shell:Creating package script '/home/magne/ros2_ws/install/trac_ik_kinematics/share/trac_ik_kinematics/package.ps1'
[0.458s] INFO:colcon.colcon_core.shell:Creating package descriptor '/home/magne/ros2_ws/install/trac_ik_kinematics/share/trac_ik_kinematics/package.dsv'
[0.459s] INFO:colcon.colcon_core.shell:Creating package script '/home/magne/ros2_ws/install/trac_ik_kinematics/share/trac_ik_kinematics/package.sh'
[0.459s] INFO:colcon.colcon_core.shell:Creating package script '/home/magne/ros2_ws/install/trac_ik_kinematics/share/trac_ik_kinematics/package.bash'
[0.459s] INFO:colcon.colcon_core.shell:Creating package script '/home/magne/ros2_ws/install/trac_ik_kinematics/share/trac_ik_kinematics/package.zsh'
[0.459s] Level 1:colcon.colcon_core.environment:create_file_with_runtime_dependencies(/home/magne/ros2_ws/install/trac_ik_kinematics/share/colcon-core/packages/trac_ik_kinematics)
[0.459s] Level 1:colcon.colcon_core.environment:create_environment_scripts_only(trac_ik_kinematics)
[0.460s] Level 1:colcon.colcon_core.environment:checking '/home/magne/ros2_ws/install/trac_ik_kinematics' for CMake module files
[0.460s] Level 1:colcon.colcon_core.environment:checking '/home/magne/ros2_ws/install/trac_ik_kinematics' for CMake config files
[0.460s] Level 1:colcon.colcon_core.shell:create_environment_hook('trac_ik_kinematics', 'cmake_prefix_path')
[0.460s] INFO:colcon.colcon_core.shell:Creating environment hook '/home/magne/ros2_ws/install/trac_ik_kinematics/share/trac_ik_kinematics/hook/cmake_prefix_path.ps1'
[0.461s] INFO:colcon.colcon_core.shell:Creating environment descriptor '/home/magne/ros2_ws/install/trac_ik_kinematics/share/trac_ik_kinematics/hook/cmake_prefix_path.dsv'
[0.461s] INFO:colcon.colcon_core.shell:Creating environment hook '/home/magne/ros2_ws/install/trac_ik_kinematics/share/trac_ik_kinematics/hook/cmake_prefix_path.sh'
[0.461s] Level 1:colcon.colcon_core.environment:checking '/home/magne/ros2_ws/install/trac_ik_kinematics/lib'
[0.461s] Level 1:colcon.colcon_core.shell:create_environment_hook('trac_ik_kinematics', 'ld_library_path_lib')
[0.461s] INFO:colcon.colcon_core.shell:Creating environment hook '/home/magne/ros2_ws/install/trac_ik_kinematics/share/trac_ik_kinematics/hook/ld_library_path_lib.ps1'
[0.461s] INFO:colcon.colcon_core.shell:Creating environment descriptor '/home/magne/ros2_ws/install/trac_ik_kinematics/share/trac_ik_kinematics/hook/ld_library_path_lib.dsv'
[0.462s] INFO:colcon.colcon_core.shell:Creating environment hook '/home/magne/ros2_ws/install/trac_ik_kinematics/share/trac_ik_kinematics/hook/ld_library_path_lib.sh'
[0.462s] Level 1:colcon.colcon_core.environment:checking '/home/magne/ros2_ws/install/trac_ik_kinematics/bin'
[0.462s] Level 1:colcon.colcon_core.environment:checking '/home/magne/ros2_ws/install/trac_ik_kinematics/lib/pkgconfig/trac_ik_kinematics.pc'
[0.462s] Level 1:colcon.colcon_core.environment:checking '/home/magne/ros2_ws/install/trac_ik_kinematics/lib/python3.10/site-packages'
[0.462s] Level 1:colcon.colcon_core.environment:checking '/home/magne/ros2_ws/install/trac_ik_kinematics/bin'
[0.462s] INFO:colcon.colcon_core.shell:Creating package script '/home/magne/ros2_ws/install/trac_ik_kinematics/share/trac_ik_kinematics/package.ps1'
[0.463s] INFO:colcon.colcon_core.shell:Creating package descriptor '/home/magne/ros2_ws/install/trac_ik_kinematics/share/trac_ik_kinematics/package.dsv'
[0.463s] INFO:colcon.colcon_core.shell:Creating package script '/home/magne/ros2_ws/install/trac_ik_kinematics/share/trac_ik_kinematics/package.sh'
[0.463s] INFO:colcon.colcon_core.shell:Creating package script '/home/magne/ros2_ws/install/trac_ik_kinematics/share/trac_ik_kinematics/package.bash'
[0.463s] INFO:colcon.colcon_core.shell:Creating package script '/home/magne/ros2_ws/install/trac_ik_kinematics/share/trac_ik_kinematics/package.zsh'
[0.463s] Level 1:colcon.colcon_core.environment:create_file_with_runtime_dependencies(/home/magne/ros2_ws/install/trac_ik_kinematics/share/colcon-core/packages/trac_ik_kinematics)
[0.464s] INFO:colcon.colcon_ros.task.ament_cmake.build:Building ROS package in '/home/magne/ros2_ws/src/trac_ik/trac_ik' with build type 'ament_cmake'
[0.464s] INFO:colcon.colcon_cmake.task.cmake.build:Building CMake package in '/home/magne/ros2_ws/src/trac_ik/trac_ik'
[0.464s] INFO:colcon.colcon_core.shell:Skip shell extension 'powershell' for command environment: Not usable outside of PowerShell
[0.464s] DEBUG:colcon.colcon_core.shell:Skip shell extension 'dsv' for command environment
[0.475s] DEBUG:colcon.colcon_core.event_handler.log_command:Invoking command in '/home/magne/ros2_ws/build/trac_ik': AMENT_PREFIX_PATH=/home/magne/ros2_ws/install/trac_ik_kinematics:/home/magne/ros2_ws/install/trac_ik_examples:/home/magne/ros2_ws/install/trac_ik_lib:${AMENT_PREFIX_PATH} CMAKE_PREFIX_PATH=/home/magne/ros2_ws/install/trac_ik_kinematics:/home/magne/ros2_ws/install/trac_ik_examples:/home/magne/ros2_ws/install/trac_ik_lib:/home/magne/ros2_ws/install/ur5_sem2_scripts:/opt/ros/humble LD_LIBRARY_PATH=/home/magne/ros2_ws/install/trac_ik_kinematics/lib:/home/magne/ros2_ws/install/trac_ik_lib/lib:${LD_LIBRARY_PATH} /usr/bin/cmake --build /home/magne/ros2_ws/build/trac_ik -- -j20 -l20
[0.509s] DEBUG:colcon.colcon_core.event_handler.log_command:Invoked command in '/home/magne/ros2_ws/build/trac_ik' returned '0': AMENT_PREFIX_PATH=/home/magne/ros2_ws/install/trac_ik_kinematics:/home/magne/ros2_ws/install/trac_ik_examples:/home/magne/ros2_ws/install/trac_ik_lib:${AMENT_PREFIX_PATH} CMAKE_PREFIX_PATH=/home/magne/ros2_ws/install/trac_ik_kinematics:/home/magne/ros2_ws/install/trac_ik_examples:/home/magne/ros2_ws/install/trac_ik_lib:/home/magne/ros2_ws/install/ur5_sem2_scripts:/opt/ros/humble LD_LIBRARY_PATH=/home/magne/ros2_ws/install/trac_ik_kinematics/lib:/home/magne/ros2_ws/install/trac_ik_lib/lib:${LD_LIBRARY_PATH} /usr/bin/cmake --build /home/magne/ros2_ws/build/trac_ik -- -j20 -l20
[0.509s] DEBUG:colcon.colcon_core.event_handler.log_command:Invoking command in '/home/magne/ros2_ws/build/trac_ik': AMENT_PREFIX_PATH=/home/magne/ros2_ws/install/trac_ik_kinematics:/home/magne/ros2_ws/install/trac_ik_examples:/home/magne/ros2_ws/install/trac_ik_lib:${AMENT_PREFIX_PATH} CMAKE_PREFIX_PATH=/home/magne/ros2_ws/install/trac_ik_kinematics:/home/magne/ros2_ws/install/trac_ik_examples:/home/magne/ros2_ws/install/trac_ik_lib:/home/magne/ros2_ws/install/ur5_sem2_scripts:/opt/ros/humble LD_LIBRARY_PATH=/home/magne/ros2_ws/install/trac_ik_kinematics/lib:/home/magne/ros2_ws/install/trac_ik_lib/lib:${LD_LIBRARY_PATH} /usr/bin/cmake --install /home/magne/ros2_ws/build/trac_ik
[0.517s] Level 1:colcon.colcon_core.environment:create_environment_scripts_only(trac_ik)
[0.517s] Level 1:colcon.colcon_core.environment:checking '/home/magne/ros2_ws/install/trac_ik' for CMake module files
[0.517s] DEBUG:colcon.colcon_core.event_handler.log_command:Invoked command in '/home/magne/ros2_ws/build/trac_ik' returned '0': AMENT_PREFIX_PATH=/home/magne/ros2_ws/install/trac_ik_kinematics:/home/magne/ros2_ws/install/trac_ik_examples:/home/magne/ros2_ws/install/trac_ik_lib:${AMENT_PREFIX_PATH} CMAKE_PREFIX_PATH=/home/magne/ros2_ws/install/trac_ik_kinematics:/home/magne/ros2_ws/install/trac_ik_examples:/home/magne/ros2_ws/install/trac_ik_lib:/home/magne/ros2_ws/install/ur5_sem2_scripts:/opt/ros/humble LD_LIBRARY_PATH=/home/magne/ros2_ws/install/trac_ik_kinematics/lib:/home/magne/ros2_ws/install/trac_ik_lib/lib:${LD_LIBRARY_PATH} /usr/bin/cmake --install /home/magne/ros2_ws/build/trac_ik
[0.517s] Level 1:colcon.colcon_core.environment:checking '/home/magne/ros2_ws/install/trac_ik' for CMake config files
[0.517s] Level 1:colcon.colcon_core.shell:create_environment_hook('trac_ik', 'cmake_prefix_path')
[0.518s] INFO:colcon.colcon_core.shell:Creating environment hook '/home/magne/ros2_ws/install/trac_ik/share/trac_ik/hook/cmake_prefix_path.ps1'
[0.518s] INFO:colcon.colcon_core.shell:Creating environment descriptor '/home/magne/ros2_ws/install/trac_ik/share/trac_ik/hook/cmake_prefix_path.dsv'
[0.518s] INFO:colcon.colcon_core.shell:Creating environment hook '/home/magne/ros2_ws/install/trac_ik/share/trac_ik/hook/cmake_prefix_path.sh'
[0.519s] Level 1:colcon.colcon_core.environment:checking '/home/magne/ros2_ws/install/trac_ik/bin'
[0.519s] Level 1:colcon.colcon_core.environment:checking '/home/magne/ros2_ws/install/trac_ik/lib/pkgconfig/trac_ik.pc'
[0.519s] Level 1:colcon.colcon_core.environment:checking '/home/magne/ros2_ws/install/trac_ik/lib/python3.10/site-packages'
[0.519s] Level 1:colcon.colcon_core.environment:checking '/home/magne/ros2_ws/install/trac_ik/bin'
[0.519s] INFO:colcon.colcon_core.shell:Creating package script '/home/magne/ros2_ws/install/trac_ik/share/trac_ik/package.ps1'
[0.519s] INFO:colcon.colcon_core.shell:Creating package descriptor '/home/magne/ros2_ws/install/trac_ik/share/trac_ik/package.dsv'
[0.520s] INFO:colcon.colcon_core.shell:Creating package script '/home/magne/ros2_ws/install/trac_ik/share/trac_ik/package.sh'
[0.520s] INFO:colcon.colcon_core.shell:Creating package script '/home/magne/ros2_ws/install/trac_ik/share/trac_ik/package.bash'
[0.520s] INFO:colcon.colcon_core.shell:Creating package script '/home/magne/ros2_ws/install/trac_ik/share/trac_ik/package.zsh'
[0.520s] Level 1:colcon.colcon_core.environment:create_file_with_runtime_dependencies(/home/magne/ros2_ws/install/trac_ik/share/colcon-core/packages/trac_ik)
[0.520s] Level 1:colcon.colcon_core.environment:create_environment_scripts_only(trac_ik)
[0.521s] Level 1:colcon.colcon_core.environment:checking '/home/magne/ros2_ws/install/trac_ik' for CMake module files
[0.521s] Level 1:colcon.colcon_core.environment:checking '/home/magne/ros2_ws/install/trac_ik' for CMake config files
[0.521s] Level 1:colcon.colcon_core.shell:create_environment_hook('trac_ik', 'cmake_prefix_path')
[0.521s] INFO:colcon.colcon_core.shell:Creating environment hook '/home/magne/ros2_ws/install/trac_ik/share/trac_ik/hook/cmake_prefix_path.ps1'
[0.521s] INFO:colcon.colcon_core.shell:Creating environment descriptor '/home/magne/ros2_ws/install/trac_ik/share/trac_ik/hook/cmake_prefix_path.dsv'
[0.521s] INFO:colcon.colcon_core.shell:Creating environment hook '/home/magne/ros2_ws/install/trac_ik/share/trac_ik/hook/cmake_prefix_path.sh'
[0.522s] Level 1:colcon.colcon_core.environment:checking '/home/magne/ros2_ws/install/trac_ik/bin'
[0.522s] Level 1:colcon.colcon_core.environment:checking '/home/magne/ros2_ws/install/trac_ik/lib/pkgconfig/trac_ik.pc'
[0.522s] Level 1:colcon.colcon_core.environment:checking '/home/magne/ros2_ws/install/trac_ik/lib/python3.10/site-packages'
[0.522s] Level 1:colcon.colcon_core.environment:checking '/home/magne/ros2_ws/install/trac_ik/bin'
[0.522s] INFO:colcon.colcon_core.shell:Creating package script '/home/magne/ros2_ws/install/trac_ik/share/trac_ik/package.ps1'
[0.522s] INFO:colcon.colcon_core.shell:Creating package descriptor '/home/magne/ros2_ws/install/trac_ik/share/trac_ik/package.dsv'
[0.522s] INFO:colcon.colcon_core.shell:Creating package script '/home/magne/ros2_ws/install/trac_ik/share/trac_ik/package.sh'
[0.522s] INFO:colcon.colcon_core.shell:Creating package script '/home/magne/ros2_ws/install/trac_ik/share/trac_ik/package.bash'
[0.523s] INFO:colcon.colcon_core.shell:Creating package script '/home/magne/ros2_ws/install/trac_ik/share/trac_ik/package.zsh'
[0.523s] Level 1:colcon.colcon_core.environment:create_file_with_runtime_dependencies(/home/magne/ros2_ws/install/trac_ik/share/colcon-core/packages/trac_ik)
[11.037s] DEBUG:colcon.colcon_core.event_handler.log_command:Invoked command in '/home/magne/ros2_ws/build/ur5_sem2_scripts' returned '0': CMAKE_PREFIX_PATH=${CMAKE_PREFIX_PATH}:/opt/ros/humble /usr/bin/cmake --build /home/magne/ros2_ws/build/ur5_sem2_scripts -- -j20 -l20
[11.038s] DEBUG:colcon.colcon_core.event_handler.log_command:Invoking command in '/home/magne/ros2_ws/build/ur5_sem2_scripts': CMAKE_PREFIX_PATH=${CMAKE_PREFIX_PATH}:/opt/ros/humble /usr/bin/cmake --install /home/magne/ros2_ws/build/ur5_sem2_scripts
[11.046s] Level 1:colcon.colcon_core.environment:create_environment_scripts_only(ur5_sem2_scripts)
[11.047s] Level 1:colcon.colcon_core.environment:checking '/home/magne/ros2_ws/install/ur5_sem2_scripts' for CMake module files
[11.047s] DEBUG:colcon.colcon_core.event_handler.log_command:Invoked command in '/home/magne/ros2_ws/build/ur5_sem2_scripts' returned '0': CMAKE_PREFIX_PATH=${CMAKE_PREFIX_PATH}:/opt/ros/humble /usr/bin/cmake --install /home/magne/ros2_ws/build/ur5_sem2_scripts
[11.048s] Level 1:colcon.colcon_core.environment:checking '/home/magne/ros2_ws/install/ur5_sem2_scripts' for CMake config files
[11.048s] Level 1:colcon.colcon_core.shell:create_environment_hook('ur5_sem2_scripts', 'cmake_prefix_path')
[11.048s] INFO:colcon.colcon_core.shell:Creating environment hook '/home/magne/ros2_ws/install/ur5_sem2_scripts/share/ur5_sem2_scripts/hook/cmake_prefix_path.ps1'
[11.049s] INFO:colcon.colcon_core.shell:Creating environment descriptor '/home/magne/ros2_ws/install/ur5_sem2_scripts/share/ur5_sem2_scripts/hook/cmake_prefix_path.dsv'
[11.049s] INFO:colcon.colcon_core.shell:Creating environment hook '/home/magne/ros2_ws/install/ur5_sem2_scripts/share/ur5_sem2_scripts/hook/cmake_prefix_path.sh'
[11.050s] Level 1:colcon.colcon_core.environment:checking '/home/magne/ros2_ws/install/ur5_sem2_scripts/lib'
[11.050s] Level 1:colcon.colcon_core.environment:checking '/home/magne/ros2_ws/install/ur5_sem2_scripts/bin'
[11.050s] Level 1:colcon.colcon_core.environment:checking '/home/magne/ros2_ws/install/ur5_sem2_scripts/lib/pkgconfig/ur5_sem2_scripts.pc'
[11.050s] Level 1:colcon.colcon_core.environment:checking '/home/magne/ros2_ws/install/ur5_sem2_scripts/lib/python3.10/site-packages'
[11.050s] Level 1:colcon.colcon_core.environment:checking '/home/magne/ros2_ws/install/ur5_sem2_scripts/bin'
[11.050s] INFO:colcon.colcon_core.shell:Creating package script '/home/magne/ros2_ws/install/ur5_sem2_scripts/share/ur5_sem2_scripts/package.ps1'
[11.051s] INFO:colcon.colcon_core.shell:Creating package descriptor '/home/magne/ros2_ws/install/ur5_sem2_scripts/share/ur5_sem2_scripts/package.dsv'
[11.051s] INFO:colcon.colcon_core.shell:Creating package script '/home/magne/ros2_ws/install/ur5_sem2_scripts/share/ur5_sem2_scripts/package.sh'
[11.051s] INFO:colcon.colcon_core.shell:Creating package script '/home/magne/ros2_ws/install/ur5_sem2_scripts/share/ur5_sem2_scripts/package.bash'
[11.051s] INFO:colcon.colcon_core.shell:Creating package script '/home/magne/ros2_ws/install/ur5_sem2_scripts/share/ur5_sem2_scripts/package.zsh'
[11.051s] Level 1:colcon.colcon_core.environment:create_file_with_runtime_dependencies(/home/magne/ros2_ws/install/ur5_sem2_scripts/share/colcon-core/packages/ur5_sem2_scripts)
[11.052s] Level 1:colcon.colcon_core.environment:create_environment_scripts_only(ur5_sem2_scripts)
[11.052s] Level 1:colcon.colcon_core.environment:checking '/home/magne/ros2_ws/install/ur5_sem2_scripts' for CMake module files
[11.052s] Level 1:colcon.colcon_core.environment:checking '/home/magne/ros2_ws/install/ur5_sem2_scripts' for CMake config files
[11.052s] Level 1:colcon.colcon_core.shell:create_environment_hook('ur5_sem2_scripts', 'cmake_prefix_path')
[11.053s] INFO:colcon.colcon_core.shell:Creating environment hook '/home/magne/ros2_ws/install/ur5_sem2_scripts/share/ur5_sem2_scripts/hook/cmake_prefix_path.ps1'
[11.053s] INFO:colcon.colcon_core.shell:Creating environment descriptor '/home/magne/ros2_ws/install/ur5_sem2_scripts/share/ur5_sem2_scripts/hook/cmake_prefix_path.dsv'
[11.053s] INFO:colcon.colcon_core.shell:Creating environment hook '/home/magne/ros2_ws/install/ur5_sem2_scripts/share/ur5_sem2_scripts/hook/cmake_prefix_path.sh'
[11.053s] Level 1:colcon.colcon_core.environment:checking '/home/magne/ros2_ws/install/ur5_sem2_scripts/lib'
[11.053s] Level 1:colcon.colcon_core.environment:checking '/home/magne/ros2_ws/install/ur5_sem2_scripts/bin'
[11.053s] Level 1:colcon.colcon_core.environment:checking '/home/magne/ros2_ws/install/ur5_sem2_scripts/lib/pkgconfig/ur5_sem2_scripts.pc'
[11.054s] Level 1:colcon.colcon_core.environment:checking '/home/magne/ros2_ws/install/ur5_sem2_scripts/lib/python3.10/site-packages'
[11.054s] Level 1:colcon.colcon_core.environment:checking '/home/magne/ros2_ws/install/ur5_sem2_scripts/bin'
[11.054s] INFO:colcon.colcon_core.shell:Creating package script '/home/magne/ros2_ws/install/ur5_sem2_scripts/share/ur5_sem2_scripts/package.ps1'
[11.054s] INFO:colcon.colcon_core.shell:Creating package descriptor '/home/magne/ros2_ws/install/ur5_sem2_scripts/share/ur5_sem2_scripts/package.dsv'
[11.055s] INFO:colcon.colcon_core.shell:Creating package script '/home/magne/ros2_ws/install/ur5_sem2_scripts/share/ur5_sem2_scripts/package.sh'
[11.055s] INFO:colcon.colcon_core.shell:Creating package script '/home/magne/ros2_ws/install/ur5_sem2_scripts/share/ur5_sem2_scripts/package.bash'
[11.055s] INFO:colcon.colcon_core.shell:Creating package script '/home/magne/ros2_ws/install/ur5_sem2_scripts/share/ur5_sem2_scripts/package.zsh'
[11.055s] Level 1:colcon.colcon_core.environment:create_file_with_runtime_dependencies(/home/magne/ros2_ws/install/ur5_sem2_scripts/share/colcon-core/packages/ur5_sem2_scripts)
[11.055s] DEBUG:colcon.colcon_parallel_executor.executor.parallel:closing loop
[11.056s] DEBUG:colcon.colcon_parallel_executor.executor.parallel:loop closed
[11.056s] DEBUG:colcon.colcon_parallel_executor.executor.parallel:run_until_complete finished with '0'
[11.056s] DEBUG:colcon.colcon_core.event_reactor:joining thread
[11.059s] INFO:colcon.colcon_core.plugin_system:Skipping extension 'colcon_notification.desktop_notification.terminal_notifier': Not used on non-Darwin systems
[11.059s] INFO:colcon.colcon_core.plugin_system:Skipping extension 'colcon_notification.desktop_notification.win32': Not used on non-Windows systems
[11.059s] INFO:colcon.colcon_notification.desktop_notification:Sending desktop notification using 'notify2'
[11.069s] DEBUG:colcon.colcon_core.event_reactor:joined thread
[11.069s] INFO:colcon.colcon_core.shell:Creating prefix script '/home/magne/ros2_ws/install/local_setup.ps1'
[11.070s] INFO:colcon.colcon_core.shell:Creating prefix util module '/home/magne/ros2_ws/install/_local_setup_util_ps1.py'
[11.071s] INFO:colcon.colcon_core.shell:Creating prefix chain script '/home/magne/ros2_ws/install/setup.ps1'
[11.072s] INFO:colcon.colcon_core.shell:Creating prefix script '/home/magne/ros2_ws/install/local_setup.sh'
[11.073s] INFO:colcon.colcon_core.shell:Creating prefix util module '/home/magne/ros2_ws/install/_local_setup_util_sh.py'
[11.073s] INFO:colcon.colcon_core.shell:Creating prefix chain script '/home/magne/ros2_ws/install/setup.sh'
[11.074s] INFO:colcon.colcon_core.shell:Creating prefix script '/home/magne/ros2_ws/install/local_setup.bash'
[11.075s] INFO:colcon.colcon_core.shell:Creating prefix chain script '/home/magne/ros2_ws/install/setup.bash'
[11.075s] INFO:colcon.colcon_core.shell:Creating prefix script '/home/magne/ros2_ws/install/local_setup.zsh'
[11.076s] INFO:colcon.colcon_core.shell:Creating prefix chain script '/home/magne/ros2_ws/install/setup.zsh'
