[0.077s] DEBUG:colcon:Command line arguments: ['/usr/bin/colcon', 'build']
[0.077s] DEBUG:colcon:Parsed command line arguments: Namespace(log_base=None, log_level=None, verb_name='build', build_base='build', install_base='install', merge_install=False, symlink_install=False, test_result_base=None, continue_on_error=False, executor='parallel', parallel_workers=20, event_handlers=None, ignore_user_meta=False, metas=['./colcon.meta'], base_paths=['.'], packages_ignore=None, packages_ignore_regex=None, paths=None, packages_up_to=None, packages_up_to_regex=None, packages_above=None, packages_above_and_dependencies=None, packages_above_depth=None, packages_select_by_dep=None, packages_skip_by_dep=None, packages_skip_up_to=None, packages_select_build_failed=False, packages_skip_build_finished=False, packages_select_test_failures=False, packages_skip_test_passed=False, packages_select=None, packages_skip=None, packages_select_regex=None, packages_skip_regex=None, packages_start=None, packages_end=None, allow_overriding=[], cmake_args=None, cmake_target=None, cmake_target_skip_unavailable=False, cmake_clean_cache=False, cmake_clean_first=False, cmake_force_configure=False, ament_cmake_args=None, catkin_cmake_args=None, catkin_skip_building_tests=False, mixin_files=None, mixin=None, verb_parser=<colcon_mixin.mixin.mixin_argument.MixinArgumentDecorator object at 0x7135d485d720>, verb_extension=<colcon_core.verb.build.BuildVerb object at 0x7135d485d090>, main=<bound method BuildVerb.main of <colcon_core.verb.build.BuildVerb object at 0x7135d485d090>>, mixin_verb=('build',))
[0.196s] Level 1:colcon.colcon_core.package_discovery:discover_packages(colcon_meta) check parameters
[0.196s] Level 1:colcon.colcon_core.package_discovery:discover_packages(recursive) check parameters
[0.196s] Level 1:colcon.colcon_core.package_discovery:discover_packages(ignore) check parameters
[0.196s] Level 1:colcon.colcon_core.package_discovery:discover_packages(path) check parameters
[0.196s] Level 1:colcon.colcon_core.package_discovery:discover_packages(colcon_meta) discover
[0.196s] Level 1:colcon.colcon_core.package_discovery:discover_packages(recursive) discover
[0.196s] INFO:colcon.colcon_core.package_discovery:Crawling recursively for packages in '/home/magne/ros2_ws'
[0.196s] Level 1:colcon.colcon_core.package_identification:_identify(.) by extensions ['ignore', 'ignore_ament_install']
[0.196s] Level 1:colcon.colcon_core.package_identification:_identify(.) by extension 'ignore'
[0.196s] Level 1:colcon.colcon_core.package_identification:_identify(.) by extension 'ignore_ament_install'
[0.196s] Level 1:colcon.colcon_core.package_identification:_identify(.) by extensions ['colcon_pkg']
[0.196s] Level 1:colcon.colcon_core.package_identification:_identify(.) by extension 'colcon_pkg'
[0.196s] Level 1:colcon.colcon_core.package_identification:_identify(.) by extensions ['colcon_meta']
[0.196s] Level 1:colcon.colcon_core.package_identification:_identify(.) by extension 'colcon_meta'
[0.196s] Level 1:colcon.colcon_core.package_identification:_identify(.) by extensions ['ros']
[0.196s] Level 1:colcon.colcon_core.package_identification:_identify(.) by extension 'ros'
[0.206s] Level 1:colcon.colcon_core.package_identification:_identify(.) by extensions ['cmake', 'python']
[0.207s] Level 1:colcon.colcon_core.package_identification:_identify(.) by extension 'cmake'
[0.207s] Level 1:colcon.colcon_core.package_identification:_identify(.) by extension 'python'
[0.207s] Level 1:colcon.colcon_core.package_identification:_identify(.) by extensions ['python_setup_py']
[0.207s] Level 1:colcon.colcon_core.package_identification:_identify(.) by extension 'python_setup_py'
[0.207s] Level 1:colcon.colcon_core.package_identification:_identify(build) by extensions ['ignore', 'ignore_ament_install']
[0.207s] Level 1:colcon.colcon_core.package_identification:_identify(build) by extension 'ignore'
[0.207s] Level 1:colcon.colcon_core.package_identification:_identify(build) ignored
[0.207s] Level 1:colcon.colcon_core.package_identification:_identify(config) by extensions ['ignore', 'ignore_ament_install']
[0.207s] Level 1:colcon.colcon_core.package_identification:_identify(config) by extension 'ignore'
[0.207s] Level 1:colcon.colcon_core.package_identification:_identify(config) by extension 'ignore_ament_install'
[0.207s] Level 1:colcon.colcon_core.package_identification:_identify(config) by extensions ['colcon_pkg']
[0.207s] Level 1:colcon.colcon_core.package_identification:_identify(config) by extension 'colcon_pkg'
[0.207s] Level 1:colcon.colcon_core.package_identification:_identify(config) by extensions ['colcon_meta']
[0.207s] Level 1:colcon.colcon_core.package_identification:_identify(config) by extension 'colcon_meta'
[0.207s] Level 1:colcon.colcon_core.package_identification:_identify(config) by extensions ['ros']
[0.207s] Level 1:colcon.colcon_core.package_identification:_identify(config) by extension 'ros'
[0.207s] Level 1:colcon.colcon_core.package_identification:_identify(config) by extensions ['cmake', 'python']
[0.207s] Level 1:colcon.colcon_core.package_identification:_identify(config) by extension 'cmake'
[0.207s] Level 1:colcon.colcon_core.package_identification:_identify(config) by extension 'python'
[0.207s] Level 1:colcon.colcon_core.package_identification:_identify(config) by extensions ['python_setup_py']
[0.207s] Level 1:colcon.colcon_core.package_identification:_identify(config) by extension 'python_setup_py'
[0.208s] Level 1:colcon.colcon_core.package_identification:_identify(install) by extensions ['ignore', 'ignore_ament_install']
[0.208s] Level 1:colcon.colcon_core.package_identification:_identify(install) by extension 'ignore'
[0.208s] Level 1:colcon.colcon_core.package_identification:_identify(install) ignored
[0.208s] Level 1:colcon.colcon_core.package_identification:_identify(launch) by extensions ['ignore', 'ignore_ament_install']
[0.208s] Level 1:colcon.colcon_core.package_identification:_identify(launch) by extension 'ignore'
[0.208s] Level 1:colcon.colcon_core.package_identification:_identify(launch) by extension 'ignore_ament_install'
[0.208s] Level 1:colcon.colcon_core.package_identification:_identify(launch) by extensions ['colcon_pkg']
[0.208s] Level 1:colcon.colcon_core.package_identification:_identify(launch) by extension 'colcon_pkg'
[0.208s] Level 1:colcon.colcon_core.package_identification:_identify(launch) by extensions ['colcon_meta']
[0.208s] Level 1:colcon.colcon_core.package_identification:_identify(launch) by extension 'colcon_meta'
[0.208s] Level 1:colcon.colcon_core.package_identification:_identify(launch) by extensions ['ros']
[0.208s] Level 1:colcon.colcon_core.package_identification:_identify(launch) by extension 'ros'
[0.208s] Level 1:colcon.colcon_core.package_identification:_identify(launch) by extensions ['cmake', 'python']
[0.208s] Level 1:colcon.colcon_core.package_identification:_identify(launch) by extension 'cmake'
[0.208s] Level 1:colcon.colcon_core.package_identification:_identify(launch) by extension 'python'
[0.208s] Level 1:colcon.colcon_core.package_identification:_identify(launch) by extensions ['python_setup_py']
[0.208s] Level 1:colcon.colcon_core.package_identification:_identify(launch) by extension 'python_setup_py'
[0.208s] Level 1:colcon.colcon_core.package_identification:_identify(log) by extensions ['ignore', 'ignore_ament_install']
[0.208s] Level 1:colcon.colcon_core.package_identification:_identify(log) by extension 'ignore'
[0.208s] Level 1:colcon.colcon_core.package_identification:_identify(log) ignored
[0.208s] Level 1:colcon.colcon_core.package_identification:_identify(src) by extensions ['ignore', 'ignore_ament_install']
[0.208s] Level 1:colcon.colcon_core.package_identification:_identify(src) by extension 'ignore'
[0.208s] Level 1:colcon.colcon_core.package_identification:_identify(src) by extension 'ignore_ament_install'
[0.208s] Level 1:colcon.colcon_core.package_identification:_identify(src) by extensions ['colcon_pkg']
[0.208s] Level 1:colcon.colcon_core.package_identification:_identify(src) by extension 'colcon_pkg'
[0.208s] Level 1:colcon.colcon_core.package_identification:_identify(src) by extensions ['colcon_meta']
[0.208s] Level 1:colcon.colcon_core.package_identification:_identify(src) by extension 'colcon_meta'
[0.208s] Level 1:colcon.colcon_core.package_identification:_identify(src) by extensions ['ros']
[0.208s] Level 1:colcon.colcon_core.package_identification:_identify(src) by extension 'ros'
[0.208s] Level 1:colcon.colcon_core.package_identification:_identify(src) by extensions ['cmake', 'python']
[0.208s] Level 1:colcon.colcon_core.package_identification:_identify(src) by extension 'cmake'
[0.208s] Level 1:colcon.colcon_core.package_identification:_identify(src) by extension 'python'
[0.208s] Level 1:colcon.colcon_core.package_identification:_identify(src) by extensions ['python_setup_py']
[0.209s] Level 1:colcon.colcon_core.package_identification:_identify(src) by extension 'python_setup_py'
[0.209s] Level 1:colcon.colcon_core.package_identification:_identify(src/trac_ik) by extensions ['ignore', 'ignore_ament_install']
[0.209s] Level 1:colcon.colcon_core.package_identification:_identify(src/trac_ik) by extension 'ignore'
[0.209s] Level 1:colcon.colcon_core.package_identification:_identify(src/trac_ik) by extension 'ignore_ament_install'
[0.209s] Level 1:colcon.colcon_core.package_identification:_identify(src/trac_ik) by extensions ['colcon_pkg']
[0.209s] Level 1:colcon.colcon_core.package_identification:_identify(src/trac_ik) by extension 'colcon_pkg'
[0.209s] Level 1:colcon.colcon_core.package_identification:_identify(src/trac_ik) by extensions ['colcon_meta']
[0.209s] Level 1:colcon.colcon_core.package_identification:_identify(src/trac_ik) by extension 'colcon_meta'
[0.209s] Level 1:colcon.colcon_core.package_identification:_identify(src/trac_ik) by extensions ['ros']
[0.209s] Level 1:colcon.colcon_core.package_identification:_identify(src/trac_ik) by extension 'ros'
[0.209s] Level 1:colcon.colcon_core.package_identification:_identify(src/trac_ik) by extensions ['cmake', 'python']
[0.209s] Level 1:colcon.colcon_core.package_identification:_identify(src/trac_ik) by extension 'cmake'
[0.209s] Level 1:colcon.colcon_core.package_identification:_identify(src/trac_ik) by extension 'python'
[0.209s] Level 1:colcon.colcon_core.package_identification:_identify(src/trac_ik) by extensions ['python_setup_py']
[0.209s] Level 1:colcon.colcon_core.package_identification:_identify(src/trac_ik) by extension 'python_setup_py'
[0.209s] Level 1:colcon.colcon_core.package_identification:_identify(src/trac_ik/nlopt) by extensions ['ignore', 'ignore_ament_install']
[0.209s] Level 1:colcon.colcon_core.package_identification:_identify(src/trac_ik/nlopt) by extension 'ignore'
[0.209s] Level 1:colcon.colcon_core.package_identification:_identify(src/trac_ik/nlopt) by extension 'ignore_ament_install'
[0.209s] Level 1:colcon.colcon_core.package_identification:_identify(src/trac_ik/nlopt) by extensions ['colcon_pkg']
[0.209s] Level 1:colcon.colcon_core.package_identification:_identify(src/trac_ik/nlopt) by extension 'colcon_pkg'
[0.209s] Level 1:colcon.colcon_core.package_identification:_identify(src/trac_ik/nlopt) by extensions ['colcon_meta']
[0.209s] Level 1:colcon.colcon_core.package_identification:_identify(src/trac_ik/nlopt) by extension 'colcon_meta'
[0.209s] Level 1:colcon.colcon_core.package_identification:_identify(src/trac_ik/nlopt) by extensions ['ros']
[0.209s] Level 1:colcon.colcon_core.package_identification:_identify(src/trac_ik/nlopt) by extension 'ros'
[0.209s] Level 1:colcon.colcon_core.package_identification:_identify(src/trac_ik/nlopt) by extensions ['cmake', 'python']
[0.209s] Level 1:colcon.colcon_core.package_identification:_identify(src/trac_ik/nlopt) by extension 'cmake'
[0.209s] Level 1:colcon.colcon_core.package_identification:_identify(src/trac_ik/nlopt) by extension 'python'
[0.209s] Level 1:colcon.colcon_core.package_identification:_identify(src/trac_ik/nlopt) by extensions ['python_setup_py']
[0.209s] Level 1:colcon.colcon_core.package_identification:_identify(src/trac_ik/nlopt) by extension 'python_setup_py'
[0.209s] Level 1:colcon.colcon_core.package_identification:_identify(src/trac_ik/trac_ik) by extensions ['ignore', 'ignore_ament_install']
[0.209s] Level 1:colcon.colcon_core.package_identification:_identify(src/trac_ik/trac_ik) by extension 'ignore'
[0.209s] Level 1:colcon.colcon_core.package_identification:_identify(src/trac_ik/trac_ik) by extension 'ignore_ament_install'
[0.209s] Level 1:colcon.colcon_core.package_identification:_identify(src/trac_ik/trac_ik) by extensions ['colcon_pkg']
[0.209s] Level 1:colcon.colcon_core.package_identification:_identify(src/trac_ik/trac_ik) by extension 'colcon_pkg'
[0.209s] Level 1:colcon.colcon_core.package_identification:_identify(src/trac_ik/trac_ik) by extensions ['colcon_meta']
[0.209s] Level 1:colcon.colcon_core.package_identification:_identify(src/trac_ik/trac_ik) by extension 'colcon_meta'
[0.209s] Level 1:colcon.colcon_core.package_identification:_identify(src/trac_ik/trac_ik) by extensions ['ros']
[0.209s] Level 1:colcon.colcon_core.package_identification:_identify(src/trac_ik/trac_ik) by extension 'ros'
[0.212s] DEBUG:colcon.colcon_core.package_identification:Package 'src/trac_ik/trac_ik' with type 'ros.ament_cmake' and name 'trac_ik'
[0.212s] Level 1:colcon.colcon_core.package_identification:_identify(src/trac_ik/trac_ik_examples) by extensions ['ignore', 'ignore_ament_install']
[0.212s] Level 1:colcon.colcon_core.package_identification:_identify(src/trac_ik/trac_ik_examples) by extension 'ignore'
[0.212s] Level 1:colcon.colcon_core.package_identification:_identify(src/trac_ik/trac_ik_examples) by extension 'ignore_ament_install'
[0.212s] Level 1:colcon.colcon_core.package_identification:_identify(src/trac_ik/trac_ik_examples) by extensions ['colcon_pkg']
[0.212s] Level 1:colcon.colcon_core.package_identification:_identify(src/trac_ik/trac_ik_examples) by extension 'colcon_pkg'
[0.212s] Level 1:colcon.colcon_core.package_identification:_identify(src/trac_ik/trac_ik_examples) by extensions ['colcon_meta']
[0.212s] Level 1:colcon.colcon_core.package_identification:_identify(src/trac_ik/trac_ik_examples) by extension 'colcon_meta'
[0.212s] Level 1:colcon.colcon_core.package_identification:_identify(src/trac_ik/trac_ik_examples) by extensions ['ros']
[0.212s] Level 1:colcon.colcon_core.package_identification:_identify(src/trac_ik/trac_ik_examples) by extension 'ros'
[0.213s] DEBUG:colcon.colcon_core.package_identification:Package 'src/trac_ik/trac_ik_examples' with type 'ros.ament_cmake' and name 'trac_ik_examples'
[0.213s] Level 1:colcon.colcon_core.package_identification:_identify(src/trac_ik/trac_ik_kinematics) by extensions ['ignore', 'ignore_ament_install']
[0.213s] Level 1:colcon.colcon_core.package_identification:_identify(src/trac_ik/trac_ik_kinematics) by extension 'ignore'
[0.213s] Level 1:colcon.colcon_core.package_identification:_identify(src/trac_ik/trac_ik_kinematics) by extension 'ignore_ament_install'
[0.213s] Level 1:colcon.colcon_core.package_identification:_identify(src/trac_ik/trac_ik_kinematics) by extensions ['colcon_pkg']
[0.213s] Level 1:colcon.colcon_core.package_identification:_identify(src/trac_ik/trac_ik_kinematics) by extension 'colcon_pkg'
[0.213s] Level 1:colcon.colcon_core.package_identification:_identify(src/trac_ik/trac_ik_kinematics) by extensions ['colcon_meta']
[0.213s] Level 1:colcon.colcon_core.package_identification:_identify(src/trac_ik/trac_ik_kinematics) by extension 'colcon_meta'
[0.213s] Level 1:colcon.colcon_core.package_identification:_identify(src/trac_ik/trac_ik_kinematics) by extensions ['ros']
[0.213s] Level 1:colcon.colcon_core.package_identification:_identify(src/trac_ik/trac_ik_kinematics) by extension 'ros'
[0.214s] DEBUG:colcon.colcon_core.package_identification:Package 'src/trac_ik/trac_ik_kinematics' with type 'ros.ament_cmake' and name 'trac_ik_kinematics'
[0.214s] Level 1:colcon.colcon_core.package_identification:_identify(src/trac_ik/trac_ik_lib) by extensions ['ignore', 'ignore_ament_install']
[0.214s] Level 1:colcon.colcon_core.package_identification:_identify(src/trac_ik/trac_ik_lib) by extension 'ignore'
[0.214s] Level 1:colcon.colcon_core.package_identification:_identify(src/trac_ik/trac_ik_lib) by extension 'ignore_ament_install'
[0.214s] Level 1:colcon.colcon_core.package_identification:_identify(src/trac_ik/trac_ik_lib) by extensions ['colcon_pkg']
[0.214s] Level 1:colcon.colcon_core.package_identification:_identify(src/trac_ik/trac_ik_lib) by extension 'colcon_pkg'
[0.214s] Level 1:colcon.colcon_core.package_identification:_identify(src/trac_ik/trac_ik_lib) by extensions ['colcon_meta']
[0.214s] Level 1:colcon.colcon_core.package_identification:_identify(src/trac_ik/trac_ik_lib) by extension 'colcon_meta'
[0.214s] Level 1:colcon.colcon_core.package_identification:_identify(src/trac_ik/trac_ik_lib) by extensions ['ros']
[0.214s] Level 1:colcon.colcon_core.package_identification:_identify(src/trac_ik/trac_ik_lib) by extension 'ros'
[0.215s] DEBUG:colcon.colcon_core.package_identification:Package 'src/trac_ik/trac_ik_lib' with type 'ros.ament_cmake' and name 'trac_ik_lib'
[0.215s] Level 1:colcon.colcon_core.package_identification:_identify(src/trac_ik/trac_ik_python) by extensions ['ignore', 'ignore_ament_install']
[0.215s] Level 1:colcon.colcon_core.package_identification:_identify(src/trac_ik/trac_ik_python) by extension 'ignore'
[0.215s] Level 1:colcon.colcon_core.package_identification:_identify(src/trac_ik/trac_ik_python) ignored
[0.215s] Level 1:colcon.colcon_core.package_identification:_identify(src/ur5_sem2_scripts) by extensions ['ignore', 'ignore_ament_install']
[0.215s] Level 1:colcon.colcon_core.package_identification:_identify(src/ur5_sem2_scripts) by extension 'ignore'
[0.215s] Level 1:colcon.colcon_core.package_identification:_identify(src/ur5_sem2_scripts) by extension 'ignore_ament_install'
[0.215s] Level 1:colcon.colcon_core.package_identification:_identify(src/ur5_sem2_scripts) by extensions ['colcon_pkg']
[0.215s] Level 1:colcon.colcon_core.package_identification:_identify(src/ur5_sem2_scripts) by extension 'colcon_pkg'
[0.215s] Level 1:colcon.colcon_core.package_identification:_identify(src/ur5_sem2_scripts) by extensions ['colcon_meta']
[0.215s] Level 1:colcon.colcon_core.package_identification:_identify(src/ur5_sem2_scripts) by extension 'colcon_meta'
[0.215s] Level 1:colcon.colcon_core.package_identification:_identify(src/ur5_sem2_scripts) by extensions ['ros']
[0.215s] Level 1:colcon.colcon_core.package_identification:_identify(src/ur5_sem2_scripts) by extension 'ros'
[0.216s] DEBUG:colcon.colcon_core.package_identification:Package 'src/ur5_sem2_scripts' with type 'ros.ament_cmake' and name 'ur5_sem2_scripts'
[0.216s] Level 1:colcon.colcon_core.package_discovery:discover_packages(recursive) using defaults
[0.216s] Level 1:colcon.colcon_core.package_discovery:discover_packages(ignore) discover
[0.216s] Level 1:colcon.colcon_core.package_discovery:discover_packages(ignore) using defaults
[0.216s] Level 1:colcon.colcon_core.package_discovery:discover_packages(path) discover
[0.216s] Level 1:colcon.colcon_core.package_discovery:discover_packages(path) using defaults
[0.263s] Level 1:colcon.colcon_core.package_discovery:discover_packages(prefix_path) check parameters
[0.264s] Level 1:colcon.colcon_core.package_discovery:discover_packages(prefix_path) discover
[0.265s] DEBUG:colcon.colcon_installed_package_information.package_discovery:Found 5 installed packages in /home/magne/ros2_ws/install
[0.267s] DEBUG:colcon.colcon_installed_package_information.package_discovery:Found 365 installed packages in /opt/ros/humble
[0.268s] Level 1:colcon.colcon_core.package_discovery:discover_packages(prefix_path) using defaults
[0.302s] Level 5:colcon.colcon_core.verb:set package 'trac_ik_lib' build argument 'cmake_args' from command line to 'None'
[0.302s] Level 5:colcon.colcon_core.verb:set package 'trac_ik_lib' build argument 'cmake_target' from command line to 'None'
[0.302s] Level 5:colcon.colcon_core.verb:set package 'trac_ik_lib' build argument 'cmake_target_skip_unavailable' from command line to 'False'
[0.302s] Level 5:colcon.colcon_core.verb:set package 'trac_ik_lib' build argument 'cmake_clean_cache' from command line to 'False'
[0.302s] Level 5:colcon.colcon_core.verb:set package 'trac_ik_lib' build argument 'cmake_clean_first' from command line to 'False'
[0.302s] Level 5:colcon.colcon_core.verb:set package 'trac_ik_lib' build argument 'cmake_force_configure' from command line to 'False'
[0.302s] Level 5:colcon.colcon_core.verb:set package 'trac_ik_lib' build argument 'ament_cmake_args' from command line to 'None'
[0.302s] Level 5:colcon.colcon_core.verb:set package 'trac_ik_lib' build argument 'catkin_cmake_args' from command line to 'None'
[0.302s] Level 5:colcon.colcon_core.verb:set package 'trac_ik_lib' build argument 'catkin_skip_building_tests' from command line to 'False'
[0.302s] DEBUG:colcon.colcon_core.verb:Building package 'trac_ik_lib' with the following arguments: {'ament_cmake_args': None, 'build_base': '/home/magne/ros2_ws/build/trac_ik_lib', 'catkin_cmake_args': None, 'catkin_skip_building_tests': False, 'cmake_args': None, 'cmake_clean_cache': False, 'cmake_clean_first': False, 'cmake_force_configure': False, 'cmake_target': None, 'cmake_target_skip_unavailable': False, 'install_base': '/home/magne/ros2_ws/install/trac_ik_lib', 'merge_install': False, 'path': '/home/magne/ros2_ws/src/trac_ik/trac_ik_lib', 'symlink_install': False, 'test_result_base': None}
[0.303s] Level 5:colcon.colcon_core.verb:set package 'ur5_sem2_scripts' build argument 'cmake_args' from command line to 'None'
[0.303s] Level 5:colcon.colcon_core.verb:set package 'ur5_sem2_scripts' build argument 'cmake_target' from command line to 'None'
[0.303s] Level 5:colcon.colcon_core.verb:set package 'ur5_sem2_scripts' build argument 'cmake_target_skip_unavailable' from command line to 'False'
[0.303s] Level 5:colcon.colcon_core.verb:set package 'ur5_sem2_scripts' build argument 'cmake_clean_cache' from command line to 'False'
[0.303s] Level 5:colcon.colcon_core.verb:set package 'ur5_sem2_scripts' build argument 'cmake_clean_first' from command line to 'False'
[0.303s] Level 5:colcon.colcon_core.verb:set package 'ur5_sem2_scripts' build argument 'cmake_force_configure' from command line to 'False'
[0.303s] Level 5:colcon.colcon_core.verb:set package 'ur5_sem2_scripts' build argument 'ament_cmake_args' from command line to 'None'
[0.303s] Level 5:colcon.colcon_core.verb:set package 'ur5_sem2_scripts' build argument 'catkin_cmake_args' from command line to 'None'
[0.303s] Level 5:colcon.colcon_core.verb:set package 'ur5_sem2_scripts' build argument 'catkin_skip_building_tests' from command line to 'False'
[0.303s] DEBUG:colcon.colcon_core.verb:Building package 'ur5_sem2_scripts' with the following arguments: {'ament_cmake_args': None, 'build_base': '/home/magne/ros2_ws/build/ur5_sem2_scripts', 'catkin_cmake_args': None, 'catkin_skip_building_tests': False, 'cmake_args': None, 'cmake_clean_cache': False, 'cmake_clean_first': False, 'cmake_force_configure': False, 'cmake_target': None, 'cmake_target_skip_unavailable': False, 'install_base': '/home/magne/ros2_ws/install/ur5_sem2_scripts', 'merge_install': False, 'path': '/home/magne/ros2_ws/src/ur5_sem2_scripts', 'symlink_install': False, 'test_result_base': None}
[0.303s] Level 5:colcon.colcon_core.verb:set package 'trac_ik_examples' build argument 'cmake_args' from command line to 'None'
[0.303s] Level 5:colcon.colcon_core.verb:set package 'trac_ik_examples' build argument 'cmake_target' from command line to 'None'
[0.303s] Level 5:colcon.colcon_core.verb:set package 'trac_ik_examples' build argument 'cmake_target_skip_unavailable' from command line to 'False'
[0.303s] Level 5:colcon.colcon_core.verb:set package 'trac_ik_examples' build argument 'cmake_clean_cache' from command line to 'False'
[0.303s] Level 5:colcon.colcon_core.verb:set package 'trac_ik_examples' build argument 'cmake_clean_first' from command line to 'False'
[0.303s] Level 5:colcon.colcon_core.verb:set package 'trac_ik_examples' build argument 'cmake_force_configure' from command line to 'False'
[0.303s] Level 5:colcon.colcon_core.verb:set package 'trac_ik_examples' build argument 'ament_cmake_args' from command line to 'None'
[0.303s] Level 5:colcon.colcon_core.verb:set package 'trac_ik_examples' build argument 'catkin_cmake_args' from command line to 'None'
[0.303s] Level 5:colcon.colcon_core.verb:set package 'trac_ik_examples' build argument 'catkin_skip_building_tests' from command line to 'False'
[0.303s] DEBUG:colcon.colcon_core.verb:Building package 'trac_ik_examples' with the following arguments: {'ament_cmake_args': None, 'build_base': '/home/magne/ros2_ws/build/trac_ik_examples', 'catkin_cmake_args': None, 'catkin_skip_building_tests': False, 'cmake_args': None, 'cmake_clean_cache': False, 'cmake_clean_first': False, 'cmake_force_configure': False, 'cmake_target': None, 'cmake_target_skip_unavailable': False, 'install_base': '/home/magne/ros2_ws/install/trac_ik_examples', 'merge_install': False, 'path': '/home/magne/ros2_ws/src/trac_ik/trac_ik_examples', 'symlink_install': False, 'test_result_base': None}
[0.304s] Level 5:colcon.colcon_core.verb:set package 'trac_ik_kinematics' build argument 'cmake_args' from command line to 'None'
[0.304s] Level 5:colcon.colcon_core.verb:set package 'trac_ik_kinematics' build argument 'cmake_target' from command line to 'None'
[0.304s] Level 5:colcon.colcon_core.verb:set package 'trac_ik_kinematics' build argument 'cmake_target_skip_unavailable' from command line to 'False'
[0.304s] Level 5:colcon.colcon_core.verb:set package 'trac_ik_kinematics' build argument 'cmake_clean_cache' from command line to 'False'
[0.304s] Level 5:colcon.colcon_core.verb:set package 'trac_ik_kinematics' build argument 'cmake_clean_first' from command line to 'False'
[0.304s] Level 5:colcon.colcon_core.verb:set package 'trac_ik_kinematics' build argument 'cmake_force_configure' from command line to 'False'
[0.304s] Level 5:colcon.colcon_core.verb:set package 'trac_ik_kinematics' build argument 'ament_cmake_args' from command line to 'None'
[0.304s] Level 5:colcon.colcon_core.verb:set package 'trac_ik_kinematics' build argument 'catkin_cmake_args' from command line to 'None'
[0.304s] Level 5:colcon.colcon_core.verb:set package 'trac_ik_kinematics' build argument 'catkin_skip_building_tests' from command line to 'False'
[0.304s] DEBUG:colcon.colcon_core.verb:Building package 'trac_ik_kinematics' with the following arguments: {'ament_cmake_args': None, 'build_base': '/home/magne/ros2_ws/build/trac_ik_kinematics', 'catkin_cmake_args': None, 'catkin_skip_building_tests': False, 'cmake_args': None, 'cmake_clean_cache': False, 'cmake_clean_first': False, 'cmake_force_configure': False, 'cmake_target': None, 'cmake_target_skip_unavailable': False, 'install_base': '/home/magne/ros2_ws/install/trac_ik_kinematics', 'merge_install': False, 'path': '/home/magne/ros2_ws/src/trac_ik/trac_ik_kinematics', 'symlink_install': False, 'test_result_base': None}
[0.304s] Level 5:colcon.colcon_core.verb:set package 'trac_ik' build argument 'cmake_args' from command line to 'None'
[0.304s] Level 5:colcon.colcon_core.verb:set package 'trac_ik' build argument 'cmake_target' from command line to 'None'
[0.304s] Level 5:colcon.colcon_core.verb:set package 'trac_ik' build argument 'cmake_target_skip_unavailable' from command line to 'False'
[0.304s] Level 5:colcon.colcon_core.verb:set package 'trac_ik' build argument 'cmake_clean_cache' from command line to 'False'
[0.304s] Level 5:colcon.colcon_core.verb:set package 'trac_ik' build argument 'cmake_clean_first' from command line to 'False'
[0.304s] Level 5:colcon.colcon_core.verb:set package 'trac_ik' build argument 'cmake_force_configure' from command line to 'False'
[0.304s] Level 5:colcon.colcon_core.verb:set package 'trac_ik' build argument 'ament_cmake_args' from command line to 'None'
[0.304s] Level 5:colcon.colcon_core.verb:set package 'trac_ik' build argument 'catkin_cmake_args' from command line to 'None'
[0.304s] Level 5:colcon.colcon_core.verb:set package 'trac_ik' build argument 'catkin_skip_building_tests' from command line to 'False'
[0.304s] DEBUG:colcon.colcon_core.verb:Building package 'trac_ik' with the following arguments: {'ament_cmake_args': None, 'build_base': '/home/magne/ros2_ws/build/trac_ik', 'catkin_cmake_args': None, 'catkin_skip_building_tests': False, 'cmake_args': None, 'cmake_clean_cache': False, 'cmake_clean_first': False, 'cmake_force_configure': False, 'cmake_target': None, 'cmake_target_skip_unavailable': False, 'install_base': '/home/magne/ros2_ws/install/trac_ik', 'merge_install': False, 'path': '/home/magne/ros2_ws/src/trac_ik/trac_ik', 'symlink_install': False, 'test_result_base': None}
[0.304s] INFO:colcon.colcon_core.executor:Executing jobs using 'parallel' executor
[0.306s] DEBUG:colcon.colcon_parallel_executor.executor.parallel:run_until_complete
[0.306s] INFO:colcon.colcon_ros.task.ament_cmake.build:Building ROS package in '/home/magne/ros2_ws/src/trac_ik/trac_ik_lib' with build type 'ament_cmake'
[0.306s] INFO:colcon.colcon_cmake.task.cmake.build:Building CMake package in '/home/magne/ros2_ws/src/trac_ik/trac_ik_lib'
[0.308s] INFO:colcon.colcon_core.plugin_system:Skipping extension 'colcon_core.shell.bat': Not used on non-Windows systems
[0.309s] INFO:colcon.colcon_core.shell:Skip shell extension 'powershell' for command environment: Not usable outside of PowerShell
[0.309s] DEBUG:colcon.colcon_core.shell:Skip shell extension 'dsv' for command environment
[0.313s] INFO:colcon.colcon_ros.task.ament_cmake.build:Building ROS package in '/home/magne/ros2_ws/src/ur5_sem2_scripts' with build type 'ament_cmake'
[0.313s] INFO:colcon.colcon_cmake.task.cmake.build:Building CMake package in '/home/magne/ros2_ws/src/ur5_sem2_scripts'
[0.313s] INFO:colcon.colcon_core.shell:Skip shell extension 'powershell' for command environment: Not usable outside of PowerShell
[0.313s] DEBUG:colcon.colcon_core.shell:Skip shell extension 'dsv' for command environment
[0.320s] DEBUG:colcon.colcon_core.event_handler.log_command:Invoking command in '/home/magne/ros2_ws/build/trac_ik_lib': CMAKE_PREFIX_PATH=${CMAKE_PREFIX_PATH}:/opt/ros/humble /usr/bin/cmake --build /home/magne/ros2_ws/build/trac_ik_lib -- -j20 -l20
[0.325s] DEBUG:colcon.colcon_core.event_handler.log_command:Invoking command in '/home/magne/ros2_ws/build/ur5_sem2_scripts': CMAKE_PREFIX_PATH=${CMAKE_PREFIX_PATH}:/opt/ros/humble /usr/bin/cmake --build /home/magne/ros2_ws/build/ur5_sem2_scripts -- -j20 -l20
[0.389s] DEBUG:colcon.colcon_core.event_handler.log_command:Invoked command in '/home/magne/ros2_ws/build/trac_ik_lib' returned '0': CMAKE_PREFIX_PATH=${CMAKE_PREFIX_PATH}:/opt/ros/humble /usr/bin/cmake --build /home/magne/ros2_ws/build/trac_ik_lib -- -j20 -l20
[0.401s] DEBUG:colcon.colcon_core.event_handler.log_command:Invoking command in '/home/magne/ros2_ws/build/trac_ik_lib': CMAKE_PREFIX_PATH=${CMAKE_PREFIX_PATH}:/opt/ros/humble /usr/bin/cmake --install /home/magne/ros2_ws/build/trac_ik_lib
[0.411s] Level 1:colcon.colcon_core.environment:create_environment_scripts_only(trac_ik_lib)
[0.411s] DEBUG:colcon.colcon_core.event_handler.log_command:Invoked command in '/home/magne/ros2_ws/build/trac_ik_lib' returned '0': CMAKE_PREFIX_PATH=${CMAKE_PREFIX_PATH}:/opt/ros/humble /usr/bin/cmake --install /home/magne/ros2_ws/build/trac_ik_lib
[0.413s] Level 1:colcon.colcon_core.environment:checking '/home/magne/ros2_ws/install/trac_ik_lib' for CMake module files
[0.414s] Level 1:colcon.colcon_core.environment:checking '/home/magne/ros2_ws/install/trac_ik_lib' for CMake config files
[0.414s] Level 1:colcon.colcon_core.shell:create_environment_hook('trac_ik_lib', 'cmake_prefix_path')
[0.414s] INFO:colcon.colcon_core.shell:Creating environment hook '/home/magne/ros2_ws/install/trac_ik_lib/share/trac_ik_lib/hook/cmake_prefix_path.ps1'
[0.415s] INFO:colcon.colcon_core.shell:Creating environment descriptor '/home/magne/ros2_ws/install/trac_ik_lib/share/trac_ik_lib/hook/cmake_prefix_path.dsv'
[0.416s] INFO:colcon.colcon_core.shell:Creating environment hook '/home/magne/ros2_ws/install/trac_ik_lib/share/trac_ik_lib/hook/cmake_prefix_path.sh'
[0.417s] Level 1:colcon.colcon_core.environment:checking '/home/magne/ros2_ws/install/trac_ik_lib/lib'
[0.417s] Level 1:colcon.colcon_core.shell:create_environment_hook('trac_ik_lib', 'ld_library_path_lib')
[0.418s] INFO:colcon.colcon_core.shell:Creating environment hook '/home/magne/ros2_ws/install/trac_ik_lib/share/trac_ik_lib/hook/ld_library_path_lib.ps1'
[0.418s] INFO:colcon.colcon_core.shell:Creating environment descriptor '/home/magne/ros2_ws/install/trac_ik_lib/share/trac_ik_lib/hook/ld_library_path_lib.dsv'
[0.418s] INFO:colcon.colcon_core.shell:Creating environment hook '/home/magne/ros2_ws/install/trac_ik_lib/share/trac_ik_lib/hook/ld_library_path_lib.sh'
[0.419s] Level 1:colcon.colcon_core.environment:checking '/home/magne/ros2_ws/install/trac_ik_lib/bin'
[0.419s] Level 1:colcon.colcon_core.environment:checking '/home/magne/ros2_ws/install/trac_ik_lib/lib/pkgconfig/trac_ik_lib.pc'
[0.419s] Level 1:colcon.colcon_core.environment:checking '/home/magne/ros2_ws/install/trac_ik_lib/lib/python3.10/site-packages'
[0.419s] Level 1:colcon.colcon_core.environment:checking '/home/magne/ros2_ws/install/trac_ik_lib/bin'
[0.420s] INFO:colcon.colcon_core.shell:Creating package script '/home/magne/ros2_ws/install/trac_ik_lib/share/trac_ik_lib/package.ps1'
[0.421s] INFO:colcon.colcon_core.shell:Creating package descriptor '/home/magne/ros2_ws/install/trac_ik_lib/share/trac_ik_lib/package.dsv'
[0.421s] INFO:colcon.colcon_core.shell:Creating package script '/home/magne/ros2_ws/install/trac_ik_lib/share/trac_ik_lib/package.sh'
[0.422s] INFO:colcon.colcon_core.shell:Creating package script '/home/magne/ros2_ws/install/trac_ik_lib/share/trac_ik_lib/package.bash'
[0.422s] INFO:colcon.colcon_core.shell:Creating package script '/home/magne/ros2_ws/install/trac_ik_lib/share/trac_ik_lib/package.zsh'
[0.423s] Level 1:colcon.colcon_core.environment:create_file_with_runtime_dependencies(/home/magne/ros2_ws/install/trac_ik_lib/share/colcon-core/packages/trac_ik_lib)
[0.424s] Level 1:colcon.colcon_core.environment:create_environment_scripts_only(trac_ik_lib)
[0.424s] Level 1:colcon.colcon_core.environment:checking '/home/magne/ros2_ws/install/trac_ik_lib' for CMake module files
[0.424s] Level 1:colcon.colcon_core.environment:checking '/home/magne/ros2_ws/install/trac_ik_lib' for CMake config files
[0.425s] Level 1:colcon.colcon_core.shell:create_environment_hook('trac_ik_lib', 'cmake_prefix_path')
[0.425s] INFO:colcon.colcon_core.shell:Creating environment hook '/home/magne/ros2_ws/install/trac_ik_lib/share/trac_ik_lib/hook/cmake_prefix_path.ps1'
[0.425s] INFO:colcon.colcon_core.shell:Creating environment descriptor '/home/magne/ros2_ws/install/trac_ik_lib/share/trac_ik_lib/hook/cmake_prefix_path.dsv'
[0.426s] INFO:colcon.colcon_core.shell:Creating environment hook '/home/magne/ros2_ws/install/trac_ik_lib/share/trac_ik_lib/hook/cmake_prefix_path.sh'
[0.427s] Level 1:colcon.colcon_core.environment:checking '/home/magne/ros2_ws/install/trac_ik_lib/lib'
[0.427s] Level 1:colcon.colcon_core.shell:create_environment_hook('trac_ik_lib', 'ld_library_path_lib')
[0.427s] INFO:colcon.colcon_core.shell:Creating environment hook '/home/magne/ros2_ws/install/trac_ik_lib/share/trac_ik_lib/hook/ld_library_path_lib.ps1'
[0.427s] INFO:colcon.colcon_core.shell:Creating environment descriptor '/home/magne/ros2_ws/install/trac_ik_lib/share/trac_ik_lib/hook/ld_library_path_lib.dsv'
[0.428s] INFO:colcon.colcon_core.shell:Creating environment hook '/home/magne/ros2_ws/install/trac_ik_lib/share/trac_ik_lib/hook/ld_library_path_lib.sh'
[0.428s] Level 1:colcon.colcon_core.environment:checking '/home/magne/ros2_ws/install/trac_ik_lib/bin'
[0.428s] Level 1:colcon.colcon_core.environment:checking '/home/magne/ros2_ws/install/trac_ik_lib/lib/pkgconfig/trac_ik_lib.pc'
[0.428s] Level 1:colcon.colcon_core.environment:checking '/home/magne/ros2_ws/install/trac_ik_lib/lib/python3.10/site-packages'
[0.428s] Level 1:colcon.colcon_core.environment:checking '/home/magne/ros2_ws/install/trac_ik_lib/bin'
[0.429s] INFO:colcon.colcon_core.shell:Creating package script '/home/magne/ros2_ws/install/trac_ik_lib/share/trac_ik_lib/package.ps1'
[0.430s] INFO:colcon.colcon_core.shell:Creating package descriptor '/home/magne/ros2_ws/install/trac_ik_lib/share/trac_ik_lib/package.dsv'
[0.430s] INFO:colcon.colcon_core.shell:Creating package script '/home/magne/ros2_ws/install/trac_ik_lib/share/trac_ik_lib/package.sh'
[0.431s] INFO:colcon.colcon_core.shell:Creating package script '/home/magne/ros2_ws/install/trac_ik_lib/share/trac_ik_lib/package.bash'
[0.431s] INFO:colcon.colcon_core.shell:Creating package script '/home/magne/ros2_ws/install/trac_ik_lib/share/trac_ik_lib/package.zsh'
[0.431s] Level 1:colcon.colcon_core.environment:create_file_with_runtime_dependencies(/home/magne/ros2_ws/install/trac_ik_lib/share/colcon-core/packages/trac_ik_lib)
[0.432s] INFO:colcon.colcon_ros.task.ament_cmake.build:Building ROS package in '/home/magne/ros2_ws/src/trac_ik/trac_ik_examples' with build type 'ament_cmake'
[0.432s] INFO:colcon.colcon_cmake.task.cmake.build:Building CMake package in '/home/magne/ros2_ws/src/trac_ik/trac_ik_examples'
[0.432s] INFO:colcon.colcon_core.shell:Skip shell extension 'powershell' for command environment: Not usable outside of PowerShell
[0.432s] DEBUG:colcon.colcon_core.shell:Skip shell extension 'dsv' for command environment
[0.435s] INFO:colcon.colcon_ros.task.ament_cmake.build:Building ROS package in '/home/magne/ros2_ws/src/trac_ik/trac_ik_kinematics' with build type 'ament_cmake'
[0.435s] INFO:colcon.colcon_cmake.task.cmake.build:Building CMake package in '/home/magne/ros2_ws/src/trac_ik/trac_ik_kinematics'
[0.436s] INFO:colcon.colcon_core.shell:Skip shell extension 'powershell' for command environment: Not usable outside of PowerShell
[0.436s] DEBUG:colcon.colcon_core.shell:Skip shell extension 'dsv' for command environment
[0.442s] DEBUG:colcon.colcon_core.event_handler.log_command:Invoking command in '/home/magne/ros2_ws/build/trac_ik_examples': AMENT_PREFIX_PATH=/home/magne/ros2_ws/install/trac_ik_lib:${AMENT_PREFIX_PATH} CMAKE_PREFIX_PATH=/home/magne/ros2_ws/install/trac_ik_lib:/home/magne/ros2_ws/install/ur5_sem2_scripts:/opt/ros/humble LD_LIBRARY_PATH=/home/magne/ros2_ws/install/trac_ik_lib/lib:${LD_LIBRARY_PATH} /usr/bin/cmake --build /home/magne/ros2_ws/build/trac_ik_examples -- -j20 -l20
[0.445s] DEBUG:colcon.colcon_core.event_handler.log_command:Invoking command in '/home/magne/ros2_ws/build/trac_ik_kinematics': AMENT_PREFIX_PATH=/home/magne/ros2_ws/install/trac_ik_lib:${AMENT_PREFIX_PATH} CMAKE_PREFIX_PATH=/home/magne/ros2_ws/install/trac_ik_lib:/home/magne/ros2_ws/install/ur5_sem2_scripts:/opt/ros/humble LD_LIBRARY_PATH=/home/magne/ros2_ws/install/trac_ik_lib/lib:${LD_LIBRARY_PATH} /usr/bin/cmake --build /home/magne/ros2_ws/build/trac_ik_kinematics -- -j20 -l20
[0.515s] DEBUG:colcon.colcon_core.event_handler.log_command:Invoked command in '/home/magne/ros2_ws/build/trac_ik_kinematics' returned '0': AMENT_PREFIX_PATH=/home/magne/ros2_ws/install/trac_ik_lib:${AMENT_PREFIX_PATH} CMAKE_PREFIX_PATH=/home/magne/ros2_ws/install/trac_ik_lib:/home/magne/ros2_ws/install/ur5_sem2_scripts:/opt/ros/humble LD_LIBRARY_PATH=/home/magne/ros2_ws/install/trac_ik_lib/lib:${LD_LIBRARY_PATH} /usr/bin/cmake --build /home/magne/ros2_ws/build/trac_ik_kinematics -- -j20 -l20
[0.517s] DEBUG:colcon.colcon_core.event_handler.log_command:Invoking command in '/home/magne/ros2_ws/build/trac_ik_kinematics': AMENT_PREFIX_PATH=/home/magne/ros2_ws/install/trac_ik_lib:${AMENT_PREFIX_PATH} CMAKE_PREFIX_PATH=/home/magne/ros2_ws/install/trac_ik_lib:/home/magne/ros2_ws/install/ur5_sem2_scripts:/opt/ros/humble LD_LIBRARY_PATH=/home/magne/ros2_ws/install/trac_ik_lib/lib:${LD_LIBRARY_PATH} /usr/bin/cmake --install /home/magne/ros2_ws/build/trac_ik_kinematics
[0.517s] DEBUG:colcon.colcon_core.event_handler.log_command:Invoked command in '/home/magne/ros2_ws/build/trac_ik_examples' returned '0': AMENT_PREFIX_PATH=/home/magne/ros2_ws/install/trac_ik_lib:${AMENT_PREFIX_PATH} CMAKE_PREFIX_PATH=/home/magne/ros2_ws/install/trac_ik_lib:/home/magne/ros2_ws/install/ur5_sem2_scripts:/opt/ros/humble LD_LIBRARY_PATH=/home/magne/ros2_ws/install/trac_ik_lib/lib:${LD_LIBRARY_PATH} /usr/bin/cmake --build /home/magne/ros2_ws/build/trac_ik_examples -- -j20 -l20
[0.519s] DEBUG:colcon.colcon_core.event_handler.log_command:Invoking command in '/home/magne/ros2_ws/build/trac_ik_examples': AMENT_PREFIX_PATH=/home/magne/ros2_ws/install/trac_ik_lib:${AMENT_PREFIX_PATH} CMAKE_PREFIX_PATH=/home/magne/ros2_ws/install/trac_ik_lib:/home/magne/ros2_ws/install/ur5_sem2_scripts:/opt/ros/humble LD_LIBRARY_PATH=/home/magne/ros2_ws/install/trac_ik_lib/lib:${LD_LIBRARY_PATH} /usr/bin/cmake --install /home/magne/ros2_ws/build/trac_ik_examples
[0.528s] Level 1:colcon.colcon_core.environment:create_environment_scripts_only(trac_ik_examples)
[0.528s] Level 1:colcon.colcon_core.environment:checking '/home/magne/ros2_ws/install/trac_ik_examples' for CMake module files
[0.529s] DEBUG:colcon.colcon_core.event_handler.log_command:Invoked command in '/home/magne/ros2_ws/build/trac_ik_examples' returned '0': AMENT_PREFIX_PATH=/home/magne/ros2_ws/install/trac_ik_lib:${AMENT_PREFIX_PATH} CMAKE_PREFIX_PATH=/home/magne/ros2_ws/install/trac_ik_lib:/home/magne/ros2_ws/install/ur5_sem2_scripts:/opt/ros/humble LD_LIBRARY_PATH=/home/magne/ros2_ws/install/trac_ik_lib/lib:${LD_LIBRARY_PATH} /usr/bin/cmake --install /home/magne/ros2_ws/build/trac_ik_examples
[0.529s] Level 1:colcon.colcon_core.environment:checking '/home/magne/ros2_ws/install/trac_ik_examples' for CMake config files
[0.529s] Level 1:colcon.colcon_core.shell:create_environment_hook('trac_ik_examples', 'cmake_prefix_path')
[0.530s] INFO:colcon.colcon_core.shell:Creating environment hook '/home/magne/ros2_ws/install/trac_ik_examples/share/trac_ik_examples/hook/cmake_prefix_path.ps1'
[0.531s] INFO:colcon.colcon_core.shell:Creating environment descriptor '/home/magne/ros2_ws/install/trac_ik_examples/share/trac_ik_examples/hook/cmake_prefix_path.dsv'
[0.531s] INFO:colcon.colcon_core.shell:Creating environment hook '/home/magne/ros2_ws/install/trac_ik_examples/share/trac_ik_examples/hook/cmake_prefix_path.sh'
[0.531s] Level 1:colcon.colcon_core.environment:checking '/home/magne/ros2_ws/install/trac_ik_examples/lib'
[0.532s] Level 1:colcon.colcon_core.environment:checking '/home/magne/ros2_ws/install/trac_ik_examples/bin'
[0.532s] Level 1:colcon.colcon_core.environment:checking '/home/magne/ros2_ws/install/trac_ik_examples/lib/pkgconfig/trac_ik_examples.pc'
[0.532s] Level 1:colcon.colcon_core.environment:checking '/home/magne/ros2_ws/install/trac_ik_examples/lib/python3.10/site-packages'
[0.532s] Level 1:colcon.colcon_core.environment:checking '/home/magne/ros2_ws/install/trac_ik_examples/bin'
[0.532s] INFO:colcon.colcon_core.shell:Creating package script '/home/magne/ros2_ws/install/trac_ik_examples/share/trac_ik_examples/package.ps1'
[0.533s] INFO:colcon.colcon_core.shell:Creating package descriptor '/home/magne/ros2_ws/install/trac_ik_examples/share/trac_ik_examples/package.dsv'
[0.533s] INFO:colcon.colcon_core.shell:Creating package script '/home/magne/ros2_ws/install/trac_ik_examples/share/trac_ik_examples/package.sh'
[0.533s] INFO:colcon.colcon_core.shell:Creating package script '/home/magne/ros2_ws/install/trac_ik_examples/share/trac_ik_examples/package.bash'
[0.533s] INFO:colcon.colcon_core.shell:Creating package script '/home/magne/ros2_ws/install/trac_ik_examples/share/trac_ik_examples/package.zsh'
[0.534s] Level 1:colcon.colcon_core.environment:create_file_with_runtime_dependencies(/home/magne/ros2_ws/install/trac_ik_examples/share/colcon-core/packages/trac_ik_examples)
[0.534s] Level 1:colcon.colcon_core.environment:create_environment_scripts_only(trac_ik_examples)
[0.534s] Level 1:colcon.colcon_core.environment:checking '/home/magne/ros2_ws/install/trac_ik_examples' for CMake module files
[0.535s] Level 1:colcon.colcon_core.environment:checking '/home/magne/ros2_ws/install/trac_ik_examples' for CMake config files
[0.535s] Level 1:colcon.colcon_core.shell:create_environment_hook('trac_ik_examples', 'cmake_prefix_path')
[0.535s] INFO:colcon.colcon_core.shell:Creating environment hook '/home/magne/ros2_ws/install/trac_ik_examples/share/trac_ik_examples/hook/cmake_prefix_path.ps1'
[0.535s] INFO:colcon.colcon_core.shell:Creating environment descriptor '/home/magne/ros2_ws/install/trac_ik_examples/share/trac_ik_examples/hook/cmake_prefix_path.dsv'
[0.536s] INFO:colcon.colcon_core.shell:Creating environment hook '/home/magne/ros2_ws/install/trac_ik_examples/share/trac_ik_examples/hook/cmake_prefix_path.sh'
[0.536s] Level 1:colcon.colcon_core.environment:checking '/home/magne/ros2_ws/install/trac_ik_examples/lib'
[0.536s] Level 1:colcon.colcon_core.environment:checking '/home/magne/ros2_ws/install/trac_ik_examples/bin'
[0.536s] Level 1:colcon.colcon_core.environment:checking '/home/magne/ros2_ws/install/trac_ik_examples/lib/pkgconfig/trac_ik_examples.pc'
[0.537s] Level 1:colcon.colcon_core.environment:checking '/home/magne/ros2_ws/install/trac_ik_examples/lib/python3.10/site-packages'
[0.537s] Level 1:colcon.colcon_core.environment:checking '/home/magne/ros2_ws/install/trac_ik_examples/bin'
[0.537s] INFO:colcon.colcon_core.shell:Creating package script '/home/magne/ros2_ws/install/trac_ik_examples/share/trac_ik_examples/package.ps1'
[0.538s] INFO:colcon.colcon_core.shell:Creating package descriptor '/home/magne/ros2_ws/install/trac_ik_examples/share/trac_ik_examples/package.dsv'
[0.538s] INFO:colcon.colcon_core.shell:Creating package script '/home/magne/ros2_ws/install/trac_ik_examples/share/trac_ik_examples/package.sh'
[0.538s] INFO:colcon.colcon_core.shell:Creating package script '/home/magne/ros2_ws/install/trac_ik_examples/share/trac_ik_examples/package.bash'
[0.539s] INFO:colcon.colcon_core.shell:Creating package script '/home/magne/ros2_ws/install/trac_ik_examples/share/trac_ik_examples/package.zsh'
[0.539s] Level 1:colcon.colcon_core.environment:create_file_with_runtime_dependencies(/home/magne/ros2_ws/install/trac_ik_examples/share/colcon-core/packages/trac_ik_examples)
[0.539s] Level 1:colcon.colcon_core.environment:create_environment_scripts_only(trac_ik_kinematics)
[0.543s] DEBUG:colcon.colcon_core.event_handler.log_command:Invoked command in '/home/magne/ros2_ws/build/trac_ik_kinematics' returned '0': AMENT_PREFIX_PATH=/home/magne/ros2_ws/install/trac_ik_lib:${AMENT_PREFIX_PATH} CMAKE_PREFIX_PATH=/home/magne/ros2_ws/install/trac_ik_lib:/home/magne/ros2_ws/install/ur5_sem2_scripts:/opt/ros/humble LD_LIBRARY_PATH=/home/magne/ros2_ws/install/trac_ik_lib/lib:${LD_LIBRARY_PATH} /usr/bin/cmake --install /home/magne/ros2_ws/build/trac_ik_kinematics
[0.544s] Level 1:colcon.colcon_core.environment:checking '/home/magne/ros2_ws/install/trac_ik_kinematics' for CMake module files
[0.544s] Level 1:colcon.colcon_core.environment:checking '/home/magne/ros2_ws/install/trac_ik_kinematics' for CMake config files
[0.545s] Level 1:colcon.colcon_core.shell:create_environment_hook('trac_ik_kinematics', 'cmake_prefix_path')
[0.545s] INFO:colcon.colcon_core.shell:Creating environment hook '/home/magne/ros2_ws/install/trac_ik_kinematics/share/trac_ik_kinematics/hook/cmake_prefix_path.ps1'
[0.546s] INFO:colcon.colcon_core.shell:Creating environment descriptor '/home/magne/ros2_ws/install/trac_ik_kinematics/share/trac_ik_kinematics/hook/cmake_prefix_path.dsv'
[0.546s] INFO:colcon.colcon_core.shell:Creating environment hook '/home/magne/ros2_ws/install/trac_ik_kinematics/share/trac_ik_kinematics/hook/cmake_prefix_path.sh'
[0.547s] Level 1:colcon.colcon_core.environment:checking '/home/magne/ros2_ws/install/trac_ik_kinematics/lib'
[0.547s] Level 1:colcon.colcon_core.shell:create_environment_hook('trac_ik_kinematics', 'ld_library_path_lib')
[0.547s] INFO:colcon.colcon_core.shell:Creating environment hook '/home/magne/ros2_ws/install/trac_ik_kinematics/share/trac_ik_kinematics/hook/ld_library_path_lib.ps1'
[0.547s] INFO:colcon.colcon_core.shell:Creating environment descriptor '/home/magne/ros2_ws/install/trac_ik_kinematics/share/trac_ik_kinematics/hook/ld_library_path_lib.dsv'
[0.548s] INFO:colcon.colcon_core.shell:Creating environment hook '/home/magne/ros2_ws/install/trac_ik_kinematics/share/trac_ik_kinematics/hook/ld_library_path_lib.sh'
[0.548s] Level 1:colcon.colcon_core.environment:checking '/home/magne/ros2_ws/install/trac_ik_kinematics/bin'
[0.548s] Level 1:colcon.colcon_core.environment:checking '/home/magne/ros2_ws/install/trac_ik_kinematics/lib/pkgconfig/trac_ik_kinematics.pc'
[0.548s] Level 1:colcon.colcon_core.environment:checking '/home/magne/ros2_ws/install/trac_ik_kinematics/lib/python3.10/site-packages'
[0.549s] Level 1:colcon.colcon_core.environment:checking '/home/magne/ros2_ws/install/trac_ik_kinematics/bin'
[0.549s] INFO:colcon.colcon_core.shell:Creating package script '/home/magne/ros2_ws/install/trac_ik_kinematics/share/trac_ik_kinematics/package.ps1'
[0.549s] INFO:colcon.colcon_core.shell:Creating package descriptor '/home/magne/ros2_ws/install/trac_ik_kinematics/share/trac_ik_kinematics/package.dsv'
[0.550s] INFO:colcon.colcon_core.shell:Creating package script '/home/magne/ros2_ws/install/trac_ik_kinematics/share/trac_ik_kinematics/package.sh'
[0.550s] INFO:colcon.colcon_core.shell:Creating package script '/home/magne/ros2_ws/install/trac_ik_kinematics/share/trac_ik_kinematics/package.bash'
[0.551s] INFO:colcon.colcon_core.shell:Creating package script '/home/magne/ros2_ws/install/trac_ik_kinematics/share/trac_ik_kinematics/package.zsh'
[0.551s] Level 1:colcon.colcon_core.environment:create_file_with_runtime_dependencies(/home/magne/ros2_ws/install/trac_ik_kinematics/share/colcon-core/packages/trac_ik_kinematics)
[0.552s] Level 1:colcon.colcon_core.environment:create_environment_scripts_only(trac_ik_kinematics)
[0.552s] Level 1:colcon.colcon_core.environment:checking '/home/magne/ros2_ws/install/trac_ik_kinematics' for CMake module files
[0.552s] Level 1:colcon.colcon_core.environment:checking '/home/magne/ros2_ws/install/trac_ik_kinematics' for CMake config files
[0.552s] Level 1:colcon.colcon_core.shell:create_environment_hook('trac_ik_kinematics', 'cmake_prefix_path')
[0.553s] INFO:colcon.colcon_core.shell:Creating environment hook '/home/magne/ros2_ws/install/trac_ik_kinematics/share/trac_ik_kinematics/hook/cmake_prefix_path.ps1'
[0.553s] INFO:colcon.colcon_core.shell:Creating environment descriptor '/home/magne/ros2_ws/install/trac_ik_kinematics/share/trac_ik_kinematics/hook/cmake_prefix_path.dsv'
[0.553s] INFO:colcon.colcon_core.shell:Creating environment hook '/home/magne/ros2_ws/install/trac_ik_kinematics/share/trac_ik_kinematics/hook/cmake_prefix_path.sh'
[0.554s] Level 1:colcon.colcon_core.environment:checking '/home/magne/ros2_ws/install/trac_ik_kinematics/lib'
[0.554s] Level 1:colcon.colcon_core.shell:create_environment_hook('trac_ik_kinematics', 'ld_library_path_lib')
[0.554s] INFO:colcon.colcon_core.shell:Creating environment hook '/home/magne/ros2_ws/install/trac_ik_kinematics/share/trac_ik_kinematics/hook/ld_library_path_lib.ps1'
[0.555s] INFO:colcon.colcon_core.shell:Creating environment descriptor '/home/magne/ros2_ws/install/trac_ik_kinematics/share/trac_ik_kinematics/hook/ld_library_path_lib.dsv'
[0.555s] INFO:colcon.colcon_core.shell:Creating environment hook '/home/magne/ros2_ws/install/trac_ik_kinematics/share/trac_ik_kinematics/hook/ld_library_path_lib.sh'
[0.555s] Level 1:colcon.colcon_core.environment:checking '/home/magne/ros2_ws/install/trac_ik_kinematics/bin'
[0.555s] Level 1:colcon.colcon_core.environment:checking '/home/magne/ros2_ws/install/trac_ik_kinematics/lib/pkgconfig/trac_ik_kinematics.pc'
[0.555s] Level 1:colcon.colcon_core.environment:checking '/home/magne/ros2_ws/install/trac_ik_kinematics/lib/python3.10/site-packages'
[0.555s] Level 1:colcon.colcon_core.environment:checking '/home/magne/ros2_ws/install/trac_ik_kinematics/bin'
[0.556s] INFO:colcon.colcon_core.shell:Creating package script '/home/magne/ros2_ws/install/trac_ik_kinematics/share/trac_ik_kinematics/package.ps1'
[0.556s] INFO:colcon.colcon_core.shell:Creating package descriptor '/home/magne/ros2_ws/install/trac_ik_kinematics/share/trac_ik_kinematics/package.dsv'
[0.557s] INFO:colcon.colcon_core.shell:Creating package script '/home/magne/ros2_ws/install/trac_ik_kinematics/share/trac_ik_kinematics/package.sh'
[0.557s] INFO:colcon.colcon_core.shell:Creating package script '/home/magne/ros2_ws/install/trac_ik_kinematics/share/trac_ik_kinematics/package.bash'
[0.557s] INFO:colcon.colcon_core.shell:Creating package script '/home/magne/ros2_ws/install/trac_ik_kinematics/share/trac_ik_kinematics/package.zsh'
[0.558s] Level 1:colcon.colcon_core.environment:create_file_with_runtime_dependencies(/home/magne/ros2_ws/install/trac_ik_kinematics/share/colcon-core/packages/trac_ik_kinematics)
[0.558s] INFO:colcon.colcon_ros.task.ament_cmake.build:Building ROS package in '/home/magne/ros2_ws/src/trac_ik/trac_ik' with build type 'ament_cmake'
[0.558s] INFO:colcon.colcon_cmake.task.cmake.build:Building CMake package in '/home/magne/ros2_ws/src/trac_ik/trac_ik'
[0.559s] INFO:colcon.colcon_core.shell:Skip shell extension 'powershell' for command environment: Not usable outside of PowerShell
[0.559s] DEBUG:colcon.colcon_core.shell:Skip shell extension 'dsv' for command environment
[0.571s] DEBUG:colcon.colcon_core.event_handler.log_command:Invoking command in '/home/magne/ros2_ws/build/trac_ik': AMENT_PREFIX_PATH=/home/magne/ros2_ws/install/trac_ik_kinematics:/home/magne/ros2_ws/install/trac_ik_examples:/home/magne/ros2_ws/install/trac_ik_lib:${AMENT_PREFIX_PATH} CMAKE_PREFIX_PATH=/home/magne/ros2_ws/install/trac_ik_kinematics:/home/magne/ros2_ws/install/trac_ik_examples:/home/magne/ros2_ws/install/trac_ik_lib:/home/magne/ros2_ws/install/ur5_sem2_scripts:/opt/ros/humble LD_LIBRARY_PATH=/home/magne/ros2_ws/install/trac_ik_kinematics/lib:/home/magne/ros2_ws/install/trac_ik_lib/lib:${LD_LIBRARY_PATH} /usr/bin/cmake --build /home/magne/ros2_ws/build/trac_ik -- -j20 -l20
[0.619s] DEBUG:colcon.colcon_core.event_handler.log_command:Invoked command in '/home/magne/ros2_ws/build/trac_ik' returned '0': AMENT_PREFIX_PATH=/home/magne/ros2_ws/install/trac_ik_kinematics:/home/magne/ros2_ws/install/trac_ik_examples:/home/magne/ros2_ws/install/trac_ik_lib:${AMENT_PREFIX_PATH} CMAKE_PREFIX_PATH=/home/magne/ros2_ws/install/trac_ik_kinematics:/home/magne/ros2_ws/install/trac_ik_examples:/home/magne/ros2_ws/install/trac_ik_lib:/home/magne/ros2_ws/install/ur5_sem2_scripts:/opt/ros/humble LD_LIBRARY_PATH=/home/magne/ros2_ws/install/trac_ik_kinematics/lib:/home/magne/ros2_ws/install/trac_ik_lib/lib:${LD_LIBRARY_PATH} /usr/bin/cmake --build /home/magne/ros2_ws/build/trac_ik -- -j20 -l20
[0.619s] DEBUG:colcon.colcon_core.event_handler.log_command:Invoking command in '/home/magne/ros2_ws/build/trac_ik': AMENT_PREFIX_PATH=/home/magne/ros2_ws/install/trac_ik_kinematics:/home/magne/ros2_ws/install/trac_ik_examples:/home/magne/ros2_ws/install/trac_ik_lib:${AMENT_PREFIX_PATH} CMAKE_PREFIX_PATH=/home/magne/ros2_ws/install/trac_ik_kinematics:/home/magne/ros2_ws/install/trac_ik_examples:/home/magne/ros2_ws/install/trac_ik_lib:/home/magne/ros2_ws/install/ur5_sem2_scripts:/opt/ros/humble LD_LIBRARY_PATH=/home/magne/ros2_ws/install/trac_ik_kinematics/lib:/home/magne/ros2_ws/install/trac_ik_lib/lib:${LD_LIBRARY_PATH} /usr/bin/cmake --install /home/magne/ros2_ws/build/trac_ik
[0.630s] Level 1:colcon.colcon_core.environment:create_environment_scripts_only(trac_ik)
[0.630s] Level 1:colcon.colcon_core.environment:checking '/home/magne/ros2_ws/install/trac_ik' for CMake module files
[0.631s] DEBUG:colcon.colcon_core.event_handler.log_command:Invoked command in '/home/magne/ros2_ws/build/trac_ik' returned '0': AMENT_PREFIX_PATH=/home/magne/ros2_ws/install/trac_ik_kinematics:/home/magne/ros2_ws/install/trac_ik_examples:/home/magne/ros2_ws/install/trac_ik_lib:${AMENT_PREFIX_PATH} CMAKE_PREFIX_PATH=/home/magne/ros2_ws/install/trac_ik_kinematics:/home/magne/ros2_ws/install/trac_ik_examples:/home/magne/ros2_ws/install/trac_ik_lib:/home/magne/ros2_ws/install/ur5_sem2_scripts:/opt/ros/humble LD_LIBRARY_PATH=/home/magne/ros2_ws/install/trac_ik_kinematics/lib:/home/magne/ros2_ws/install/trac_ik_lib/lib:${LD_LIBRARY_PATH} /usr/bin/cmake --install /home/magne/ros2_ws/build/trac_ik
[0.632s] Level 1:colcon.colcon_core.environment:checking '/home/magne/ros2_ws/install/trac_ik' for CMake config files
[0.632s] Level 1:colcon.colcon_core.shell:create_environment_hook('trac_ik', 'cmake_prefix_path')
[0.632s] INFO:colcon.colcon_core.shell:Creating environment hook '/home/magne/ros2_ws/install/trac_ik/share/trac_ik/hook/cmake_prefix_path.ps1'
[0.633s] INFO:colcon.colcon_core.shell:Creating environment descriptor '/home/magne/ros2_ws/install/trac_ik/share/trac_ik/hook/cmake_prefix_path.dsv'
[0.633s] INFO:colcon.colcon_core.shell:Creating environment hook '/home/magne/ros2_ws/install/trac_ik/share/trac_ik/hook/cmake_prefix_path.sh'
[0.634s] Level 1:colcon.colcon_core.environment:checking '/home/magne/ros2_ws/install/trac_ik/bin'
[0.634s] Level 1:colcon.colcon_core.environment:checking '/home/magne/ros2_ws/install/trac_ik/lib/pkgconfig/trac_ik.pc'
[0.634s] Level 1:colcon.colcon_core.environment:checking '/home/magne/ros2_ws/install/trac_ik/lib/python3.10/site-packages'
[0.635s] Level 1:colcon.colcon_core.environment:checking '/home/magne/ros2_ws/install/trac_ik/bin'
[0.635s] INFO:colcon.colcon_core.shell:Creating package script '/home/magne/ros2_ws/install/trac_ik/share/trac_ik/package.ps1'
[0.635s] INFO:colcon.colcon_core.shell:Creating package descriptor '/home/magne/ros2_ws/install/trac_ik/share/trac_ik/package.dsv'
[0.636s] INFO:colcon.colcon_core.shell:Creating package script '/home/magne/ros2_ws/install/trac_ik/share/trac_ik/package.sh'
[0.636s] INFO:colcon.colcon_core.shell:Creating package script '/home/magne/ros2_ws/install/trac_ik/share/trac_ik/package.bash'
[0.637s] INFO:colcon.colcon_core.shell:Creating package script '/home/magne/ros2_ws/install/trac_ik/share/trac_ik/package.zsh'
[0.637s] Level 1:colcon.colcon_core.environment:create_file_with_runtime_dependencies(/home/magne/ros2_ws/install/trac_ik/share/colcon-core/packages/trac_ik)
[0.637s] Level 1:colcon.colcon_core.environment:create_environment_scripts_only(trac_ik)
[0.638s] Level 1:colcon.colcon_core.environment:checking '/home/magne/ros2_ws/install/trac_ik' for CMake module files
[0.638s] Level 1:colcon.colcon_core.environment:checking '/home/magne/ros2_ws/install/trac_ik' for CMake config files
[0.638s] Level 1:colcon.colcon_core.shell:create_environment_hook('trac_ik', 'cmake_prefix_path')
[0.638s] INFO:colcon.colcon_core.shell:Creating environment hook '/home/magne/ros2_ws/install/trac_ik/share/trac_ik/hook/cmake_prefix_path.ps1'
[0.639s] INFO:colcon.colcon_core.shell:Creating environment descriptor '/home/magne/ros2_ws/install/trac_ik/share/trac_ik/hook/cmake_prefix_path.dsv'
[0.639s] INFO:colcon.colcon_core.shell:Creating environment hook '/home/magne/ros2_ws/install/trac_ik/share/trac_ik/hook/cmake_prefix_path.sh'
[0.640s] Level 1:colcon.colcon_core.environment:checking '/home/magne/ros2_ws/install/trac_ik/bin'
[0.640s] Level 1:colcon.colcon_core.environment:checking '/home/magne/ros2_ws/install/trac_ik/lib/pkgconfig/trac_ik.pc'
[0.640s] Level 1:colcon.colcon_core.environment:checking '/home/magne/ros2_ws/install/trac_ik/lib/python3.10/site-packages'
[0.640s] Level 1:colcon.colcon_core.environment:checking '/home/magne/ros2_ws/install/trac_ik/bin'
[0.640s] INFO:colcon.colcon_core.shell:Creating package script '/home/magne/ros2_ws/install/trac_ik/share/trac_ik/package.ps1'
[0.641s] INFO:colcon.colcon_core.shell:Creating package descriptor '/home/magne/ros2_ws/install/trac_ik/share/trac_ik/package.dsv'
[0.641s] INFO:colcon.colcon_core.shell:Creating package script '/home/magne/ros2_ws/install/trac_ik/share/trac_ik/package.sh'
[0.642s] INFO:colcon.colcon_core.shell:Creating package script '/home/magne/ros2_ws/install/trac_ik/share/trac_ik/package.bash'
[0.642s] INFO:colcon.colcon_core.shell:Creating package script '/home/magne/ros2_ws/install/trac_ik/share/trac_ik/package.zsh'
[0.642s] Level 1:colcon.colcon_core.environment:create_file_with_runtime_dependencies(/home/magne/ros2_ws/install/trac_ik/share/colcon-core/packages/trac_ik)
[16.081s] DEBUG:colcon.colcon_core.event_handler.log_command:Invoked command in '/home/magne/ros2_ws/build/ur5_sem2_scripts' returned '0': CMAKE_PREFIX_PATH=${CMAKE_PREFIX_PATH}:/opt/ros/humble /usr/bin/cmake --build /home/magne/ros2_ws/build/ur5_sem2_scripts -- -j20 -l20
[16.083s] DEBUG:colcon.colcon_core.event_handler.log_command:Invoking command in '/home/magne/ros2_ws/build/ur5_sem2_scripts': CMAKE_PREFIX_PATH=${CMAKE_PREFIX_PATH}:/opt/ros/humble /usr/bin/cmake --install /home/magne/ros2_ws/build/ur5_sem2_scripts
[16.094s] Level 1:colcon.colcon_core.environment:create_environment_scripts_only(ur5_sem2_scripts)
[16.094s] Level 1:colcon.colcon_core.environment:checking '/home/magne/ros2_ws/install/ur5_sem2_scripts' for CMake module files
[16.095s] DEBUG:colcon.colcon_core.event_handler.log_command:Invoked command in '/home/magne/ros2_ws/build/ur5_sem2_scripts' returned '0': CMAKE_PREFIX_PATH=${CMAKE_PREFIX_PATH}:/opt/ros/humble /usr/bin/cmake --install /home/magne/ros2_ws/build/ur5_sem2_scripts
[16.095s] Level 1:colcon.colcon_core.environment:checking '/home/magne/ros2_ws/install/ur5_sem2_scripts' for CMake config files
[16.095s] Level 1:colcon.colcon_core.shell:create_environment_hook('ur5_sem2_scripts', 'cmake_prefix_path')
[16.096s] INFO:colcon.colcon_core.shell:Creating environment hook '/home/magne/ros2_ws/install/ur5_sem2_scripts/share/ur5_sem2_scripts/hook/cmake_prefix_path.ps1'
[16.096s] INFO:colcon.colcon_core.shell:Creating environment descriptor '/home/magne/ros2_ws/install/ur5_sem2_scripts/share/ur5_sem2_scripts/hook/cmake_prefix_path.dsv'
[16.097s] INFO:colcon.colcon_core.shell:Creating environment hook '/home/magne/ros2_ws/install/ur5_sem2_scripts/share/ur5_sem2_scripts/hook/cmake_prefix_path.sh'
[16.097s] Level 1:colcon.colcon_core.environment:checking '/home/magne/ros2_ws/install/ur5_sem2_scripts/lib'
[16.097s] Level 1:colcon.colcon_core.environment:checking '/home/magne/ros2_ws/install/ur5_sem2_scripts/bin'
[16.097s] Level 1:colcon.colcon_core.environment:checking '/home/magne/ros2_ws/install/ur5_sem2_scripts/lib/pkgconfig/ur5_sem2_scripts.pc'
[16.097s] Level 1:colcon.colcon_core.environment:checking '/home/magne/ros2_ws/install/ur5_sem2_scripts/lib/python3.10/site-packages'
[16.098s] Level 1:colcon.colcon_core.environment:checking '/home/magne/ros2_ws/install/ur5_sem2_scripts/bin'
[16.098s] INFO:colcon.colcon_core.shell:Creating package script '/home/magne/ros2_ws/install/ur5_sem2_scripts/share/ur5_sem2_scripts/package.ps1'
[16.098s] INFO:colcon.colcon_core.shell:Creating package descriptor '/home/magne/ros2_ws/install/ur5_sem2_scripts/share/ur5_sem2_scripts/package.dsv'
[16.099s] INFO:colcon.colcon_core.shell:Creating package script '/home/magne/ros2_ws/install/ur5_sem2_scripts/share/ur5_sem2_scripts/package.sh'
[16.099s] INFO:colcon.colcon_core.shell:Creating package script '/home/magne/ros2_ws/install/ur5_sem2_scripts/share/ur5_sem2_scripts/package.bash'
[16.099s] INFO:colcon.colcon_core.shell:Creating package script '/home/magne/ros2_ws/install/ur5_sem2_scripts/share/ur5_sem2_scripts/package.zsh'
[16.099s] Level 1:colcon.colcon_core.environment:create_file_with_runtime_dependencies(/home/magne/ros2_ws/install/ur5_sem2_scripts/share/colcon-core/packages/ur5_sem2_scripts)
[16.100s] Level 1:colcon.colcon_core.environment:create_environment_scripts_only(ur5_sem2_scripts)
[16.100s] Level 1:colcon.colcon_core.environment:checking '/home/magne/ros2_ws/install/ur5_sem2_scripts' for CMake module files
[16.101s] Level 1:colcon.colcon_core.environment:checking '/home/magne/ros2_ws/install/ur5_sem2_scripts' for CMake config files
[16.101s] Level 1:colcon.colcon_core.shell:create_environment_hook('ur5_sem2_scripts', 'cmake_prefix_path')
[16.101s] INFO:colcon.colcon_core.shell:Creating environment hook '/home/magne/ros2_ws/install/ur5_sem2_scripts/share/ur5_sem2_scripts/hook/cmake_prefix_path.ps1'
[16.101s] INFO:colcon.colcon_core.shell:Creating environment descriptor '/home/magne/ros2_ws/install/ur5_sem2_scripts/share/ur5_sem2_scripts/hook/cmake_prefix_path.dsv'
[16.101s] INFO:colcon.colcon_core.shell:Creating environment hook '/home/magne/ros2_ws/install/ur5_sem2_scripts/share/ur5_sem2_scripts/hook/cmake_prefix_path.sh'
[16.102s] Level 1:colcon.colcon_core.environment:checking '/home/magne/ros2_ws/install/ur5_sem2_scripts/lib'
[16.102s] Level 1:colcon.colcon_core.environment:checking '/home/magne/ros2_ws/install/ur5_sem2_scripts/bin'
[16.102s] Level 1:colcon.colcon_core.environment:checking '/home/magne/ros2_ws/install/ur5_sem2_scripts/lib/pkgconfig/ur5_sem2_scripts.pc'
[16.102s] Level 1:colcon.colcon_core.environment:checking '/home/magne/ros2_ws/install/ur5_sem2_scripts/lib/python3.10/site-packages'
[16.102s] Level 1:colcon.colcon_core.environment:checking '/home/magne/ros2_ws/install/ur5_sem2_scripts/bin'
[16.102s] INFO:colcon.colcon_core.shell:Creating package script '/home/magne/ros2_ws/install/ur5_sem2_scripts/share/ur5_sem2_scripts/package.ps1'
[16.103s] INFO:colcon.colcon_core.shell:Creating package descriptor '/home/magne/ros2_ws/install/ur5_sem2_scripts/share/ur5_sem2_scripts/package.dsv'
[16.103s] INFO:colcon.colcon_core.shell:Creating package script '/home/magne/ros2_ws/install/ur5_sem2_scripts/share/ur5_sem2_scripts/package.sh'
[16.103s] INFO:colcon.colcon_core.shell:Creating package script '/home/magne/ros2_ws/install/ur5_sem2_scripts/share/ur5_sem2_scripts/package.bash'
[16.104s] INFO:colcon.colcon_core.shell:Creating package script '/home/magne/ros2_ws/install/ur5_sem2_scripts/share/ur5_sem2_scripts/package.zsh'
[16.104s] Level 1:colcon.colcon_core.environment:create_file_with_runtime_dependencies(/home/magne/ros2_ws/install/ur5_sem2_scripts/share/colcon-core/packages/ur5_sem2_scripts)
[16.104s] DEBUG:colcon.colcon_parallel_executor.executor.parallel:closing loop
[16.104s] DEBUG:colcon.colcon_parallel_executor.executor.parallel:loop closed
[16.104s] DEBUG:colcon.colcon_parallel_executor.executor.parallel:run_until_complete finished with '0'
[16.105s] DEBUG:colcon.colcon_core.event_reactor:joining thread
[16.110s] INFO:colcon.colcon_core.plugin_system:Skipping extension 'colcon_notification.desktop_notification.terminal_notifier': Not used on non-Darwin systems
[16.110s] INFO:colcon.colcon_core.plugin_system:Skipping extension 'colcon_notification.desktop_notification.win32': Not used on non-Windows systems
[16.110s] INFO:colcon.colcon_notification.desktop_notification:Sending desktop notification using 'notify2'
[16.125s] DEBUG:colcon.colcon_core.event_reactor:joined thread
[16.126s] INFO:colcon.colcon_core.shell:Creating prefix script '/home/magne/ros2_ws/install/local_setup.ps1'
[16.127s] INFO:colcon.colcon_core.shell:Creating prefix util module '/home/magne/ros2_ws/install/_local_setup_util_ps1.py'
[16.128s] INFO:colcon.colcon_core.shell:Creating prefix chain script '/home/magne/ros2_ws/install/setup.ps1'
[16.129s] INFO:colcon.colcon_core.shell:Creating prefix script '/home/magne/ros2_ws/install/local_setup.sh'
[16.130s] INFO:colcon.colcon_core.shell:Creating prefix util module '/home/magne/ros2_ws/install/_local_setup_util_sh.py'
[16.130s] INFO:colcon.colcon_core.shell:Creating prefix chain script '/home/magne/ros2_ws/install/setup.sh'
[16.131s] INFO:colcon.colcon_core.shell:Creating prefix script '/home/magne/ros2_ws/install/local_setup.bash'
[16.132s] INFO:colcon.colcon_core.shell:Creating prefix chain script '/home/magne/ros2_ws/install/setup.bash'
[16.133s] INFO:colcon.colcon_core.shell:Creating prefix script '/home/magne/ros2_ws/install/local_setup.zsh'
[16.133s] INFO:colcon.colcon_core.shell:Creating prefix chain script '/home/magne/ros2_ws/install/setup.zsh'
