[0.081s] DEBUG:colcon:Command line arguments: ['/usr/bin/colcon', 'build']
[0.081s] DEBUG:colcon:Parsed command line arguments: Namespace(log_base=None, log_level=None, verb_name='build', build_base='build', install_base='install', merge_install=False, symlink_install=False, test_result_base=None, continue_on_error=False, executor='parallel', parallel_workers=20, event_handlers=None, ignore_user_meta=False, metas=['./colcon.meta'], base_paths=['.'], packages_ignore=None, packages_ignore_regex=None, paths=None, packages_up_to=None, packages_up_to_regex=None, packages_above=None, packages_above_and_dependencies=None, packages_above_depth=None, packages_select_by_dep=None, packages_skip_by_dep=None, packages_skip_up_to=None, packages_select_build_failed=False, packages_skip_build_finished=False, packages_select_test_failures=False, packages_skip_test_passed=False, packages_select=None, packages_skip=None, packages_select_regex=None, packages_skip_regex=None, packages_start=None, packages_end=None, allow_overriding=[], cmake_args=None, cmake_target=None, cmake_target_skip_unavailable=False, cmake_clean_cache=False, cmake_clean_first=False, cmake_force_configure=False, ament_cmake_args=None, catkin_cmake_args=None, catkin_skip_building_tests=False, mixin_files=None, mixin=None, verb_parser=<colcon_mixin.mixin.mixin_argument.MixinArgumentDecorator object at 0x76ca2c265720>, verb_extension=<colcon_core.verb.build.BuildVerb object at 0x76ca2c265090>, main=<bound method BuildVerb.main of <colcon_core.verb.build.BuildVerb object at 0x76ca2c265090>>, mixin_verb=('build',))
[0.192s] Level 1:colcon.colcon_core.package_discovery:discover_packages(colcon_meta) check parameters
[0.193s] Level 1:colcon.colcon_core.package_discovery:discover_packages(recursive) check parameters
[0.193s] Level 1:colcon.colcon_core.package_discovery:discover_packages(ignore) check parameters
[0.193s] Level 1:colcon.colcon_core.package_discovery:discover_packages(path) check parameters
[0.193s] Level 1:colcon.colcon_core.package_discovery:discover_packages(colcon_meta) discover
[0.193s] Level 1:colcon.colcon_core.package_discovery:discover_packages(recursive) discover
[0.193s] INFO:colcon.colcon_core.package_discovery:Crawling recursively for packages in '/home/magne/ros2_ws'
[0.193s] Level 1:colcon.colcon_core.package_identification:_identify(.) by extensions ['ignore', 'ignore_ament_install']
[0.193s] Level 1:colcon.colcon_core.package_identification:_identify(.) by extension 'ignore'
[0.193s] Level 1:colcon.colcon_core.package_identification:_identify(.) by extension 'ignore_ament_install'
[0.193s] Level 1:colcon.colcon_core.package_identification:_identify(.) by extensions ['colcon_pkg']
[0.193s] Level 1:colcon.colcon_core.package_identification:_identify(.) by extension 'colcon_pkg'
[0.193s] Level 1:colcon.colcon_core.package_identification:_identify(.) by extensions ['colcon_meta']
[0.193s] Level 1:colcon.colcon_core.package_identification:_identify(.) by extension 'colcon_meta'
[0.193s] Level 1:colcon.colcon_core.package_identification:_identify(.) by extensions ['ros']
[0.193s] Level 1:colcon.colcon_core.package_identification:_identify(.) by extension 'ros'
[0.203s] Level 1:colcon.colcon_core.package_identification:_identify(.) by extensions ['cmake', 'python']
[0.203s] Level 1:colcon.colcon_core.package_identification:_identify(.) by extension 'cmake'
[0.203s] Level 1:colcon.colcon_core.package_identification:_identify(.) by extension 'python'
[0.203s] Level 1:colcon.colcon_core.package_identification:_identify(.) by extensions ['python_setup_py']
[0.203s] Level 1:colcon.colcon_core.package_identification:_identify(.) by extension 'python_setup_py'
[0.204s] Level 1:colcon.colcon_core.package_identification:_identify(build) by extensions ['ignore', 'ignore_ament_install']
[0.204s] Level 1:colcon.colcon_core.package_identification:_identify(build) by extension 'ignore'
[0.204s] Level 1:colcon.colcon_core.package_identification:_identify(build) ignored
[0.204s] Level 1:colcon.colcon_core.package_identification:_identify(config) by extensions ['ignore', 'ignore_ament_install']
[0.204s] Level 1:colcon.colcon_core.package_identification:_identify(config) by extension 'ignore'
[0.204s] Level 1:colcon.colcon_core.package_identification:_identify(config) by extension 'ignore_ament_install'
[0.204s] Level 1:colcon.colcon_core.package_identification:_identify(config) by extensions ['colcon_pkg']
[0.204s] Level 1:colcon.colcon_core.package_identification:_identify(config) by extension 'colcon_pkg'
[0.204s] Level 1:colcon.colcon_core.package_identification:_identify(config) by extensions ['colcon_meta']
[0.204s] Level 1:colcon.colcon_core.package_identification:_identify(config) by extension 'colcon_meta'
[0.204s] Level 1:colcon.colcon_core.package_identification:_identify(config) by extensions ['ros']
[0.204s] Level 1:colcon.colcon_core.package_identification:_identify(config) by extension 'ros'
[0.204s] Level 1:colcon.colcon_core.package_identification:_identify(config) by extensions ['cmake', 'python']
[0.204s] Level 1:colcon.colcon_core.package_identification:_identify(config) by extension 'cmake'
[0.204s] Level 1:colcon.colcon_core.package_identification:_identify(config) by extension 'python'
[0.204s] Level 1:colcon.colcon_core.package_identification:_identify(config) by extensions ['python_setup_py']
[0.204s] Level 1:colcon.colcon_core.package_identification:_identify(config) by extension 'python_setup_py'
[0.204s] Level 1:colcon.colcon_core.package_identification:_identify(install) by extensions ['ignore', 'ignore_ament_install']
[0.204s] Level 1:colcon.colcon_core.package_identification:_identify(install) by extension 'ignore'
[0.204s] Level 1:colcon.colcon_core.package_identification:_identify(install) ignored
[0.204s] Level 1:colcon.colcon_core.package_identification:_identify(launch) by extensions ['ignore', 'ignore_ament_install']
[0.204s] Level 1:colcon.colcon_core.package_identification:_identify(launch) by extension 'ignore'
[0.204s] Level 1:colcon.colcon_core.package_identification:_identify(launch) by extension 'ignore_ament_install'
[0.204s] Level 1:colcon.colcon_core.package_identification:_identify(launch) by extensions ['colcon_pkg']
[0.204s] Level 1:colcon.colcon_core.package_identification:_identify(launch) by extension 'colcon_pkg'
[0.204s] Level 1:colcon.colcon_core.package_identification:_identify(launch) by extensions ['colcon_meta']
[0.204s] Level 1:colcon.colcon_core.package_identification:_identify(launch) by extension 'colcon_meta'
[0.204s] Level 1:colcon.colcon_core.package_identification:_identify(launch) by extensions ['ros']
[0.204s] Level 1:colcon.colcon_core.package_identification:_identify(launch) by extension 'ros'
[0.205s] Level 1:colcon.colcon_core.package_identification:_identify(launch) by extensions ['cmake', 'python']
[0.205s] Level 1:colcon.colcon_core.package_identification:_identify(launch) by extension 'cmake'
[0.205s] Level 1:colcon.colcon_core.package_identification:_identify(launch) by extension 'python'
[0.205s] Level 1:colcon.colcon_core.package_identification:_identify(launch) by extensions ['python_setup_py']
[0.205s] Level 1:colcon.colcon_core.package_identification:_identify(launch) by extension 'python_setup_py'
[0.205s] Level 1:colcon.colcon_core.package_identification:_identify(log) by extensions ['ignore', 'ignore_ament_install']
[0.205s] Level 1:colcon.colcon_core.package_identification:_identify(log) by extension 'ignore'
[0.205s] Level 1:colcon.colcon_core.package_identification:_identify(log) ignored
[0.205s] Level 1:colcon.colcon_core.package_identification:_identify(src) by extensions ['ignore', 'ignore_ament_install']
[0.205s] Level 1:colcon.colcon_core.package_identification:_identify(src) by extension 'ignore'
[0.205s] Level 1:colcon.colcon_core.package_identification:_identify(src) by extension 'ignore_ament_install'
[0.205s] Level 1:colcon.colcon_core.package_identification:_identify(src) by extensions ['colcon_pkg']
[0.205s] Level 1:colcon.colcon_core.package_identification:_identify(src) by extension 'colcon_pkg'
[0.205s] Level 1:colcon.colcon_core.package_identification:_identify(src) by extensions ['colcon_meta']
[0.205s] Level 1:colcon.colcon_core.package_identification:_identify(src) by extension 'colcon_meta'
[0.205s] Level 1:colcon.colcon_core.package_identification:_identify(src) by extensions ['ros']
[0.205s] Level 1:colcon.colcon_core.package_identification:_identify(src) by extension 'ros'
[0.205s] Level 1:colcon.colcon_core.package_identification:_identify(src) by extensions ['cmake', 'python']
[0.205s] Level 1:colcon.colcon_core.package_identification:_identify(src) by extension 'cmake'
[0.205s] Level 1:colcon.colcon_core.package_identification:_identify(src) by extension 'python'
[0.205s] Level 1:colcon.colcon_core.package_identification:_identify(src) by extensions ['python_setup_py']
[0.205s] Level 1:colcon.colcon_core.package_identification:_identify(src) by extension 'python_setup_py'
[0.205s] Level 1:colcon.colcon_core.package_identification:_identify(src/trac_ik) by extensions ['ignore', 'ignore_ament_install']
[0.205s] Level 1:colcon.colcon_core.package_identification:_identify(src/trac_ik) by extension 'ignore'
[0.205s] Level 1:colcon.colcon_core.package_identification:_identify(src/trac_ik) by extension 'ignore_ament_install'
[0.205s] Level 1:colcon.colcon_core.package_identification:_identify(src/trac_ik) by extensions ['colcon_pkg']
[0.205s] Level 1:colcon.colcon_core.package_identification:_identify(src/trac_ik) by extension 'colcon_pkg'
[0.205s] Level 1:colcon.colcon_core.package_identification:_identify(src/trac_ik) by extensions ['colcon_meta']
[0.205s] Level 1:colcon.colcon_core.package_identification:_identify(src/trac_ik) by extension 'colcon_meta'
[0.205s] Level 1:colcon.colcon_core.package_identification:_identify(src/trac_ik) by extensions ['ros']
[0.205s] Level 1:colcon.colcon_core.package_identification:_identify(src/trac_ik) by extension 'ros'
[0.205s] Level 1:colcon.colcon_core.package_identification:_identify(src/trac_ik) by extensions ['cmake', 'python']
[0.205s] Level 1:colcon.colcon_core.package_identification:_identify(src/trac_ik) by extension 'cmake'
[0.205s] Level 1:colcon.colcon_core.package_identification:_identify(src/trac_ik) by extension 'python'
[0.205s] Level 1:colcon.colcon_core.package_identification:_identify(src/trac_ik) by extensions ['python_setup_py']
[0.205s] Level 1:colcon.colcon_core.package_identification:_identify(src/trac_ik) by extension 'python_setup_py'
[0.205s] Level 1:colcon.colcon_core.package_identification:_identify(src/trac_ik/nlopt) by extensions ['ignore', 'ignore_ament_install']
[0.205s] Level 1:colcon.colcon_core.package_identification:_identify(src/trac_ik/nlopt) by extension 'ignore'
[0.206s] Level 1:colcon.colcon_core.package_identification:_identify(src/trac_ik/nlopt) by extension 'ignore_ament_install'
[0.206s] Level 1:colcon.colcon_core.package_identification:_identify(src/trac_ik/nlopt) by extensions ['colcon_pkg']
[0.206s] Level 1:colcon.colcon_core.package_identification:_identify(src/trac_ik/nlopt) by extension 'colcon_pkg'
[0.206s] Level 1:colcon.colcon_core.package_identification:_identify(src/trac_ik/nlopt) by extensions ['colcon_meta']
[0.206s] Level 1:colcon.colcon_core.package_identification:_identify(src/trac_ik/nlopt) by extension 'colcon_meta'
[0.206s] Level 1:colcon.colcon_core.package_identification:_identify(src/trac_ik/nlopt) by extensions ['ros']
[0.206s] Level 1:colcon.colcon_core.package_identification:_identify(src/trac_ik/nlopt) by extension 'ros'
[0.206s] Level 1:colcon.colcon_core.package_identification:_identify(src/trac_ik/nlopt) by extensions ['cmake', 'python']
[0.206s] Level 1:colcon.colcon_core.package_identification:_identify(src/trac_ik/nlopt) by extension 'cmake'
[0.206s] Level 1:colcon.colcon_core.package_identification:_identify(src/trac_ik/nlopt) by extension 'python'
[0.206s] Level 1:colcon.colcon_core.package_identification:_identify(src/trac_ik/nlopt) by extensions ['python_setup_py']
[0.206s] Level 1:colcon.colcon_core.package_identification:_identify(src/trac_ik/nlopt) by extension 'python_setup_py'
[0.206s] Level 1:colcon.colcon_core.package_identification:_identify(src/trac_ik/trac_ik) by extensions ['ignore', 'ignore_ament_install']
[0.206s] Level 1:colcon.colcon_core.package_identification:_identify(src/trac_ik/trac_ik) by extension 'ignore'
[0.206s] Level 1:colcon.colcon_core.package_identification:_identify(src/trac_ik/trac_ik) by extension 'ignore_ament_install'
[0.206s] Level 1:colcon.colcon_core.package_identification:_identify(src/trac_ik/trac_ik) by extensions ['colcon_pkg']
[0.206s] Level 1:colcon.colcon_core.package_identification:_identify(src/trac_ik/trac_ik) by extension 'colcon_pkg'
[0.206s] Level 1:colcon.colcon_core.package_identification:_identify(src/trac_ik/trac_ik) by extensions ['colcon_meta']
[0.206s] Level 1:colcon.colcon_core.package_identification:_identify(src/trac_ik/trac_ik) by extension 'colcon_meta'
[0.206s] Level 1:colcon.colcon_core.package_identification:_identify(src/trac_ik/trac_ik) by extensions ['ros']
[0.206s] Level 1:colcon.colcon_core.package_identification:_identify(src/trac_ik/trac_ik) by extension 'ros'
[0.208s] DEBUG:colcon.colcon_core.package_identification:Package 'src/trac_ik/trac_ik' with type 'ros.ament_cmake' and name 'trac_ik'
[0.208s] Level 1:colcon.colcon_core.package_identification:_identify(src/trac_ik/trac_ik_examples) by extensions ['ignore', 'ignore_ament_install']
[0.208s] Level 1:colcon.colcon_core.package_identification:_identify(src/trac_ik/trac_ik_examples) by extension 'ignore'
[0.208s] Level 1:colcon.colcon_core.package_identification:_identify(src/trac_ik/trac_ik_examples) by extension 'ignore_ament_install'
[0.208s] Level 1:colcon.colcon_core.package_identification:_identify(src/trac_ik/trac_ik_examples) by extensions ['colcon_pkg']
[0.208s] Level 1:colcon.colcon_core.package_identification:_identify(src/trac_ik/trac_ik_examples) by extension 'colcon_pkg'
[0.208s] Level 1:colcon.colcon_core.package_identification:_identify(src/trac_ik/trac_ik_examples) by extensions ['colcon_meta']
[0.208s] Level 1:colcon.colcon_core.package_identification:_identify(src/trac_ik/trac_ik_examples) by extension 'colcon_meta'
[0.208s] Level 1:colcon.colcon_core.package_identification:_identify(src/trac_ik/trac_ik_examples) by extensions ['ros']
[0.208s] Level 1:colcon.colcon_core.package_identification:_identify(src/trac_ik/trac_ik_examples) by extension 'ros'
[0.209s] DEBUG:colcon.colcon_core.package_identification:Package 'src/trac_ik/trac_ik_examples' with type 'ros.ament_cmake' and name 'trac_ik_examples'
[0.209s] Level 1:colcon.colcon_core.package_identification:_identify(src/trac_ik/trac_ik_kinematics) by extensions ['ignore', 'ignore_ament_install']
[0.209s] Level 1:colcon.colcon_core.package_identification:_identify(src/trac_ik/trac_ik_kinematics) by extension 'ignore'
[0.209s] Level 1:colcon.colcon_core.package_identification:_identify(src/trac_ik/trac_ik_kinematics) by extension 'ignore_ament_install'
[0.209s] Level 1:colcon.colcon_core.package_identification:_identify(src/trac_ik/trac_ik_kinematics) by extensions ['colcon_pkg']
[0.209s] Level 1:colcon.colcon_core.package_identification:_identify(src/trac_ik/trac_ik_kinematics) by extension 'colcon_pkg'
[0.209s] Level 1:colcon.colcon_core.package_identification:_identify(src/trac_ik/trac_ik_kinematics) by extensions ['colcon_meta']
[0.209s] Level 1:colcon.colcon_core.package_identification:_identify(src/trac_ik/trac_ik_kinematics) by extension 'colcon_meta'
[0.209s] Level 1:colcon.colcon_core.package_identification:_identify(src/trac_ik/trac_ik_kinematics) by extensions ['ros']
[0.209s] Level 1:colcon.colcon_core.package_identification:_identify(src/trac_ik/trac_ik_kinematics) by extension 'ros'
[0.210s] DEBUG:colcon.colcon_core.package_identification:Package 'src/trac_ik/trac_ik_kinematics' with type 'ros.ament_cmake' and name 'trac_ik_kinematics'
[0.210s] Level 1:colcon.colcon_core.package_identification:_identify(src/trac_ik/trac_ik_lib) by extensions ['ignore', 'ignore_ament_install']
[0.210s] Level 1:colcon.colcon_core.package_identification:_identify(src/trac_ik/trac_ik_lib) by extension 'ignore'
[0.211s] Level 1:colcon.colcon_core.package_identification:_identify(src/trac_ik/trac_ik_lib) by extension 'ignore_ament_install'
[0.211s] Level 1:colcon.colcon_core.package_identification:_identify(src/trac_ik/trac_ik_lib) by extensions ['colcon_pkg']
[0.211s] Level 1:colcon.colcon_core.package_identification:_identify(src/trac_ik/trac_ik_lib) by extension 'colcon_pkg'
[0.211s] Level 1:colcon.colcon_core.package_identification:_identify(src/trac_ik/trac_ik_lib) by extensions ['colcon_meta']
[0.211s] Level 1:colcon.colcon_core.package_identification:_identify(src/trac_ik/trac_ik_lib) by extension 'colcon_meta'
[0.211s] Level 1:colcon.colcon_core.package_identification:_identify(src/trac_ik/trac_ik_lib) by extensions ['ros']
[0.211s] Level 1:colcon.colcon_core.package_identification:_identify(src/trac_ik/trac_ik_lib) by extension 'ros'
[0.211s] DEBUG:colcon.colcon_core.package_identification:Package 'src/trac_ik/trac_ik_lib' with type 'ros.ament_cmake' and name 'trac_ik_lib'
[0.211s] Level 1:colcon.colcon_core.package_identification:_identify(src/trac_ik/trac_ik_python) by extensions ['ignore', 'ignore_ament_install']
[0.212s] Level 1:colcon.colcon_core.package_identification:_identify(src/trac_ik/trac_ik_python) by extension 'ignore'
[0.212s] Level 1:colcon.colcon_core.package_identification:_identify(src/trac_ik/trac_ik_python) ignored
[0.212s] Level 1:colcon.colcon_core.package_identification:_identify(src/ur5_sem2_scripts) by extensions ['ignore', 'ignore_ament_install']
[0.212s] Level 1:colcon.colcon_core.package_identification:_identify(src/ur5_sem2_scripts) by extension 'ignore'
[0.212s] Level 1:colcon.colcon_core.package_identification:_identify(src/ur5_sem2_scripts) by extension 'ignore_ament_install'
[0.212s] Level 1:colcon.colcon_core.package_identification:_identify(src/ur5_sem2_scripts) by extensions ['colcon_pkg']
[0.212s] Level 1:colcon.colcon_core.package_identification:_identify(src/ur5_sem2_scripts) by extension 'colcon_pkg'
[0.212s] Level 1:colcon.colcon_core.package_identification:_identify(src/ur5_sem2_scripts) by extensions ['colcon_meta']
[0.212s] Level 1:colcon.colcon_core.package_identification:_identify(src/ur5_sem2_scripts) by extension 'colcon_meta'
[0.212s] Level 1:colcon.colcon_core.package_identification:_identify(src/ur5_sem2_scripts) by extensions ['ros']
[0.212s] Level 1:colcon.colcon_core.package_identification:_identify(src/ur5_sem2_scripts) by extension 'ros'
[0.213s] DEBUG:colcon.colcon_core.package_identification:Package 'src/ur5_sem2_scripts' with type 'ros.ament_cmake' and name 'ur5_sem2_scripts'
[0.213s] Level 1:colcon.colcon_core.package_discovery:discover_packages(recursive) using defaults
[0.213s] Level 1:colcon.colcon_core.package_discovery:discover_packages(ignore) discover
[0.213s] Level 1:colcon.colcon_core.package_discovery:discover_packages(ignore) using defaults
[0.213s] Level 1:colcon.colcon_core.package_discovery:discover_packages(path) discover
[0.213s] Level 1:colcon.colcon_core.package_discovery:discover_packages(path) using defaults
[0.256s] Level 1:colcon.colcon_core.package_discovery:discover_packages(prefix_path) check parameters
[0.256s] Level 1:colcon.colcon_core.package_discovery:discover_packages(prefix_path) discover
[0.257s] DEBUG:colcon.colcon_installed_package_information.package_discovery:Found 5 installed packages in /home/magne/ros2_ws/install
[0.259s] DEBUG:colcon.colcon_installed_package_information.package_discovery:Found 365 installed packages in /opt/ros/humble
[0.261s] Level 1:colcon.colcon_core.package_discovery:discover_packages(prefix_path) using defaults
[0.293s] Level 5:colcon.colcon_core.verb:set package 'trac_ik_lib' build argument 'cmake_args' from command line to 'None'
[0.293s] Level 5:colcon.colcon_core.verb:set package 'trac_ik_lib' build argument 'cmake_target' from command line to 'None'
[0.293s] Level 5:colcon.colcon_core.verb:set package 'trac_ik_lib' build argument 'cmake_target_skip_unavailable' from command line to 'False'
[0.293s] Level 5:colcon.colcon_core.verb:set package 'trac_ik_lib' build argument 'cmake_clean_cache' from command line to 'False'
[0.293s] Level 5:colcon.colcon_core.verb:set package 'trac_ik_lib' build argument 'cmake_clean_first' from command line to 'False'
[0.293s] Level 5:colcon.colcon_core.verb:set package 'trac_ik_lib' build argument 'cmake_force_configure' from command line to 'False'
[0.293s] Level 5:colcon.colcon_core.verb:set package 'trac_ik_lib' build argument 'ament_cmake_args' from command line to 'None'
[0.293s] Level 5:colcon.colcon_core.verb:set package 'trac_ik_lib' build argument 'catkin_cmake_args' from command line to 'None'
[0.293s] Level 5:colcon.colcon_core.verb:set package 'trac_ik_lib' build argument 'catkin_skip_building_tests' from command line to 'False'
[0.294s] DEBUG:colcon.colcon_core.verb:Building package 'trac_ik_lib' with the following arguments: {'ament_cmake_args': None, 'build_base': '/home/magne/ros2_ws/build/trac_ik_lib', 'catkin_cmake_args': None, 'catkin_skip_building_tests': False, 'cmake_args': None, 'cmake_clean_cache': False, 'cmake_clean_first': False, 'cmake_force_configure': False, 'cmake_target': None, 'cmake_target_skip_unavailable': False, 'install_base': '/home/magne/ros2_ws/install/trac_ik_lib', 'merge_install': False, 'path': '/home/magne/ros2_ws/src/trac_ik/trac_ik_lib', 'symlink_install': False, 'test_result_base': None}
[0.294s] Level 5:colcon.colcon_core.verb:set package 'ur5_sem2_scripts' build argument 'cmake_args' from command line to 'None'
[0.294s] Level 5:colcon.colcon_core.verb:set package 'ur5_sem2_scripts' build argument 'cmake_target' from command line to 'None'
[0.294s] Level 5:colcon.colcon_core.verb:set package 'ur5_sem2_scripts' build argument 'cmake_target_skip_unavailable' from command line to 'False'
[0.294s] Level 5:colcon.colcon_core.verb:set package 'ur5_sem2_scripts' build argument 'cmake_clean_cache' from command line to 'False'
[0.294s] Level 5:colcon.colcon_core.verb:set package 'ur5_sem2_scripts' build argument 'cmake_clean_first' from command line to 'False'
[0.294s] Level 5:colcon.colcon_core.verb:set package 'ur5_sem2_scripts' build argument 'cmake_force_configure' from command line to 'False'
[0.294s] Level 5:colcon.colcon_core.verb:set package 'ur5_sem2_scripts' build argument 'ament_cmake_args' from command line to 'None'
[0.294s] Level 5:colcon.colcon_core.verb:set package 'ur5_sem2_scripts' build argument 'catkin_cmake_args' from command line to 'None'
[0.294s] Level 5:colcon.colcon_core.verb:set package 'ur5_sem2_scripts' build argument 'catkin_skip_building_tests' from command line to 'False'
[0.294s] DEBUG:colcon.colcon_core.verb:Building package 'ur5_sem2_scripts' with the following arguments: {'ament_cmake_args': None, 'build_base': '/home/magne/ros2_ws/build/ur5_sem2_scripts', 'catkin_cmake_args': None, 'catkin_skip_building_tests': False, 'cmake_args': None, 'cmake_clean_cache': False, 'cmake_clean_first': False, 'cmake_force_configure': False, 'cmake_target': None, 'cmake_target_skip_unavailable': False, 'install_base': '/home/magne/ros2_ws/install/ur5_sem2_scripts', 'merge_install': False, 'path': '/home/magne/ros2_ws/src/ur5_sem2_scripts', 'symlink_install': False, 'test_result_base': None}
[0.294s] Level 5:colcon.colcon_core.verb:set package 'trac_ik_examples' build argument 'cmake_args' from command line to 'None'
[0.294s] Level 5:colcon.colcon_core.verb:set package 'trac_ik_examples' build argument 'cmake_target' from command line to 'None'
[0.294s] Level 5:colcon.colcon_core.verb:set package 'trac_ik_examples' build argument 'cmake_target_skip_unavailable' from command line to 'False'
[0.294s] Level 5:colcon.colcon_core.verb:set package 'trac_ik_examples' build argument 'cmake_clean_cache' from command line to 'False'
[0.294s] Level 5:colcon.colcon_core.verb:set package 'trac_ik_examples' build argument 'cmake_clean_first' from command line to 'False'
[0.294s] Level 5:colcon.colcon_core.verb:set package 'trac_ik_examples' build argument 'cmake_force_configure' from command line to 'False'
[0.294s] Level 5:colcon.colcon_core.verb:set package 'trac_ik_examples' build argument 'ament_cmake_args' from command line to 'None'
[0.294s] Level 5:colcon.colcon_core.verb:set package 'trac_ik_examples' build argument 'catkin_cmake_args' from command line to 'None'
[0.294s] Level 5:colcon.colcon_core.verb:set package 'trac_ik_examples' build argument 'catkin_skip_building_tests' from command line to 'False'
[0.294s] DEBUG:colcon.colcon_core.verb:Building package 'trac_ik_examples' with the following arguments: {'ament_cmake_args': None, 'build_base': '/home/magne/ros2_ws/build/trac_ik_examples', 'catkin_cmake_args': None, 'catkin_skip_building_tests': False, 'cmake_args': None, 'cmake_clean_cache': False, 'cmake_clean_first': False, 'cmake_force_configure': False, 'cmake_target': None, 'cmake_target_skip_unavailable': False, 'install_base': '/home/magne/ros2_ws/install/trac_ik_examples', 'merge_install': False, 'path': '/home/magne/ros2_ws/src/trac_ik/trac_ik_examples', 'symlink_install': False, 'test_result_base': None}
[0.295s] Level 5:colcon.colcon_core.verb:set package 'trac_ik_kinematics' build argument 'cmake_args' from command line to 'None'
[0.295s] Level 5:colcon.colcon_core.verb:set package 'trac_ik_kinematics' build argument 'cmake_target' from command line to 'None'
[0.295s] Level 5:colcon.colcon_core.verb:set package 'trac_ik_kinematics' build argument 'cmake_target_skip_unavailable' from command line to 'False'
[0.295s] Level 5:colcon.colcon_core.verb:set package 'trac_ik_kinematics' build argument 'cmake_clean_cache' from command line to 'False'
[0.295s] Level 5:colcon.colcon_core.verb:set package 'trac_ik_kinematics' build argument 'cmake_clean_first' from command line to 'False'
[0.295s] Level 5:colcon.colcon_core.verb:set package 'trac_ik_kinematics' build argument 'cmake_force_configure' from command line to 'False'
[0.295s] Level 5:colcon.colcon_core.verb:set package 'trac_ik_kinematics' build argument 'ament_cmake_args' from command line to 'None'
[0.295s] Level 5:colcon.colcon_core.verb:set package 'trac_ik_kinematics' build argument 'catkin_cmake_args' from command line to 'None'
[0.295s] Level 5:colcon.colcon_core.verb:set package 'trac_ik_kinematics' build argument 'catkin_skip_building_tests' from command line to 'False'
[0.295s] DEBUG:colcon.colcon_core.verb:Building package 'trac_ik_kinematics' with the following arguments: {'ament_cmake_args': None, 'build_base': '/home/magne/ros2_ws/build/trac_ik_kinematics', 'catkin_cmake_args': None, 'catkin_skip_building_tests': False, 'cmake_args': None, 'cmake_clean_cache': False, 'cmake_clean_first': False, 'cmake_force_configure': False, 'cmake_target': None, 'cmake_target_skip_unavailable': False, 'install_base': '/home/magne/ros2_ws/install/trac_ik_kinematics', 'merge_install': False, 'path': '/home/magne/ros2_ws/src/trac_ik/trac_ik_kinematics', 'symlink_install': False, 'test_result_base': None}
[0.295s] Level 5:colcon.colcon_core.verb:set package 'trac_ik' build argument 'cmake_args' from command line to 'None'
[0.295s] Level 5:colcon.colcon_core.verb:set package 'trac_ik' build argument 'cmake_target' from command line to 'None'
[0.295s] Level 5:colcon.colcon_core.verb:set package 'trac_ik' build argument 'cmake_target_skip_unavailable' from command line to 'False'
[0.295s] Level 5:colcon.colcon_core.verb:set package 'trac_ik' build argument 'cmake_clean_cache' from command line to 'False'
[0.295s] Level 5:colcon.colcon_core.verb:set package 'trac_ik' build argument 'cmake_clean_first' from command line to 'False'
[0.295s] Level 5:colcon.colcon_core.verb:set package 'trac_ik' build argument 'cmake_force_configure' from command line to 'False'
[0.295s] Level 5:colcon.colcon_core.verb:set package 'trac_ik' build argument 'ament_cmake_args' from command line to 'None'
[0.295s] Level 5:colcon.colcon_core.verb:set package 'trac_ik' build argument 'catkin_cmake_args' from command line to 'None'
[0.295s] Level 5:colcon.colcon_core.verb:set package 'trac_ik' build argument 'catkin_skip_building_tests' from command line to 'False'
[0.295s] DEBUG:colcon.colcon_core.verb:Building package 'trac_ik' with the following arguments: {'ament_cmake_args': None, 'build_base': '/home/magne/ros2_ws/build/trac_ik', 'catkin_cmake_args': None, 'catkin_skip_building_tests': False, 'cmake_args': None, 'cmake_clean_cache': False, 'cmake_clean_first': False, 'cmake_force_configure': False, 'cmake_target': None, 'cmake_target_skip_unavailable': False, 'install_base': '/home/magne/ros2_ws/install/trac_ik', 'merge_install': False, 'path': '/home/magne/ros2_ws/src/trac_ik/trac_ik', 'symlink_install': False, 'test_result_base': None}
[0.295s] INFO:colcon.colcon_core.executor:Executing jobs using 'parallel' executor
[0.296s] DEBUG:colcon.colcon_parallel_executor.executor.parallel:run_until_complete
[0.296s] INFO:colcon.colcon_ros.task.ament_cmake.build:Building ROS package in '/home/magne/ros2_ws/src/trac_ik/trac_ik_lib' with build type 'ament_cmake'
[0.297s] INFO:colcon.colcon_cmake.task.cmake.build:Building CMake package in '/home/magne/ros2_ws/src/trac_ik/trac_ik_lib'
[0.298s] INFO:colcon.colcon_core.plugin_system:Skipping extension 'colcon_core.shell.bat': Not used on non-Windows systems
[0.298s] INFO:colcon.colcon_core.shell:Skip shell extension 'powershell' for command environment: Not usable outside of PowerShell
[0.298s] DEBUG:colcon.colcon_core.shell:Skip shell extension 'dsv' for command environment
[0.301s] INFO:colcon.colcon_ros.task.ament_cmake.build:Building ROS package in '/home/magne/ros2_ws/src/ur5_sem2_scripts' with build type 'ament_cmake'
[0.301s] INFO:colcon.colcon_cmake.task.cmake.build:Building CMake package in '/home/magne/ros2_ws/src/ur5_sem2_scripts'
[0.301s] INFO:colcon.colcon_core.shell:Skip shell extension 'powershell' for command environment: Not usable outside of PowerShell
[0.301s] DEBUG:colcon.colcon_core.shell:Skip shell extension 'dsv' for command environment
[0.309s] DEBUG:colcon.colcon_core.event_handler.log_command:Invoking command in '/home/magne/ros2_ws/build/trac_ik_lib': CMAKE_PREFIX_PATH=${CMAKE_PREFIX_PATH}:/opt/ros/humble /usr/bin/cmake --build /home/magne/ros2_ws/build/trac_ik_lib -- -j20 -l20
[0.312s] DEBUG:colcon.colcon_core.event_handler.log_command:Invoking command in '/home/magne/ros2_ws/build/ur5_sem2_scripts': CMAKE_PREFIX_PATH=${CMAKE_PREFIX_PATH}:/opt/ros/humble /usr/bin/cmake --build /home/magne/ros2_ws/build/ur5_sem2_scripts -- -j20 -l20
[0.377s] DEBUG:colcon.colcon_core.event_handler.log_command:Invoked command in '/home/magne/ros2_ws/build/trac_ik_lib' returned '0': CMAKE_PREFIX_PATH=${CMAKE_PREFIX_PATH}:/opt/ros/humble /usr/bin/cmake --build /home/magne/ros2_ws/build/trac_ik_lib -- -j20 -l20
[0.385s] DEBUG:colcon.colcon_core.event_handler.log_command:Invoking command in '/home/magne/ros2_ws/build/trac_ik_lib': CMAKE_PREFIX_PATH=${CMAKE_PREFIX_PATH}:/opt/ros/humble /usr/bin/cmake --install /home/magne/ros2_ws/build/trac_ik_lib
[0.391s] Level 1:colcon.colcon_core.environment:create_environment_scripts_only(trac_ik_lib)
[0.392s] DEBUG:colcon.colcon_core.event_handler.log_command:Invoked command in '/home/magne/ros2_ws/build/trac_ik_lib' returned '0': CMAKE_PREFIX_PATH=${CMAKE_PREFIX_PATH}:/opt/ros/humble /usr/bin/cmake --install /home/magne/ros2_ws/build/trac_ik_lib
[0.393s] Level 1:colcon.colcon_core.environment:checking '/home/magne/ros2_ws/install/trac_ik_lib' for CMake module files
[0.393s] Level 1:colcon.colcon_core.environment:checking '/home/magne/ros2_ws/install/trac_ik_lib' for CMake config files
[0.393s] Level 1:colcon.colcon_core.shell:create_environment_hook('trac_ik_lib', 'cmake_prefix_path')
[0.394s] INFO:colcon.colcon_core.shell:Creating environment hook '/home/magne/ros2_ws/install/trac_ik_lib/share/trac_ik_lib/hook/cmake_prefix_path.ps1'
[0.394s] INFO:colcon.colcon_core.shell:Creating environment descriptor '/home/magne/ros2_ws/install/trac_ik_lib/share/trac_ik_lib/hook/cmake_prefix_path.dsv'
[0.394s] INFO:colcon.colcon_core.shell:Creating environment hook '/home/magne/ros2_ws/install/trac_ik_lib/share/trac_ik_lib/hook/cmake_prefix_path.sh'
[0.395s] Level 1:colcon.colcon_core.environment:checking '/home/magne/ros2_ws/install/trac_ik_lib/lib'
[0.395s] Level 1:colcon.colcon_core.shell:create_environment_hook('trac_ik_lib', 'ld_library_path_lib')
[0.395s] INFO:colcon.colcon_core.shell:Creating environment hook '/home/magne/ros2_ws/install/trac_ik_lib/share/trac_ik_lib/hook/ld_library_path_lib.ps1'
[0.396s] INFO:colcon.colcon_core.shell:Creating environment descriptor '/home/magne/ros2_ws/install/trac_ik_lib/share/trac_ik_lib/hook/ld_library_path_lib.dsv'
[0.396s] INFO:colcon.colcon_core.shell:Creating environment hook '/home/magne/ros2_ws/install/trac_ik_lib/share/trac_ik_lib/hook/ld_library_path_lib.sh'
[0.396s] Level 1:colcon.colcon_core.environment:checking '/home/magne/ros2_ws/install/trac_ik_lib/bin'
[0.396s] Level 1:colcon.colcon_core.environment:checking '/home/magne/ros2_ws/install/trac_ik_lib/lib/pkgconfig/trac_ik_lib.pc'
[0.396s] Level 1:colcon.colcon_core.environment:checking '/home/magne/ros2_ws/install/trac_ik_lib/lib/python3.10/site-packages'
[0.396s] Level 1:colcon.colcon_core.environment:checking '/home/magne/ros2_ws/install/trac_ik_lib/bin'
[0.397s] INFO:colcon.colcon_core.shell:Creating package script '/home/magne/ros2_ws/install/trac_ik_lib/share/trac_ik_lib/package.ps1'
[0.397s] INFO:colcon.colcon_core.shell:Creating package descriptor '/home/magne/ros2_ws/install/trac_ik_lib/share/trac_ik_lib/package.dsv'
[0.398s] INFO:colcon.colcon_core.shell:Creating package script '/home/magne/ros2_ws/install/trac_ik_lib/share/trac_ik_lib/package.sh'
[0.398s] INFO:colcon.colcon_core.shell:Creating package script '/home/magne/ros2_ws/install/trac_ik_lib/share/trac_ik_lib/package.bash'
[0.398s] INFO:colcon.colcon_core.shell:Creating package script '/home/magne/ros2_ws/install/trac_ik_lib/share/trac_ik_lib/package.zsh'
[0.399s] Level 1:colcon.colcon_core.environment:create_file_with_runtime_dependencies(/home/magne/ros2_ws/install/trac_ik_lib/share/colcon-core/packages/trac_ik_lib)
[0.399s] Level 1:colcon.colcon_core.environment:create_environment_scripts_only(trac_ik_lib)
[0.399s] Level 1:colcon.colcon_core.environment:checking '/home/magne/ros2_ws/install/trac_ik_lib' for CMake module files
[0.400s] Level 1:colcon.colcon_core.environment:checking '/home/magne/ros2_ws/install/trac_ik_lib' for CMake config files
[0.400s] Level 1:colcon.colcon_core.shell:create_environment_hook('trac_ik_lib', 'cmake_prefix_path')
[0.400s] INFO:colcon.colcon_core.shell:Creating environment hook '/home/magne/ros2_ws/install/trac_ik_lib/share/trac_ik_lib/hook/cmake_prefix_path.ps1'
[0.400s] INFO:colcon.colcon_core.shell:Creating environment descriptor '/home/magne/ros2_ws/install/trac_ik_lib/share/trac_ik_lib/hook/cmake_prefix_path.dsv'
[0.400s] INFO:colcon.colcon_core.shell:Creating environment hook '/home/magne/ros2_ws/install/trac_ik_lib/share/trac_ik_lib/hook/cmake_prefix_path.sh'
[0.401s] Level 1:colcon.colcon_core.environment:checking '/home/magne/ros2_ws/install/trac_ik_lib/lib'
[0.401s] Level 1:colcon.colcon_core.shell:create_environment_hook('trac_ik_lib', 'ld_library_path_lib')
[0.401s] INFO:colcon.colcon_core.shell:Creating environment hook '/home/magne/ros2_ws/install/trac_ik_lib/share/trac_ik_lib/hook/ld_library_path_lib.ps1'
[0.401s] INFO:colcon.colcon_core.shell:Creating environment descriptor '/home/magne/ros2_ws/install/trac_ik_lib/share/trac_ik_lib/hook/ld_library_path_lib.dsv'
[0.401s] INFO:colcon.colcon_core.shell:Creating environment hook '/home/magne/ros2_ws/install/trac_ik_lib/share/trac_ik_lib/hook/ld_library_path_lib.sh'
[0.401s] Level 1:colcon.colcon_core.environment:checking '/home/magne/ros2_ws/install/trac_ik_lib/bin'
[0.401s] Level 1:colcon.colcon_core.environment:checking '/home/magne/ros2_ws/install/trac_ik_lib/lib/pkgconfig/trac_ik_lib.pc'
[0.402s] Level 1:colcon.colcon_core.environment:checking '/home/magne/ros2_ws/install/trac_ik_lib/lib/python3.10/site-packages'
[0.402s] Level 1:colcon.colcon_core.environment:checking '/home/magne/ros2_ws/install/trac_ik_lib/bin'
[0.402s] INFO:colcon.colcon_core.shell:Creating package script '/home/magne/ros2_ws/install/trac_ik_lib/share/trac_ik_lib/package.ps1'
[0.402s] INFO:colcon.colcon_core.shell:Creating package descriptor '/home/magne/ros2_ws/install/trac_ik_lib/share/trac_ik_lib/package.dsv'
[0.403s] INFO:colcon.colcon_core.shell:Creating package script '/home/magne/ros2_ws/install/trac_ik_lib/share/trac_ik_lib/package.sh'
[0.403s] INFO:colcon.colcon_core.shell:Creating package script '/home/magne/ros2_ws/install/trac_ik_lib/share/trac_ik_lib/package.bash'
[0.403s] INFO:colcon.colcon_core.shell:Creating package script '/home/magne/ros2_ws/install/trac_ik_lib/share/trac_ik_lib/package.zsh'
[0.403s] Level 1:colcon.colcon_core.environment:create_file_with_runtime_dependencies(/home/magne/ros2_ws/install/trac_ik_lib/share/colcon-core/packages/trac_ik_lib)
[0.404s] INFO:colcon.colcon_ros.task.ament_cmake.build:Building ROS package in '/home/magne/ros2_ws/src/trac_ik/trac_ik_examples' with build type 'ament_cmake'
[0.404s] INFO:colcon.colcon_cmake.task.cmake.build:Building CMake package in '/home/magne/ros2_ws/src/trac_ik/trac_ik_examples'
[0.404s] INFO:colcon.colcon_core.shell:Skip shell extension 'powershell' for command environment: Not usable outside of PowerShell
[0.404s] DEBUG:colcon.colcon_core.shell:Skip shell extension 'dsv' for command environment
[0.406s] INFO:colcon.colcon_ros.task.ament_cmake.build:Building ROS package in '/home/magne/ros2_ws/src/trac_ik/trac_ik_kinematics' with build type 'ament_cmake'
[0.409s] INFO:colcon.colcon_cmake.task.cmake.build:Building CMake package in '/home/magne/ros2_ws/src/trac_ik/trac_ik_kinematics'
[0.410s] INFO:colcon.colcon_core.shell:Skip shell extension 'powershell' for command environment: Not usable outside of PowerShell
[0.410s] DEBUG:colcon.colcon_core.shell:Skip shell extension 'dsv' for command environment
[0.418s] DEBUG:colcon.colcon_core.event_handler.log_command:Invoking command in '/home/magne/ros2_ws/build/trac_ik_examples': AMENT_PREFIX_PATH=/home/magne/ros2_ws/install/trac_ik_lib:${AMENT_PREFIX_PATH} CMAKE_PREFIX_PATH=/home/magne/ros2_ws/install/trac_ik_lib:/home/magne/ros2_ws/install/ur5_sem2_scripts:/opt/ros/humble LD_LIBRARY_PATH=/home/magne/ros2_ws/install/trac_ik_lib/lib:${LD_LIBRARY_PATH} /usr/bin/cmake --build /home/magne/ros2_ws/build/trac_ik_examples -- -j20 -l20
[0.419s] DEBUG:colcon.colcon_core.event_handler.log_command:Invoking command in '/home/magne/ros2_ws/build/trac_ik_kinematics': AMENT_PREFIX_PATH=/home/magne/ros2_ws/install/trac_ik_lib:${AMENT_PREFIX_PATH} CMAKE_PREFIX_PATH=/home/magne/ros2_ws/install/trac_ik_lib:/home/magne/ros2_ws/install/ur5_sem2_scripts:/opt/ros/humble LD_LIBRARY_PATH=/home/magne/ros2_ws/install/trac_ik_lib/lib:${LD_LIBRARY_PATH} /usr/bin/cmake --build /home/magne/ros2_ws/build/trac_ik_kinematics -- -j20 -l20
[0.474s] DEBUG:colcon.colcon_core.event_handler.log_command:Invoked command in '/home/magne/ros2_ws/build/trac_ik_examples' returned '0': AMENT_PREFIX_PATH=/home/magne/ros2_ws/install/trac_ik_lib:${AMENT_PREFIX_PATH} CMAKE_PREFIX_PATH=/home/magne/ros2_ws/install/trac_ik_lib:/home/magne/ros2_ws/install/ur5_sem2_scripts:/opt/ros/humble LD_LIBRARY_PATH=/home/magne/ros2_ws/install/trac_ik_lib/lib:${LD_LIBRARY_PATH} /usr/bin/cmake --build /home/magne/ros2_ws/build/trac_ik_examples -- -j20 -l20
[0.475s] DEBUG:colcon.colcon_core.event_handler.log_command:Invoking command in '/home/magne/ros2_ws/build/trac_ik_examples': AMENT_PREFIX_PATH=/home/magne/ros2_ws/install/trac_ik_lib:${AMENT_PREFIX_PATH} CMAKE_PREFIX_PATH=/home/magne/ros2_ws/install/trac_ik_lib:/home/magne/ros2_ws/install/ur5_sem2_scripts:/opt/ros/humble LD_LIBRARY_PATH=/home/magne/ros2_ws/install/trac_ik_lib/lib:${LD_LIBRARY_PATH} /usr/bin/cmake --install /home/magne/ros2_ws/build/trac_ik_examples
[0.483s] Level 1:colcon.colcon_core.environment:create_environment_scripts_only(trac_ik_examples)
[0.483s] Level 1:colcon.colcon_core.environment:checking '/home/magne/ros2_ws/install/trac_ik_examples' for CMake module files
[0.483s] DEBUG:colcon.colcon_core.event_handler.log_command:Invoked command in '/home/magne/ros2_ws/build/trac_ik_examples' returned '0': AMENT_PREFIX_PATH=/home/magne/ros2_ws/install/trac_ik_lib:${AMENT_PREFIX_PATH} CMAKE_PREFIX_PATH=/home/magne/ros2_ws/install/trac_ik_lib:/home/magne/ros2_ws/install/ur5_sem2_scripts:/opt/ros/humble LD_LIBRARY_PATH=/home/magne/ros2_ws/install/trac_ik_lib/lib:${LD_LIBRARY_PATH} /usr/bin/cmake --install /home/magne/ros2_ws/build/trac_ik_examples
[0.484s] Level 1:colcon.colcon_core.environment:checking '/home/magne/ros2_ws/install/trac_ik_examples' for CMake config files
[0.484s] Level 1:colcon.colcon_core.shell:create_environment_hook('trac_ik_examples', 'cmake_prefix_path')
[0.484s] INFO:colcon.colcon_core.shell:Creating environment hook '/home/magne/ros2_ws/install/trac_ik_examples/share/trac_ik_examples/hook/cmake_prefix_path.ps1'
[0.485s] INFO:colcon.colcon_core.shell:Creating environment descriptor '/home/magne/ros2_ws/install/trac_ik_examples/share/trac_ik_examples/hook/cmake_prefix_path.dsv'
[0.485s] INFO:colcon.colcon_core.shell:Creating environment hook '/home/magne/ros2_ws/install/trac_ik_examples/share/trac_ik_examples/hook/cmake_prefix_path.sh'
[0.485s] Level 1:colcon.colcon_core.environment:checking '/home/magne/ros2_ws/install/trac_ik_examples/lib'
[0.485s] Level 1:colcon.colcon_core.environment:checking '/home/magne/ros2_ws/install/trac_ik_examples/bin'
[0.485s] Level 1:colcon.colcon_core.environment:checking '/home/magne/ros2_ws/install/trac_ik_examples/lib/pkgconfig/trac_ik_examples.pc'
[0.485s] Level 1:colcon.colcon_core.environment:checking '/home/magne/ros2_ws/install/trac_ik_examples/lib/python3.10/site-packages'
[0.486s] Level 1:colcon.colcon_core.environment:checking '/home/magne/ros2_ws/install/trac_ik_examples/bin'
[0.486s] INFO:colcon.colcon_core.shell:Creating package script '/home/magne/ros2_ws/install/trac_ik_examples/share/trac_ik_examples/package.ps1'
[0.486s] INFO:colcon.colcon_core.shell:Creating package descriptor '/home/magne/ros2_ws/install/trac_ik_examples/share/trac_ik_examples/package.dsv'
[0.486s] INFO:colcon.colcon_core.shell:Creating package script '/home/magne/ros2_ws/install/trac_ik_examples/share/trac_ik_examples/package.sh'
[0.486s] INFO:colcon.colcon_core.shell:Creating package script '/home/magne/ros2_ws/install/trac_ik_examples/share/trac_ik_examples/package.bash'
[0.487s] INFO:colcon.colcon_core.shell:Creating package script '/home/magne/ros2_ws/install/trac_ik_examples/share/trac_ik_examples/package.zsh'
[0.487s] Level 1:colcon.colcon_core.environment:create_file_with_runtime_dependencies(/home/magne/ros2_ws/install/trac_ik_examples/share/colcon-core/packages/trac_ik_examples)
[0.487s] Level 1:colcon.colcon_core.environment:create_environment_scripts_only(trac_ik_examples)
[0.487s] Level 1:colcon.colcon_core.environment:checking '/home/magne/ros2_ws/install/trac_ik_examples' for CMake module files
[0.488s] Level 1:colcon.colcon_core.environment:checking '/home/magne/ros2_ws/install/trac_ik_examples' for CMake config files
[0.488s] Level 1:colcon.colcon_core.shell:create_environment_hook('trac_ik_examples', 'cmake_prefix_path')
[0.488s] INFO:colcon.colcon_core.shell:Creating environment hook '/home/magne/ros2_ws/install/trac_ik_examples/share/trac_ik_examples/hook/cmake_prefix_path.ps1'
[0.488s] INFO:colcon.colcon_core.shell:Creating environment descriptor '/home/magne/ros2_ws/install/trac_ik_examples/share/trac_ik_examples/hook/cmake_prefix_path.dsv'
[0.488s] INFO:colcon.colcon_core.shell:Creating environment hook '/home/magne/ros2_ws/install/trac_ik_examples/share/trac_ik_examples/hook/cmake_prefix_path.sh'
[0.489s] Level 1:colcon.colcon_core.environment:checking '/home/magne/ros2_ws/install/trac_ik_examples/lib'
[0.489s] Level 1:colcon.colcon_core.environment:checking '/home/magne/ros2_ws/install/trac_ik_examples/bin'
[0.489s] Level 1:colcon.colcon_core.environment:checking '/home/magne/ros2_ws/install/trac_ik_examples/lib/pkgconfig/trac_ik_examples.pc'
[0.489s] Level 1:colcon.colcon_core.environment:checking '/home/magne/ros2_ws/install/trac_ik_examples/lib/python3.10/site-packages'
[0.489s] Level 1:colcon.colcon_core.environment:checking '/home/magne/ros2_ws/install/trac_ik_examples/bin'
[0.489s] INFO:colcon.colcon_core.shell:Creating package script '/home/magne/ros2_ws/install/trac_ik_examples/share/trac_ik_examples/package.ps1'
[0.489s] INFO:colcon.colcon_core.shell:Creating package descriptor '/home/magne/ros2_ws/install/trac_ik_examples/share/trac_ik_examples/package.dsv'
[0.490s] INFO:colcon.colcon_core.shell:Creating package script '/home/magne/ros2_ws/install/trac_ik_examples/share/trac_ik_examples/package.sh'
[0.490s] INFO:colcon.colcon_core.shell:Creating package script '/home/magne/ros2_ws/install/trac_ik_examples/share/trac_ik_examples/package.bash'
[0.490s] INFO:colcon.colcon_core.shell:Creating package script '/home/magne/ros2_ws/install/trac_ik_examples/share/trac_ik_examples/package.zsh'
[0.490s] Level 1:colcon.colcon_core.environment:create_file_with_runtime_dependencies(/home/magne/ros2_ws/install/trac_ik_examples/share/colcon-core/packages/trac_ik_examples)
[0.494s] DEBUG:colcon.colcon_core.event_handler.log_command:Invoked command in '/home/magne/ros2_ws/build/trac_ik_kinematics' returned '0': AMENT_PREFIX_PATH=/home/magne/ros2_ws/install/trac_ik_lib:${AMENT_PREFIX_PATH} CMAKE_PREFIX_PATH=/home/magne/ros2_ws/install/trac_ik_lib:/home/magne/ros2_ws/install/ur5_sem2_scripts:/opt/ros/humble LD_LIBRARY_PATH=/home/magne/ros2_ws/install/trac_ik_lib/lib:${LD_LIBRARY_PATH} /usr/bin/cmake --build /home/magne/ros2_ws/build/trac_ik_kinematics -- -j20 -l20
[0.494s] DEBUG:colcon.colcon_core.event_handler.log_command:Invoking command in '/home/magne/ros2_ws/build/trac_ik_kinematics': AMENT_PREFIX_PATH=/home/magne/ros2_ws/install/trac_ik_lib:${AMENT_PREFIX_PATH} CMAKE_PREFIX_PATH=/home/magne/ros2_ws/install/trac_ik_lib:/home/magne/ros2_ws/install/ur5_sem2_scripts:/opt/ros/humble LD_LIBRARY_PATH=/home/magne/ros2_ws/install/trac_ik_lib/lib:${LD_LIBRARY_PATH} /usr/bin/cmake --install /home/magne/ros2_ws/build/trac_ik_kinematics
[0.501s] Level 1:colcon.colcon_core.environment:create_environment_scripts_only(trac_ik_kinematics)
[0.501s] Level 1:colcon.colcon_core.environment:checking '/home/magne/ros2_ws/install/trac_ik_kinematics' for CMake module files
[0.502s] DEBUG:colcon.colcon_core.event_handler.log_command:Invoked command in '/home/magne/ros2_ws/build/trac_ik_kinematics' returned '0': AMENT_PREFIX_PATH=/home/magne/ros2_ws/install/trac_ik_lib:${AMENT_PREFIX_PATH} CMAKE_PREFIX_PATH=/home/magne/ros2_ws/install/trac_ik_lib:/home/magne/ros2_ws/install/ur5_sem2_scripts:/opt/ros/humble LD_LIBRARY_PATH=/home/magne/ros2_ws/install/trac_ik_lib/lib:${LD_LIBRARY_PATH} /usr/bin/cmake --install /home/magne/ros2_ws/build/trac_ik_kinematics
[0.502s] Level 1:colcon.colcon_core.environment:checking '/home/magne/ros2_ws/install/trac_ik_kinematics' for CMake config files
[0.502s] Level 1:colcon.colcon_core.shell:create_environment_hook('trac_ik_kinematics', 'cmake_prefix_path')
[0.502s] INFO:colcon.colcon_core.shell:Creating environment hook '/home/magne/ros2_ws/install/trac_ik_kinematics/share/trac_ik_kinematics/hook/cmake_prefix_path.ps1'
[0.503s] INFO:colcon.colcon_core.shell:Creating environment descriptor '/home/magne/ros2_ws/install/trac_ik_kinematics/share/trac_ik_kinematics/hook/cmake_prefix_path.dsv'
[0.503s] INFO:colcon.colcon_core.shell:Creating environment hook '/home/magne/ros2_ws/install/trac_ik_kinematics/share/trac_ik_kinematics/hook/cmake_prefix_path.sh'
[0.503s] Level 1:colcon.colcon_core.environment:checking '/home/magne/ros2_ws/install/trac_ik_kinematics/lib'
[0.503s] Level 1:colcon.colcon_core.shell:create_environment_hook('trac_ik_kinematics', 'ld_library_path_lib')
[0.503s] INFO:colcon.colcon_core.shell:Creating environment hook '/home/magne/ros2_ws/install/trac_ik_kinematics/share/trac_ik_kinematics/hook/ld_library_path_lib.ps1'
[0.504s] INFO:colcon.colcon_core.shell:Creating environment descriptor '/home/magne/ros2_ws/install/trac_ik_kinematics/share/trac_ik_kinematics/hook/ld_library_path_lib.dsv'
[0.504s] INFO:colcon.colcon_core.shell:Creating environment hook '/home/magne/ros2_ws/install/trac_ik_kinematics/share/trac_ik_kinematics/hook/ld_library_path_lib.sh'
[0.504s] Level 1:colcon.colcon_core.environment:checking '/home/magne/ros2_ws/install/trac_ik_kinematics/bin'
[0.504s] Level 1:colcon.colcon_core.environment:checking '/home/magne/ros2_ws/install/trac_ik_kinematics/lib/pkgconfig/trac_ik_kinematics.pc'
[0.504s] Level 1:colcon.colcon_core.environment:checking '/home/magne/ros2_ws/install/trac_ik_kinematics/lib/python3.10/site-packages'
[0.504s] Level 1:colcon.colcon_core.environment:checking '/home/magne/ros2_ws/install/trac_ik_kinematics/bin'
[0.504s] INFO:colcon.colcon_core.shell:Creating package script '/home/magne/ros2_ws/install/trac_ik_kinematics/share/trac_ik_kinematics/package.ps1'
[0.505s] INFO:colcon.colcon_core.shell:Creating package descriptor '/home/magne/ros2_ws/install/trac_ik_kinematics/share/trac_ik_kinematics/package.dsv'
[0.505s] INFO:colcon.colcon_core.shell:Creating package script '/home/magne/ros2_ws/install/trac_ik_kinematics/share/trac_ik_kinematics/package.sh'
[0.505s] INFO:colcon.colcon_core.shell:Creating package script '/home/magne/ros2_ws/install/trac_ik_kinematics/share/trac_ik_kinematics/package.bash'
[0.505s] INFO:colcon.colcon_core.shell:Creating package script '/home/magne/ros2_ws/install/trac_ik_kinematics/share/trac_ik_kinematics/package.zsh'
[0.505s] Level 1:colcon.colcon_core.environment:create_file_with_runtime_dependencies(/home/magne/ros2_ws/install/trac_ik_kinematics/share/colcon-core/packages/trac_ik_kinematics)
[0.506s] Level 1:colcon.colcon_core.environment:create_environment_scripts_only(trac_ik_kinematics)
[0.506s] Level 1:colcon.colcon_core.environment:checking '/home/magne/ros2_ws/install/trac_ik_kinematics' for CMake module files
[0.506s] Level 1:colcon.colcon_core.environment:checking '/home/magne/ros2_ws/install/trac_ik_kinematics' for CMake config files
[0.506s] Level 1:colcon.colcon_core.shell:create_environment_hook('trac_ik_kinematics', 'cmake_prefix_path')
[0.506s] INFO:colcon.colcon_core.shell:Creating environment hook '/home/magne/ros2_ws/install/trac_ik_kinematics/share/trac_ik_kinematics/hook/cmake_prefix_path.ps1'
[0.507s] INFO:colcon.colcon_core.shell:Creating environment descriptor '/home/magne/ros2_ws/install/trac_ik_kinematics/share/trac_ik_kinematics/hook/cmake_prefix_path.dsv'
[0.507s] INFO:colcon.colcon_core.shell:Creating environment hook '/home/magne/ros2_ws/install/trac_ik_kinematics/share/trac_ik_kinematics/hook/cmake_prefix_path.sh'
[0.507s] Level 1:colcon.colcon_core.environment:checking '/home/magne/ros2_ws/install/trac_ik_kinematics/lib'
[0.507s] Level 1:colcon.colcon_core.shell:create_environment_hook('trac_ik_kinematics', 'ld_library_path_lib')
[0.507s] INFO:colcon.colcon_core.shell:Creating environment hook '/home/magne/ros2_ws/install/trac_ik_kinematics/share/trac_ik_kinematics/hook/ld_library_path_lib.ps1'
[0.507s] INFO:colcon.colcon_core.shell:Creating environment descriptor '/home/magne/ros2_ws/install/trac_ik_kinematics/share/trac_ik_kinematics/hook/ld_library_path_lib.dsv'
[0.508s] INFO:colcon.colcon_core.shell:Creating environment hook '/home/magne/ros2_ws/install/trac_ik_kinematics/share/trac_ik_kinematics/hook/ld_library_path_lib.sh'
[0.508s] Level 1:colcon.colcon_core.environment:checking '/home/magne/ros2_ws/install/trac_ik_kinematics/bin'
[0.508s] Level 1:colcon.colcon_core.environment:checking '/home/magne/ros2_ws/install/trac_ik_kinematics/lib/pkgconfig/trac_ik_kinematics.pc'
[0.508s] Level 1:colcon.colcon_core.environment:checking '/home/magne/ros2_ws/install/trac_ik_kinematics/lib/python3.10/site-packages'
[0.508s] Level 1:colcon.colcon_core.environment:checking '/home/magne/ros2_ws/install/trac_ik_kinematics/bin'
[0.508s] INFO:colcon.colcon_core.shell:Creating package script '/home/magne/ros2_ws/install/trac_ik_kinematics/share/trac_ik_kinematics/package.ps1'
[0.508s] INFO:colcon.colcon_core.shell:Creating package descriptor '/home/magne/ros2_ws/install/trac_ik_kinematics/share/trac_ik_kinematics/package.dsv'
[0.509s] INFO:colcon.colcon_core.shell:Creating package script '/home/magne/ros2_ws/install/trac_ik_kinematics/share/trac_ik_kinematics/package.sh'
[0.509s] INFO:colcon.colcon_core.shell:Creating package script '/home/magne/ros2_ws/install/trac_ik_kinematics/share/trac_ik_kinematics/package.bash'
[0.509s] INFO:colcon.colcon_core.shell:Creating package script '/home/magne/ros2_ws/install/trac_ik_kinematics/share/trac_ik_kinematics/package.zsh'
[0.509s] Level 1:colcon.colcon_core.environment:create_file_with_runtime_dependencies(/home/magne/ros2_ws/install/trac_ik_kinematics/share/colcon-core/packages/trac_ik_kinematics)
[0.510s] INFO:colcon.colcon_ros.task.ament_cmake.build:Building ROS package in '/home/magne/ros2_ws/src/trac_ik/trac_ik' with build type 'ament_cmake'
[0.510s] INFO:colcon.colcon_cmake.task.cmake.build:Building CMake package in '/home/magne/ros2_ws/src/trac_ik/trac_ik'
[0.510s] INFO:colcon.colcon_core.shell:Skip shell extension 'powershell' for command environment: Not usable outside of PowerShell
[0.510s] DEBUG:colcon.colcon_core.shell:Skip shell extension 'dsv' for command environment
[0.518s] DEBUG:colcon.colcon_core.event_handler.log_command:Invoking command in '/home/magne/ros2_ws/build/trac_ik': AMENT_PREFIX_PATH=/home/magne/ros2_ws/install/trac_ik_kinematics:/home/magne/ros2_ws/install/trac_ik_examples:/home/magne/ros2_ws/install/trac_ik_lib:${AMENT_PREFIX_PATH} CMAKE_PREFIX_PATH=/home/magne/ros2_ws/install/trac_ik_kinematics:/home/magne/ros2_ws/install/trac_ik_examples:/home/magne/ros2_ws/install/trac_ik_lib:/home/magne/ros2_ws/install/ur5_sem2_scripts:/opt/ros/humble LD_LIBRARY_PATH=/home/magne/ros2_ws/install/trac_ik_kinematics/lib:/home/magne/ros2_ws/install/trac_ik_lib/lib:${LD_LIBRARY_PATH} /usr/bin/cmake --build /home/magne/ros2_ws/build/trac_ik -- -j20 -l20
[0.558s] DEBUG:colcon.colcon_core.event_handler.log_command:Invoked command in '/home/magne/ros2_ws/build/trac_ik' returned '0': AMENT_PREFIX_PATH=/home/magne/ros2_ws/install/trac_ik_kinematics:/home/magne/ros2_ws/install/trac_ik_examples:/home/magne/ros2_ws/install/trac_ik_lib:${AMENT_PREFIX_PATH} CMAKE_PREFIX_PATH=/home/magne/ros2_ws/install/trac_ik_kinematics:/home/magne/ros2_ws/install/trac_ik_examples:/home/magne/ros2_ws/install/trac_ik_lib:/home/magne/ros2_ws/install/ur5_sem2_scripts:/opt/ros/humble LD_LIBRARY_PATH=/home/magne/ros2_ws/install/trac_ik_kinematics/lib:/home/magne/ros2_ws/install/trac_ik_lib/lib:${LD_LIBRARY_PATH} /usr/bin/cmake --build /home/magne/ros2_ws/build/trac_ik -- -j20 -l20
[0.559s] DEBUG:colcon.colcon_core.event_handler.log_command:Invoking command in '/home/magne/ros2_ws/build/trac_ik': AMENT_PREFIX_PATH=/home/magne/ros2_ws/install/trac_ik_kinematics:/home/magne/ros2_ws/install/trac_ik_examples:/home/magne/ros2_ws/install/trac_ik_lib:${AMENT_PREFIX_PATH} CMAKE_PREFIX_PATH=/home/magne/ros2_ws/install/trac_ik_kinematics:/home/magne/ros2_ws/install/trac_ik_examples:/home/magne/ros2_ws/install/trac_ik_lib:/home/magne/ros2_ws/install/ur5_sem2_scripts:/opt/ros/humble LD_LIBRARY_PATH=/home/magne/ros2_ws/install/trac_ik_kinematics/lib:/home/magne/ros2_ws/install/trac_ik_lib/lib:${LD_LIBRARY_PATH} /usr/bin/cmake --install /home/magne/ros2_ws/build/trac_ik
[0.568s] Level 1:colcon.colcon_core.environment:create_environment_scripts_only(trac_ik)
[0.568s] Level 1:colcon.colcon_core.environment:checking '/home/magne/ros2_ws/install/trac_ik' for CMake module files
[0.569s] DEBUG:colcon.colcon_core.event_handler.log_command:Invoked command in '/home/magne/ros2_ws/build/trac_ik' returned '0': AMENT_PREFIX_PATH=/home/magne/ros2_ws/install/trac_ik_kinematics:/home/magne/ros2_ws/install/trac_ik_examples:/home/magne/ros2_ws/install/trac_ik_lib:${AMENT_PREFIX_PATH} CMAKE_PREFIX_PATH=/home/magne/ros2_ws/install/trac_ik_kinematics:/home/magne/ros2_ws/install/trac_ik_examples:/home/magne/ros2_ws/install/trac_ik_lib:/home/magne/ros2_ws/install/ur5_sem2_scripts:/opt/ros/humble LD_LIBRARY_PATH=/home/magne/ros2_ws/install/trac_ik_kinematics/lib:/home/magne/ros2_ws/install/trac_ik_lib/lib:${LD_LIBRARY_PATH} /usr/bin/cmake --install /home/magne/ros2_ws/build/trac_ik
[0.569s] Level 1:colcon.colcon_core.environment:checking '/home/magne/ros2_ws/install/trac_ik' for CMake config files
[0.569s] Level 1:colcon.colcon_core.shell:create_environment_hook('trac_ik', 'cmake_prefix_path')
[0.569s] INFO:colcon.colcon_core.shell:Creating environment hook '/home/magne/ros2_ws/install/trac_ik/share/trac_ik/hook/cmake_prefix_path.ps1'
[0.570s] INFO:colcon.colcon_core.shell:Creating environment descriptor '/home/magne/ros2_ws/install/trac_ik/share/trac_ik/hook/cmake_prefix_path.dsv'
[0.570s] INFO:colcon.colcon_core.shell:Creating environment hook '/home/magne/ros2_ws/install/trac_ik/share/trac_ik/hook/cmake_prefix_path.sh'
[0.570s] Level 1:colcon.colcon_core.environment:checking '/home/magne/ros2_ws/install/trac_ik/bin'
[0.570s] Level 1:colcon.colcon_core.environment:checking '/home/magne/ros2_ws/install/trac_ik/lib/pkgconfig/trac_ik.pc'
[0.570s] Level 1:colcon.colcon_core.environment:checking '/home/magne/ros2_ws/install/trac_ik/lib/python3.10/site-packages'
[0.571s] Level 1:colcon.colcon_core.environment:checking '/home/magne/ros2_ws/install/trac_ik/bin'
[0.571s] INFO:colcon.colcon_core.shell:Creating package script '/home/magne/ros2_ws/install/trac_ik/share/trac_ik/package.ps1'
[0.571s] INFO:colcon.colcon_core.shell:Creating package descriptor '/home/magne/ros2_ws/install/trac_ik/share/trac_ik/package.dsv'
[0.571s] INFO:colcon.colcon_core.shell:Creating package script '/home/magne/ros2_ws/install/trac_ik/share/trac_ik/package.sh'
[0.572s] INFO:colcon.colcon_core.shell:Creating package script '/home/magne/ros2_ws/install/trac_ik/share/trac_ik/package.bash'
[0.572s] INFO:colcon.colcon_core.shell:Creating package script '/home/magne/ros2_ws/install/trac_ik/share/trac_ik/package.zsh'
[0.572s] Level 1:colcon.colcon_core.environment:create_file_with_runtime_dependencies(/home/magne/ros2_ws/install/trac_ik/share/colcon-core/packages/trac_ik)
[0.572s] Level 1:colcon.colcon_core.environment:create_environment_scripts_only(trac_ik)
[0.572s] Level 1:colcon.colcon_core.environment:checking '/home/magne/ros2_ws/install/trac_ik' for CMake module files
[0.573s] Level 1:colcon.colcon_core.environment:checking '/home/magne/ros2_ws/install/trac_ik' for CMake config files
[0.573s] Level 1:colcon.colcon_core.shell:create_environment_hook('trac_ik', 'cmake_prefix_path')
[0.573s] INFO:colcon.colcon_core.shell:Creating environment hook '/home/magne/ros2_ws/install/trac_ik/share/trac_ik/hook/cmake_prefix_path.ps1'
[0.573s] INFO:colcon.colcon_core.shell:Creating environment descriptor '/home/magne/ros2_ws/install/trac_ik/share/trac_ik/hook/cmake_prefix_path.dsv'
[0.573s] INFO:colcon.colcon_core.shell:Creating environment hook '/home/magne/ros2_ws/install/trac_ik/share/trac_ik/hook/cmake_prefix_path.sh'
[0.574s] Level 1:colcon.colcon_core.environment:checking '/home/magne/ros2_ws/install/trac_ik/bin'
[0.574s] Level 1:colcon.colcon_core.environment:checking '/home/magne/ros2_ws/install/trac_ik/lib/pkgconfig/trac_ik.pc'
[0.574s] Level 1:colcon.colcon_core.environment:checking '/home/magne/ros2_ws/install/trac_ik/lib/python3.10/site-packages'
[0.574s] Level 1:colcon.colcon_core.environment:checking '/home/magne/ros2_ws/install/trac_ik/bin'
[0.574s] INFO:colcon.colcon_core.shell:Creating package script '/home/magne/ros2_ws/install/trac_ik/share/trac_ik/package.ps1'
[0.574s] INFO:colcon.colcon_core.shell:Creating package descriptor '/home/magne/ros2_ws/install/trac_ik/share/trac_ik/package.dsv'
[0.575s] INFO:colcon.colcon_core.shell:Creating package script '/home/magne/ros2_ws/install/trac_ik/share/trac_ik/package.sh'
[0.575s] INFO:colcon.colcon_core.shell:Creating package script '/home/magne/ros2_ws/install/trac_ik/share/trac_ik/package.bash'
[0.575s] INFO:colcon.colcon_core.shell:Creating package script '/home/magne/ros2_ws/install/trac_ik/share/trac_ik/package.zsh'
[0.575s] Level 1:colcon.colcon_core.environment:create_file_with_runtime_dependencies(/home/magne/ros2_ws/install/trac_ik/share/colcon-core/packages/trac_ik)
[13.795s] DEBUG:colcon.colcon_core.event_handler.log_command:Invoked command in '/home/magne/ros2_ws/build/ur5_sem2_scripts' returned '0': CMAKE_PREFIX_PATH=${CMAKE_PREFIX_PATH}:/opt/ros/humble /usr/bin/cmake --build /home/magne/ros2_ws/build/ur5_sem2_scripts -- -j20 -l20
[13.797s] DEBUG:colcon.colcon_core.event_handler.log_command:Invoking command in '/home/magne/ros2_ws/build/ur5_sem2_scripts': CMAKE_PREFIX_PATH=${CMAKE_PREFIX_PATH}:/opt/ros/humble /usr/bin/cmake --install /home/magne/ros2_ws/build/ur5_sem2_scripts
[13.807s] Level 1:colcon.colcon_core.environment:create_environment_scripts_only(ur5_sem2_scripts)
[13.807s] Level 1:colcon.colcon_core.environment:checking '/home/magne/ros2_ws/install/ur5_sem2_scripts' for CMake module files
[13.807s] DEBUG:colcon.colcon_core.event_handler.log_command:Invoked command in '/home/magne/ros2_ws/build/ur5_sem2_scripts' returned '0': CMAKE_PREFIX_PATH=${CMAKE_PREFIX_PATH}:/opt/ros/humble /usr/bin/cmake --install /home/magne/ros2_ws/build/ur5_sem2_scripts
[13.808s] Level 1:colcon.colcon_core.environment:checking '/home/magne/ros2_ws/install/ur5_sem2_scripts' for CMake config files
[13.808s] Level 1:colcon.colcon_core.shell:create_environment_hook('ur5_sem2_scripts', 'cmake_prefix_path')
[13.808s] INFO:colcon.colcon_core.shell:Creating environment hook '/home/magne/ros2_ws/install/ur5_sem2_scripts/share/ur5_sem2_scripts/hook/cmake_prefix_path.ps1'
[13.809s] INFO:colcon.colcon_core.shell:Creating environment descriptor '/home/magne/ros2_ws/install/ur5_sem2_scripts/share/ur5_sem2_scripts/hook/cmake_prefix_path.dsv'
[13.809s] INFO:colcon.colcon_core.shell:Creating environment hook '/home/magne/ros2_ws/install/ur5_sem2_scripts/share/ur5_sem2_scripts/hook/cmake_prefix_path.sh'
[13.811s] Level 1:colcon.colcon_core.environment:checking '/home/magne/ros2_ws/install/ur5_sem2_scripts/lib'
[13.811s] Level 1:colcon.colcon_core.environment:checking '/home/magne/ros2_ws/install/ur5_sem2_scripts/bin'
[13.811s] Level 1:colcon.colcon_core.environment:checking '/home/magne/ros2_ws/install/ur5_sem2_scripts/lib/pkgconfig/ur5_sem2_scripts.pc'
[13.811s] Level 1:colcon.colcon_core.environment:checking '/home/magne/ros2_ws/install/ur5_sem2_scripts/lib/python3.10/site-packages'
[13.811s] Level 1:colcon.colcon_core.environment:checking '/home/magne/ros2_ws/install/ur5_sem2_scripts/bin'
[13.812s] INFO:colcon.colcon_core.shell:Creating package script '/home/magne/ros2_ws/install/ur5_sem2_scripts/share/ur5_sem2_scripts/package.ps1'
[13.812s] INFO:colcon.colcon_core.shell:Creating package descriptor '/home/magne/ros2_ws/install/ur5_sem2_scripts/share/ur5_sem2_scripts/package.dsv'
[13.813s] INFO:colcon.colcon_core.shell:Creating package script '/home/magne/ros2_ws/install/ur5_sem2_scripts/share/ur5_sem2_scripts/package.sh'
[13.813s] INFO:colcon.colcon_core.shell:Creating package script '/home/magne/ros2_ws/install/ur5_sem2_scripts/share/ur5_sem2_scripts/package.bash'
[13.813s] INFO:colcon.colcon_core.shell:Creating package script '/home/magne/ros2_ws/install/ur5_sem2_scripts/share/ur5_sem2_scripts/package.zsh'
[13.814s] Level 1:colcon.colcon_core.environment:create_file_with_runtime_dependencies(/home/magne/ros2_ws/install/ur5_sem2_scripts/share/colcon-core/packages/ur5_sem2_scripts)
[13.814s] Level 1:colcon.colcon_core.environment:create_environment_scripts_only(ur5_sem2_scripts)
[13.815s] Level 1:colcon.colcon_core.environment:checking '/home/magne/ros2_ws/install/ur5_sem2_scripts' for CMake module files
[13.815s] Level 1:colcon.colcon_core.environment:checking '/home/magne/ros2_ws/install/ur5_sem2_scripts' for CMake config files
[13.815s] Level 1:colcon.colcon_core.shell:create_environment_hook('ur5_sem2_scripts', 'cmake_prefix_path')
[13.815s] INFO:colcon.colcon_core.shell:Creating environment hook '/home/magne/ros2_ws/install/ur5_sem2_scripts/share/ur5_sem2_scripts/hook/cmake_prefix_path.ps1'
[13.816s] INFO:colcon.colcon_core.shell:Creating environment descriptor '/home/magne/ros2_ws/install/ur5_sem2_scripts/share/ur5_sem2_scripts/hook/cmake_prefix_path.dsv'
[13.817s] INFO:colcon.colcon_core.shell:Creating environment hook '/home/magne/ros2_ws/install/ur5_sem2_scripts/share/ur5_sem2_scripts/hook/cmake_prefix_path.sh'
[13.817s] Level 1:colcon.colcon_core.environment:checking '/home/magne/ros2_ws/install/ur5_sem2_scripts/lib'
[13.817s] Level 1:colcon.colcon_core.environment:checking '/home/magne/ros2_ws/install/ur5_sem2_scripts/bin'
[13.818s] Level 1:colcon.colcon_core.environment:checking '/home/magne/ros2_ws/install/ur5_sem2_scripts/lib/pkgconfig/ur5_sem2_scripts.pc'
[13.818s] Level 1:colcon.colcon_core.environment:checking '/home/magne/ros2_ws/install/ur5_sem2_scripts/lib/python3.10/site-packages'
[13.818s] Level 1:colcon.colcon_core.environment:checking '/home/magne/ros2_ws/install/ur5_sem2_scripts/bin'
[13.818s] INFO:colcon.colcon_core.shell:Creating package script '/home/magne/ros2_ws/install/ur5_sem2_scripts/share/ur5_sem2_scripts/package.ps1'
[13.819s] INFO:colcon.colcon_core.shell:Creating package descriptor '/home/magne/ros2_ws/install/ur5_sem2_scripts/share/ur5_sem2_scripts/package.dsv'
[13.819s] INFO:colcon.colcon_core.shell:Creating package script '/home/magne/ros2_ws/install/ur5_sem2_scripts/share/ur5_sem2_scripts/package.sh'
[13.819s] INFO:colcon.colcon_core.shell:Creating package script '/home/magne/ros2_ws/install/ur5_sem2_scripts/share/ur5_sem2_scripts/package.bash'
[13.819s] INFO:colcon.colcon_core.shell:Creating package script '/home/magne/ros2_ws/install/ur5_sem2_scripts/share/ur5_sem2_scripts/package.zsh'
[13.820s] Level 1:colcon.colcon_core.environment:create_file_with_runtime_dependencies(/home/magne/ros2_ws/install/ur5_sem2_scripts/share/colcon-core/packages/ur5_sem2_scripts)
[13.820s] DEBUG:colcon.colcon_parallel_executor.executor.parallel:closing loop
[13.820s] DEBUG:colcon.colcon_parallel_executor.executor.parallel:loop closed
[13.820s] DEBUG:colcon.colcon_parallel_executor.executor.parallel:run_until_complete finished with '0'
[13.820s] DEBUG:colcon.colcon_core.event_reactor:joining thread
[13.825s] INFO:colcon.colcon_core.plugin_system:Skipping extension 'colcon_notification.desktop_notification.terminal_notifier': Not used on non-Darwin systems
[13.825s] INFO:colcon.colcon_core.plugin_system:Skipping extension 'colcon_notification.desktop_notification.win32': Not used on non-Windows systems
[13.825s] INFO:colcon.colcon_notification.desktop_notification:Sending desktop notification using 'notify2'
[13.847s] DEBUG:colcon.colcon_core.event_reactor:joined thread
[13.848s] INFO:colcon.colcon_core.shell:Creating prefix script '/home/magne/ros2_ws/install/local_setup.ps1'
[13.849s] INFO:colcon.colcon_core.shell:Creating prefix util module '/home/magne/ros2_ws/install/_local_setup_util_ps1.py'
[13.850s] INFO:colcon.colcon_core.shell:Creating prefix chain script '/home/magne/ros2_ws/install/setup.ps1'
[13.851s] INFO:colcon.colcon_core.shell:Creating prefix script '/home/magne/ros2_ws/install/local_setup.sh'
[13.852s] INFO:colcon.colcon_core.shell:Creating prefix util module '/home/magne/ros2_ws/install/_local_setup_util_sh.py'
[13.853s] INFO:colcon.colcon_core.shell:Creating prefix chain script '/home/magne/ros2_ws/install/setup.sh'
[13.854s] INFO:colcon.colcon_core.shell:Creating prefix script '/home/magne/ros2_ws/install/local_setup.bash'
[13.855s] INFO:colcon.colcon_core.shell:Creating prefix chain script '/home/magne/ros2_ws/install/setup.bash'
[13.856s] INFO:colcon.colcon_core.shell:Creating prefix script '/home/magne/ros2_ws/install/local_setup.zsh'
[13.856s] INFO:colcon.colcon_core.shell:Creating prefix chain script '/home/magne/ros2_ws/install/setup.zsh'
