[0.014s] Invoking command in '/home/magne/ros2_ws/build/trac_ik_examples': AMENT_PREFIX_PATH=/home/magne/ros2_ws/install/trac_ik_lib:${AMENT_PREFIX_PATH} CMAKE_PREFIX_PATH=/home/magne/ros2_ws/install/trac_ik_lib:/home/magne/ros2_ws/install/ur5_sem2_scripts:/opt/ros/humble LD_LIBRARY_PATH=/home/magne/ros2_ws/install/trac_ik_lib/lib:${LD_LIBRARY_PATH} /usr/bin/cmake --build /home/magne/ros2_ws/build/trac_ik_examples -- -j20 -l20
[0.057s] [100%] Built target ik_tests
[0.069s] Invoked command in '/home/magne/ros2_ws/build/trac_ik_examples' returned '0': AMENT_PREFIX_PATH=/home/magne/ros2_ws/install/trac_ik_lib:${AMENT_PREFIX_PATH} CMAKE_PREFIX_PATH=/home/magne/ros2_ws/install/trac_ik_lib:/home/magne/ros2_ws/install/ur5_sem2_scripts:/opt/ros/humble LD_LIBRARY_PATH=/home/magne/ros2_ws/install/trac_ik_lib/lib:${LD_LIBRARY_PATH} /usr/bin/cmake --build /home/magne/ros2_ws/build/trac_ik_examples -- -j20 -l20
[0.070s] Invoking command in '/home/magne/ros2_ws/build/trac_ik_examples': AMENT_PREFIX_PATH=/home/magne/ros2_ws/install/trac_ik_lib:${AMENT_PREFIX_PATH} CMAKE_PREFIX_PATH=/home/magne/ros2_ws/install/trac_ik_lib:/home/magne/ros2_ws/install/ur5_sem2_scripts:/opt/ros/humble LD_LIBRARY_PATH=/home/magne/ros2_ws/install/trac_ik_lib/lib:${LD_LIBRARY_PATH} /usr/bin/cmake --install /home/magne/ros2_ws/build/trac_ik_examples
[0.076s] -- Install configuration: ""
[0.076s] -- Up-to-date: /home/magne/ros2_ws/install/trac_ik_examples/lib/trac_ik_examples/ik_tests
[0.076s] -- Up-to-date: /home/magne/ros2_ws/install/trac_ik_examples/share/trac_ik_examples/launch
[0.076s] -- Up-to-date: /home/magne/ros2_ws/install/trac_ik_examples/share/trac_ik_examples/launch/pr2.urdf
[0.076s] -- Up-to-date: /home/magne/ros2_ws/install/trac_ik_examples/share/trac_ik_examples/launch/pr2_arm.launch.py
[0.076s] -- Up-to-date: /home/magne/ros2_ws/install/trac_ik_examples/share/ament_index/resource_index/package_run_dependencies/trac_ik_examples
[0.076s] -- Up-to-date: /home/magne/ros2_ws/install/trac_ik_examples/share/ament_index/resource_index/parent_prefix_path/trac_ik_examples
[0.077s] -- Up-to-date: /home/magne/ros2_ws/install/trac_ik_examples/share/trac_ik_examples/environment/ament_prefix_path.sh
[0.077s] -- Up-to-date: /home/magne/ros2_ws/install/trac_ik_examples/share/trac_ik_examples/environment/ament_prefix_path.dsv
[0.077s] -- Up-to-date: /home/magne/ros2_ws/install/trac_ik_examples/share/trac_ik_examples/environment/path.sh
[0.077s] -- Up-to-date: /home/magne/ros2_ws/install/trac_ik_examples/share/trac_ik_examples/environment/path.dsv
[0.077s] -- Up-to-date: /home/magne/ros2_ws/install/trac_ik_examples/share/trac_ik_examples/local_setup.bash
[0.077s] -- Up-to-date: /home/magne/ros2_ws/install/trac_ik_examples/share/trac_ik_examples/local_setup.sh
[0.077s] -- Up-to-date: /home/magne/ros2_ws/install/trac_ik_examples/share/trac_ik_examples/local_setup.zsh
[0.077s] -- Up-to-date: /home/magne/ros2_ws/install/trac_ik_examples/share/trac_ik_examples/local_setup.dsv
[0.077s] -- Installing: /home/magne/ros2_ws/install/trac_ik_examples/share/trac_ik_examples/package.dsv
[0.077s] -- Up-to-date: /home/magne/ros2_ws/install/trac_ik_examples/share/ament_index/resource_index/packages/trac_ik_examples
[0.077s] -- Up-to-date: /home/magne/ros2_ws/install/trac_ik_examples/share/trac_ik_examples/cmake/trac_ik_examplesConfig.cmake
[0.077s] -- Up-to-date: /home/magne/ros2_ws/install/trac_ik_examples/share/trac_ik_examples/cmake/trac_ik_examplesConfig-version.cmake
[0.077s] -- Up-to-date: /home/magne/ros2_ws/install/trac_ik_examples/share/trac_ik_examples/package.xml
[0.079s] Invoked command in '/home/magne/ros2_ws/build/trac_ik_examples' returned '0': AMENT_PREFIX_PATH=/home/magne/ros2_ws/install/trac_ik_lib:${AMENT_PREFIX_PATH} CMAKE_PREFIX_PATH=/home/magne/ros2_ws/install/trac_ik_lib:/home/magne/ros2_ws/install/ur5_sem2_scripts:/opt/ros/humble LD_LIBRARY_PATH=/home/magne/ros2_ws/install/trac_ik_lib/lib:${LD_LIBRARY_PATH} /usr/bin/cmake --install /home/magne/ros2_ws/build/trac_ik_examples
