[0.011s] Invoking command in '/home/magne/ros2_ws/build/ur5_sem2_scripts': CMAKE_PREFIX_PATH=${CMAKE_PREFIX_PATH}:/opt/ros/humble /usr/bin/cmake /home/magne/ros2_ws/src/ur5_sem2_scripts -DCMAKE_INSTALL_PREFIX=/home/magne/ros2_ws/install/ur5_sem2_scripts
[0.019s] -- Found ament_cmake: 1.3.11 (/opt/ros/humble/share/ament_cmake/cmake)
[0.132s] -- Found rclcpp: 16.0.11 (/opt/ros/humble/share/rclcpp/cmake)
[0.148s] -- Found rosidl_generator_c: 3.1.6 (/opt/ros/humble/share/rosidl_generator_c/cmake)
[0.149s] -- Found rosidl_adapter: 3.1.6 (/opt/ros/humble/share/rosidl_adapter/cmake)
[0.151s] -- Found rosidl_generator_cpp: 3.1.6 (/opt/ros/humble/share/rosidl_generator_cpp/cmake)
[0.156s] -- Using all available rosidl_typesupport_c: rosidl_typesupport_fastrtps_c;rosidl_typesupport_introspection_c
[0.161s] -- Using all available rosidl_typesupport_cpp: rosidl_typesupport_fastrtps_cpp;rosidl_typesupport_introspection_cpp
[0.177s] -- Found rmw_implementation_cmake: 6.1.2 (/opt/ros/humble/share/rmw_implementation_cmake/cmake)
[0.177s] -- Found rmw_fastrtps_cpp: 6.2.7 (/opt/ros/humble/share/rmw_fastrtps_cpp/cmake)
[0.251s] -- Using RMW implementation 'rmw_fastrtps_cpp' as default
[0.286s] -- Found tf2_ros: 0.25.12 (/opt/ros/humble/share/tf2_ros/cmake)
[0.356s] -- Found moveit_ros_planning_interface: 2.5.8 (/opt/ros/humble/share/moveit_ros_planning_interface/cmake)
[0.365s] -- Found Boost: /usr/lib/x86_64-linux-gnu/cmake/Boost-1.74.0/BoostConfig.cmake (found version "1.74.0") found components: date_time filesystem program_options system thread 
[0.464s] -- Found Boost: /usr/lib/x86_64-linux-gnu/cmake/Boost-1.74.0/BoostConfig.cmake (found version "1.74.0") found components: chrono date_time filesystem iostreams program_options regex serialization system thread 
[0.481s] -- Found parameter_traits: 0.4.0 (/opt/ros/humble/share/parameter_traits/cmake)
[0.489s] -- Found rclcpp_lifecycle: 16.0.11 (/opt/ros/humble/share/rclcpp_lifecycle/cmake)
[0.505s] -- Found Boost: /usr/lib/x86_64-linux-gnu/cmake/Boost-1.74.0/BoostConfig.cmake (found version "1.74.0") found components: filesystem 
[0.535s] -- library: /usr/lib/x86_64-linux-gnu/libcurl.so
[0.552s] -- Ensuring Eigen3 include directory is part of orocos-kdl CMake target
[0.579s] -- Found Boost: /usr/lib/x86_64-linux-gnu/cmake/Boost-1.74.0/BoostConfig.cmake (found version "1.74.0") found components: system filesystem date_time program_options thread chrono 
[0.593s] -- Found Boost: /usr/lib/x86_64-linux-gnu/cmake/Boost-1.74.0/BoostConfig.cmake (found version "1.74.0") found components: thread system filesystem regex date_time program_options 
[0.603s] -- Found Boost: /usr/lib/x86_64-linux-gnu/cmake/Boost-1.74.0/BoostConfig.cmake (found version "1.74.0") found components: system filesystem date_time program_options thread 
[0.623s] -- Found ament_lint_auto: 0.12.11 (/opt/ros/humble/share/ament_lint_auto/cmake)
[0.660s] -- Added test 'cppcheck' to perform static code analysis on C / C++ code
[0.660s] -- Configured cppcheck include dirs: /home/magne/ros2_ws/src/ur5_sem2_scripts/include;$<BUILD_INTERFACE:/home/magne/ros2_ws/src/ur5_sem2_scripts/include>
[0.660s] -- Configured cppcheck exclude dirs and/or files: 
[0.660s] -- Added test 'flake8' to check Python code syntax and style conventions
[0.661s] -- Added test 'lint_cmake' to check CMake code style
[0.661s] -- Added test 'pep257' to check Python code against some of the docstring style conventions in PEP 257
[0.661s] -- Added test 'uncrustify' to check C / C++ code style
[0.661s] -- Configured uncrustify additional arguments: 
[0.661s] -- Added test 'xmllint' to check XML markup files
[0.662s] -- Configuring done
[0.702s] -- Generating done
[0.717s] -- Build files have been written to: /home/magne/ros2_ws/build/ur5_sem2_scripts
[0.727s] Invoked command in '/home/magne/ros2_ws/build/ur5_sem2_scripts' returned '0': CMAKE_PREFIX_PATH=${CMAKE_PREFIX_PATH}:/opt/ros/humble /usr/bin/cmake /home/magne/ros2_ws/src/ur5_sem2_scripts -DCMAKE_INSTALL_PREFIX=/home/magne/ros2_ws/install/ur5_sem2_scripts
[0.729s] Invoking command in '/home/magne/ros2_ws/build/ur5_sem2_scripts': CMAKE_PREFIX_PATH=${CMAKE_PREFIX_PATH}:/opt/ros/humble /usr/bin/cmake --build /home/magne/ros2_ws/build/ur5_sem2_scripts -- -j20 -l20
[0.741s] /usr/bin/cmake -S/home/magne/ros2_ws/src/ur5_sem2_scripts -B/home/magne/ros2_ws/build/ur5_sem2_scripts --check-build-system CMakeFiles/Makefile.cmake 0
[0.754s] /usr/bin/cmake -E cmake_progress_start /home/magne/ros2_ws/build/ur5_sem2_scripts/CMakeFiles /home/magne/ros2_ws/build/ur5_sem2_scripts//CMakeFiles/progress.marks
[0.761s] /usr/bin/gmake  -f CMakeFiles/Makefile2 all
[0.762s] gmake[1]: Entering directory '/home/magne/ros2_ws/build/ur5_sem2_scripts'
[0.762s] /usr/bin/gmake  -f CMakeFiles/ChessMoves.dir/build.make CMakeFiles/ChessMoves.dir/depend
[0.762s] /usr/bin/gmake  -f CMakeFiles/simple_move.dir/build.make CMakeFiles/simple_move.dir/depend
[0.762s] /usr/bin/gmake  -f CMakeFiles/svejse_frame.dir/build.make CMakeFiles/svejse_frame.dir/depend
[0.763s] /usr/bin/gmake  -f CMakeFiles/chess_frame.dir/build.make CMakeFiles/chess_frame.dir/depend
[0.763s] /usr/bin/gmake  -f CMakeFiles/square_move.dir/build.make CMakeFiles/square_move.dir/depend
[0.763s] /usr/bin/gmake  -f CMakeFiles/readJoints.dir/build.make CMakeFiles/readJoints.dir/depend
[0.763s] gmake[2]: Entering directory '/home/magne/ros2_ws/build/ur5_sem2_scripts'
[0.763s] cd /home/magne/ros2_ws/build/ur5_sem2_scripts && /usr/bin/cmake -E cmake_depends "Unix Makefiles" /home/magne/ros2_ws/src/ur5_sem2_scripts /home/magne/ros2_ws/src/ur5_sem2_scripts /home/magne/ros2_ws/build/ur5_sem2_scripts /home/magne/ros2_ws/build/ur5_sem2_scripts /home/magne/ros2_ws/build/ur5_sem2_scripts/CMakeFiles/ChessMoves.dir/DependInfo.cmake --color=
[0.763s] gmake[2]: Entering directory '/home/magne/ros2_ws/build/ur5_sem2_scripts'
[0.763s] cd /home/magne/ros2_ws/build/ur5_sem2_scripts && /usr/bin/cmake -E cmake_depends "Unix Makefiles" /home/magne/ros2_ws/src/ur5_sem2_scripts /home/magne/ros2_ws/src/ur5_sem2_scripts /home/magne/ros2_ws/build/ur5_sem2_scripts /home/magne/ros2_ws/build/ur5_sem2_scripts /home/magne/ros2_ws/build/ur5_sem2_scripts/CMakeFiles/simple_move.dir/DependInfo.cmake --color=
[0.764s] gmake[2]: Entering directory '/home/magne/ros2_ws/build/ur5_sem2_scripts'
[0.764s] cd /home/magne/ros2_ws/build/ur5_sem2_scripts && /usr/bin/cmake -E cmake_depends "Unix Makefiles" /home/magne/ros2_ws/src/ur5_sem2_scripts /home/magne/ros2_ws/src/ur5_sem2_scripts /home/magne/ros2_ws/build/ur5_sem2_scripts /home/magne/ros2_ws/build/ur5_sem2_scripts /home/magne/ros2_ws/build/ur5_sem2_scripts/CMakeFiles/chess_frame.dir/DependInfo.cmake --color=
[0.764s] gmake[2]: Entering directory '/home/magne/ros2_ws/build/ur5_sem2_scripts'
[0.764s] cd /home/magne/ros2_ws/build/ur5_sem2_scripts && /usr/bin/cmake -E cmake_depends "Unix Makefiles" /home/magne/ros2_ws/src/ur5_sem2_scripts /home/magne/ros2_ws/src/ur5_sem2_scripts /home/magne/ros2_ws/build/ur5_sem2_scripts /home/magne/ros2_ws/build/ur5_sem2_scripts /home/magne/ros2_ws/build/ur5_sem2_scripts/CMakeFiles/svejse_frame.dir/DependInfo.cmake --color=
[0.764s] gmake[2]: Entering directory '/home/magne/ros2_ws/build/ur5_sem2_scripts'
[0.764s] cd /home/magne/ros2_ws/build/ur5_sem2_scripts && /usr/bin/cmake -E cmake_depends "Unix Makefiles" /home/magne/ros2_ws/src/ur5_sem2_scripts /home/magne/ros2_ws/src/ur5_sem2_scripts /home/magne/ros2_ws/build/ur5_sem2_scripts /home/magne/ros2_ws/build/ur5_sem2_scripts /home/magne/ros2_ws/build/ur5_sem2_scripts/CMakeFiles/square_move.dir/DependInfo.cmake --color=
[0.764s] gmake[2]: Entering directory '/home/magne/ros2_ws/build/ur5_sem2_scripts'
[0.764s] cd /home/magne/ros2_ws/build/ur5_sem2_scripts && /usr/bin/cmake -E cmake_depends "Unix Makefiles" /home/magne/ros2_ws/src/ur5_sem2_scripts /home/magne/ros2_ws/src/ur5_sem2_scripts /home/magne/ros2_ws/build/ur5_sem2_scripts /home/magne/ros2_ws/build/ur5_sem2_scripts /home/magne/ros2_ws/build/ur5_sem2_scripts/CMakeFiles/readJoints.dir/DependInfo.cmake --color=
[0.769s] Dependencies file "CMakeFiles/chess_frame.dir/src/chess_frame.cpp.o.d" is newer than depends file "/home/magne/ros2_ws/build/ur5_sem2_scripts/CMakeFiles/chess_frame.dir/compiler_depend.internal".
[0.769s] [35m[1mConsolidate compiler generated dependencies of target chess_frame[0m
[0.769s] Dependencies file "CMakeFiles/simple_move.dir/src/simple_move.cpp.o.d" is newer than depends file "/home/magne/ros2_ws/build/ur5_sem2_scripts/CMakeFiles/simple_move.dir/compiler_depend.internal".
[0.769s] Dependencies file "CMakeFiles/square_move.dir/src/square_move.cpp.o.d" is newer than depends file "/home/magne/ros2_ws/build/ur5_sem2_scripts/CMakeFiles/square_move.dir/compiler_depend.internal".
[0.770s] Dependencies file "CMakeFiles/readJoints.dir/src/readJoints.cpp.o.d" is newer than depends file "/home/magne/ros2_ws/build/ur5_sem2_scripts/CMakeFiles/readJoints.dir/compiler_depend.internal".
[0.770s] Dependencies file "CMakeFiles/ChessMoves.dir/src/ChessMoves.cpp.o.d" is newer than depends file "/home/magne/ros2_ws/build/ur5_sem2_scripts/CMakeFiles/ChessMoves.dir/compiler_depend.internal".
[0.770s] Dependencies file "CMakeFiles/svejse_frame.dir/src/svejse_frame.cpp.o.d" is newer than depends file "/home/magne/ros2_ws/build/ur5_sem2_scripts/CMakeFiles/svejse_frame.dir/compiler_depend.internal".
[0.770s] [35m[1mConsolidate compiler generated dependencies of target svejse_frame[0m
[0.770s] [35m[1mConsolidate compiler generated dependencies of target readJoints[0m
[0.770s] [35m[1mConsolidate compiler generated dependencies of target square_move[0m
[0.770s] [35m[1mConsolidate compiler generated dependencies of target ChessMoves[0m
[0.770s] [35m[1mConsolidate compiler generated dependencies of target simple_move[0m
[0.771s] gmake[2]: Leaving directory '/home/magne/ros2_ws/build/ur5_sem2_scripts'
[0.771s] /usr/bin/gmake  -f CMakeFiles/chess_frame.dir/build.make CMakeFiles/chess_frame.dir/build
[0.773s] gmake[2]: Leaving directory '/home/magne/ros2_ws/build/ur5_sem2_scripts'
[0.777s] /usr/bin/gmake  -f CMakeFiles/svejse_frame.dir/build.make CMakeFiles/svejse_frame.dir/build
[0.777s] gmake[2]: Leaving directory '/home/magne/ros2_ws/build/ur5_sem2_scripts'
[0.777s] gmake[2]: Leaving directory '/home/magne/ros2_ws/build/ur5_sem2_scripts'
[0.777s] gmake[2]: Leaving directory '/home/magne/ros2_ws/build/ur5_sem2_scripts'
[0.777s] gmake[2]: Leaving directory '/home/magne/ros2_ws/build/ur5_sem2_scripts'
[0.777s] /usr/bin/gmake  -f CMakeFiles/square_move.dir/build.make CMakeFiles/square_move.dir/build
[0.777s] /usr/bin/gmake  -f CMakeFiles/ChessMoves.dir/build.make CMakeFiles/ChessMoves.dir/build
[0.777s] /usr/bin/gmake  -f CMakeFiles/simple_move.dir/build.make CMakeFiles/simple_move.dir/build
[0.777s] gmake[2]: Entering directory '/home/magne/ros2_ws/build/ur5_sem2_scripts'
[0.777s] gmake[2]: Nothing to be done for 'CMakeFiles/chess_frame.dir/build'.
[0.778s] gmake[2]: Leaving directory '/home/magne/ros2_ws/build/ur5_sem2_scripts'
[0.778s] /usr/bin/gmake  -f CMakeFiles/readJoints.dir/build.make CMakeFiles/readJoints.dir/build
[0.780s] gmake[2]: Entering directory '/home/magne/ros2_ws/build/ur5_sem2_scripts'
[0.780s] gmake[2]: Nothing to be done for 'CMakeFiles/svejse_frame.dir/build'.
[0.780s] gmake[2]: Leaving directory '/home/magne/ros2_ws/build/ur5_sem2_scripts'
[0.784s] [ 13%] Built target chess_frame
[0.784s] gmake[2]: Entering directory '/home/magne/ros2_ws/build/ur5_sem2_scripts'
[0.784s] gmake[2]: Nothing to be done for 'CMakeFiles/ChessMoves.dir/build'.
[0.784s] gmake[2]: Leaving directory '/home/magne/ros2_ws/build/ur5_sem2_scripts'
[0.784s] gmake[2]: Entering directory '/home/magne/ros2_ws/build/ur5_sem2_scripts'
[0.784s] gmake[2]: Entering directory '/home/magne/ros2_ws/build/ur5_sem2_scripts'
[0.784s] gmake[2]: Nothing to be done for 'CMakeFiles/square_move.dir/build'.
[0.784s] gmake[2]: Nothing to be done for 'CMakeFiles/readJoints.dir/build'.
[0.784s] gmake[2]: Leaving directory '/home/magne/ros2_ws/build/ur5_sem2_scripts'
[0.785s] gmake[2]: Leaving directory '/home/magne/ros2_ws/build/ur5_sem2_scripts'
[0.785s] gmake[2]: Entering directory '/home/magne/ros2_ws/build/ur5_sem2_scripts'
[0.785s] gmake[2]: Nothing to be done for 'CMakeFiles/simple_move.dir/build'.
[0.785s] gmake[2]: Leaving directory '/home/magne/ros2_ws/build/ur5_sem2_scripts'
[0.786s] [ 26%] Built target svejse_frame
[0.791s] [ 40%] Built target readJoints
[0.791s] [ 60%] Built target square_move
[0.791s] [ 80%] Built target ChessMoves
[0.791s] [ 80%] Built target simple_move
[0.792s] /usr/bin/gmake  -f CMakeFiles/robot_main.dir/build.make CMakeFiles/robot_main.dir/depend
[0.793s] gmake[2]: Entering directory '/home/magne/ros2_ws/build/ur5_sem2_scripts'
[0.793s] cd /home/magne/ros2_ws/build/ur5_sem2_scripts && /usr/bin/cmake -E cmake_depends "Unix Makefiles" /home/magne/ros2_ws/src/ur5_sem2_scripts /home/magne/ros2_ws/src/ur5_sem2_scripts /home/magne/ros2_ws/build/ur5_sem2_scripts /home/magne/ros2_ws/build/ur5_sem2_scripts /home/magne/ros2_ws/build/ur5_sem2_scripts/CMakeFiles/robot_main.dir/DependInfo.cmake --color=
[0.800s] Dependencies file "CMakeFiles/robot_main.dir/src/robot_main.cpp.o.d" is newer than depends file "/home/magne/ros2_ws/build/ur5_sem2_scripts/CMakeFiles/robot_main.dir/compiler_depend.internal".
[0.801s] [35m[1mConsolidate compiler generated dependencies of target robot_main[0m
[0.805s] gmake[2]: Leaving directory '/home/magne/ros2_ws/build/ur5_sem2_scripts'
[0.805s] /usr/bin/gmake  -f CMakeFiles/robot_main.dir/build.make CMakeFiles/robot_main.dir/build
[0.811s] gmake[2]: Entering directory '/home/magne/ros2_ws/build/ur5_sem2_scripts'
[0.818s] [ 86%] [32mBuilding CXX object CMakeFiles/robot_main.dir/src/ChessMoves.cpp.o[0m
[0.819s] /usr/bin/c++ -DBOOST_ALL_NO_LIB -DBOOST_ATOMIC_DYN_LINK -DBOOST_CHRONO_DYN_LINK -DBOOST_DATE_TIME_DYN_LINK -DBOOST_FILESYSTEM_DYN_LINK -DBOOST_IOSTREAMS_DYN_LINK -DBOOST_PROGRAM_OPTIONS_DYN_LINK -DBOOST_REGEX_DYN_LINK -DBOOST_SERIALIZATION_DYN_LINK -DBOOST_SYSTEM_DYN_LINK -DBOOST_THREAD_DYN_LINK -DDEFAULT_RMW_IMPLEMENTATION=rmw_fastrtps_cpp -DFMT_LOCALE -DFMT_SHARED -DRCUTILS_ENABLE_FAULT_INJECTION -I/home/magne/ros2_ws/src/ur5_sem2_scripts/include -isystem /opt/ros/humble/include/rclcpp -isystem /opt/ros/humble/include/tf2_ros -isystem /opt/ros/humble/include/geometry_msgs -isystem /opt/ros/humble/include/std_msgs -isystem /opt/ros/humble/include -isystem /opt/ros/humble/include/ament_index_cpp -isystem /opt/ros/humble/include/libstatistics_collector -isystem /opt/ros/humble/include/builtin_interfaces -isystem /opt/ros/humble/include/rosidl_runtime_c -isystem /opt/ros/humble/include/rcutils -isystem /opt/ros/humble/include/rosidl_typesupport_interface -isystem /opt/ros/humble/include/fastcdr -isystem /opt/ros/humble/include/rosidl_runtime_cpp -isystem /opt/ros/humble/include/rosidl_typesupport_fastrtps_cpp -isystem /opt/ros/humble/include/rmw -isystem /opt/ros/humble/include/rosidl_typesupport_fastrtps_c -isystem /opt/ros/humble/include/rosidl_typesupport_introspection_c -isystem /opt/ros/humble/include/rosidl_typesupport_introspection_cpp -isystem /opt/ros/humble/include/rcl -isystem /opt/ros/humble/include/rcl_interfaces -isystem /opt/ros/humble/include/rcl_logging_interface -isystem /opt/ros/humble/include/rcl_yaml_param_parser -isystem /opt/ros/humble/include/libyaml_vendor -isystem /opt/ros/humble/include/tracetools -isystem /opt/ros/humble/include/rcpputils -isystem /opt/ros/humble/include/statistics_msgs -isystem /opt/ros/humble/include/rosgraph_msgs -isystem /opt/ros/humble/include/rosidl_typesupport_cpp -isystem /opt/ros/humble/include/rosidl_typesupport_c -isystem /opt/ros/humble/include/urdf -isystem /opt/ros/humble/include/urdf_parser_plugin -isystem /opt/ros/humble/include/urdfdom_headers -isystem /opt/ros/humble/include/urdfdom -isystem /opt/ros/humble/include/pluginlib -isystem /opt/ros/humble/include/class_loader -isystem /opt/ros/humble/include/srdfdom -isystem /usr/include/bullet -isystem /opt/ros/humble/include/visualization_msgs -isystem /opt/ros/humble/include/sensor_msgs -isystem /opt/ros/humble/include/octomap_msgs -isystem /opt/ros/humble/include/eigen_stl_containers -isystem /usr/include/eigen3 -isystem /opt/ros/humble/include/tf2_eigen -isystem /opt/ros/humble/include/tf2 -isystem /opt/ros/humble/include/message_filters -isystem /opt/ros/humble/include/rclcpp_action -isystem /opt/ros/humble/include/action_msgs -isystem /opt/ros/humble/include/unique_identifier_msgs -isystem /opt/ros/humble/include/rcl_action -isystem /opt/ros/humble/include/tf2_msgs -isystem /opt/ros/humble/include/geometric_shapes -isystem /opt/ros/humble/include/resource_retriever -isystem /opt/ros/humble/include/shape_msgs -isystem /opt/ros/humble/include/tf2_geometry_msgs -isystem /opt/ros/humble/include/angles -isystem /opt/ros/humble/include/moveit_msgs -isystem /opt/ros/humble/include/object_recognition_msgs -isystem /opt/ros/humble/include/trajectory_msgs -isystem /opt/ros/humble/include/parameter_traits -isystem /opt/ros/humble/include/rsl -isystem /opt/ros/humble/include/rclcpp_lifecycle -isystem /opt/ros/humble/include/rcl_lifecycle -isystem /opt/ros/humble/include/lifecycle_msgs -isystem /opt/ros/humble/include/kdl_parser -isystem /opt/ros/humble/include/std_srvs -Wall -Wextra -Wpedantic -MD -MT CMakeFiles/robot_main.dir/src/ChessMoves.cpp.o -MF CMakeFiles/robot_main.dir/src/ChessMoves.cpp.o.d -o CMakeFiles/robot_main.dir/src/ChessMoves.cpp.o -c /home/magne/ros2_ws/src/ur5_sem2_scripts/src/ChessMoves.cpp
[5.413s] [ 93%] [32m[1mLinking CXX executable robot_main[0m
[5.413s] /usr/bin/cmake -E cmake_link_script CMakeFiles/robot_main.dir/link.txt --verbose=1
[5.419s] /usr/bin/c++ CMakeFiles/robot_main.dir/src/robot_main.cpp.o CMakeFiles/robot_main.dir/src/ChessMoves.cpp.o -o robot_main  -Wl,-rpath,/opt/ros/humble/lib:/opt/ros/humble/lib/x86_64-linux-gnu: libChessMoves.a /opt/ros/humble/lib/libmoveit_move_group_interface.so.2.5.8 /opt/ros/humble/lib/x86_64-linux-gnu/liburcl.so /opt/ros/humble/lib/libmoveit_common_planning_interface_objects.so.2.5.8 /opt/ros/humble/lib/libmoveit_planning_scene_interface.so.2.5.8 /opt/ros/humble/lib/libmoveit_move_group_default_capabilities.so.2.5.8 /opt/ros/humble/lib/libmoveit_move_group_capabilities_base.so.2.5.8 /opt/ros/humble/lib/libstd_srvs__rosidl_typesupport_fastrtps_c.so /opt/ros/humble/lib/libstd_srvs__rosidl_typesupport_introspection_c.so /opt/ros/humble/lib/libstd_srvs__rosidl_typesupport_fastrtps_cpp.so /opt/ros/humble/lib/libstd_srvs__rosidl_typesupport_introspection_cpp.so /opt/ros/humble/lib/libstd_srvs__rosidl_typesupport_cpp.so /opt/ros/humble/lib/libstd_srvs__rosidl_generator_py.so /opt/ros/humble/lib/libstd_srvs__rosidl_typesupport_c.so /opt/ros/humble/lib/libstd_srvs__rosidl_generator_c.so /opt/ros/humble/lib/libmoveit_warehouse.so.2.5.8 /opt/ros/humble/lib/libmoveit_constraint_sampler_manager_loader.so.2.5.8 /opt/ros/humble/lib/libmoveit_plan_execution.so.2.5.8 /opt/ros/humble/lib/libmoveit_default_planning_request_adapter_plugins.so.2.5.8 /opt/ros/humble/lib/libmoveit_cpp.so.2.5.8 /opt/ros/humble/lib/libmoveit_planning_pipeline.so.2.5.8 /opt/ros/humble/lib/libmoveit_trajectory_execution_manager.so.2.5.8 /opt/ros/humble/lib/libmoveit_planning_scene_monitor.so.2.5.8 /opt/ros/humble/lib/libmoveit_robot_model_loader.so.2.5.8 /opt/ros/humble/lib/libmoveit_kinematics_plugin_loader.so.2.5.8 /opt/ros/humble/lib/libmoveit_rdf_loader.so.2.5.8 /opt/ros/humble/lib/libmoveit_collision_plugin_loader.so.2.5.8 /opt/ros/humble/lib/libmoveit_ros_occupancy_map_monitor.so.2.5.8 /opt/ros/humble/lib/libcollision_detector_bullet_plugin.so.2.5.8 /opt/ros/humble/lib/libmoveit_butterworth_filter.so.2.5.8 /opt/ros/humble/lib/librclcpp_lifecycle.so /opt/ros/humble/lib/librcl_lifecycle.so /opt/ros/humble/lib/liblifecycle_msgs__rosidl_typesupport_fastrtps_c.so /opt/ros/humble/lib/liblifecycle_msgs__rosidl_typesupport_introspection_c.so /opt/ros/humble/lib/liblifecycle_msgs__rosidl_typesupport_fastrtps_cpp.so /opt/ros/humble/lib/liblifecycle_msgs__rosidl_typesupport_introspection_cpp.so /opt/ros/humble/lib/liblifecycle_msgs__rosidl_typesupport_cpp.so /opt/ros/humble/lib/liblifecycle_msgs__rosidl_generator_py.so /opt/ros/humble/lib/liblifecycle_msgs__rosidl_typesupport_c.so /opt/ros/humble/lib/liblifecycle_msgs__rosidl_generator_c.so /opt/ros/humble/lib/librsl.so /opt/ros/humble/lib/libmoveit_collision_distance_field.so.2.5.8 /opt/ros/humble/lib/libmoveit_collision_detection_bullet.so.2.5.8 /usr/lib/x86_64-linux-gnu/libBulletDynamics.so /usr/lib/x86_64-linux-gnu/libBulletCollision.so /usr/lib/x86_64-linux-gnu/libLinearMath.so /usr/lib/x86_64-linux-gnu/libBulletSoftBody.so /opt/ros/humble/lib/libmoveit_dynamics_solver.so.2.5.8 /opt/ros/humble/lib/libkdl_parser.so /opt/ros/humble/lib/libmoveit_constraint_samplers.so.2.5.8 /opt/ros/humble/lib/libmoveit_distance_field.so.2.5.8 /opt/ros/humble/lib/libmoveit_kinematics_metrics.so.2.5.8 /opt/ros/humble/lib/libmoveit_planning_interface.so.2.5.8 /opt/ros/humble/lib/libmoveit_planning_request_adapter.so.2.5.8 /opt/ros/humble/lib/libmoveit_planning_scene.so.2.5.8 /opt/ros/humble/lib/libmoveit_kinematic_constraints.so.2.5.8 /opt/ros/humble/lib/libmoveit_collision_detection_fcl.so.2.5.8 /opt/ros/humble/lib/libmoveit_collision_detection.so.2.5.8 /opt/ros/humble/lib/x86_64-linux-gnu/liboctomap.so /opt/ros/humble/lib/x86_64-linux-gnu/liboctomath.so /opt/ros/humble/lib/libmoveit_smoothing_base.so.2.5.8 /opt/ros/humble/lib/libmoveit_test_utils.so.2.5.8 /opt/ros/humble/lib/libmoveit_trajectory_processing.so.2.5.8 /opt/ros/humble/lib/libmoveit_robot_trajectory.so.2.5.8 /opt/ros/humble/lib/libmoveit_robot_state.so.2.5.8 /opt/ros/humble/lib/libmoveit_robot_model.so.2.5.8 /opt/ros/humble/lib/libmoveit_exceptions.so.2.5.8 /opt/ros/humble/lib/libmoveit_kinematics_base.so /opt/ros/humble/lib/libsrdfdom.so.2.0.7 /opt/ros/humble/lib/liburdf.so /opt/ros/humble/lib/x86_64-linux-gnu/libruckig.so /opt/ros/humble/lib/libmoveit_transforms.so.2.5.8 /opt/ros/humble/lib/libgeometric_shapes.so.2.3.2 /opt/ros/humble/lib/libvisualization_msgs__rosidl_typesupport_fastrtps_c.so /opt/ros/humble/lib/libvisualization_msgs__rosidl_typesupport_fastrtps_cpp.so /opt/ros/humble/lib/libvisualization_msgs__rosidl_typesupport_introspection_c.so /opt/ros/humble/lib/libvisualization_msgs__rosidl_typesupport_introspection_cpp.so /opt/ros/humble/lib/libvisualization_msgs__rosidl_typesupport_cpp.so /opt/ros/humble/lib/libvisualization_msgs__rosidl_generator_py.so /opt/ros/humble/lib/libvisualization_msgs__rosidl_typesupport_c.so /opt/ros/humble/lib/libvisualization_msgs__rosidl_generator_c.so /usr/lib/x86_64-linux-gnu/libfcl.so.0.7.0 /usr/lib/x86_64-linux-gnu/libccd.so -lm /opt/ros/humble/lib/x86_64-linux-gnu/liboctomap.so.1.9.8 /opt/ros/humble/lib/x86_64-linux-gnu/liboctomath.so.1.9.8 /opt/ros/humble/lib/libresource_retriever.so /usr/lib/x86_64-linux-gnu/libcurl.so /opt/ros/humble/lib/librandom_numbers.so /opt/ros/humble/lib/x86_64-linux-gnu/liburdfdom_sensor.so.3.0 /opt/ros/humble/lib/x86_64-linux-gnu/liburdfdom_model_state.so.3.0 /opt/ros/humble/lib/x86_64-linux-gnu/liburdfdom_model.so.3.0 /opt/ros/humble/lib/x86_64-linux-gnu/liburdfdom_world.so.3.0 /usr/lib/x86_64-linux-gnu/libtinyxml.so /opt/ros/humble/lib/libmoveit_utils.so.2.5.8 /opt/ros/humble/lib/libmoveit_msgs__rosidl_typesupport_fastrtps_c.so /opt/ros/humble/lib/libobject_recognition_msgs__rosidl_typesupport_fastrtps_c.so /opt/ros/humble/lib/libsensor_msgs__rosidl_typesupport_fastrtps_c.so /opt/ros/humble/lib/libshape_msgs__rosidl_typesupport_fastrtps_c.so /opt/ros/humble/lib/liboctomap_msgs__rosidl_typesupport_fastrtps_c.so /opt/ros/humble/lib/libtrajectory_msgs__rosidl_typesupport_fastrtps_c.so /opt/ros/humble/lib/libmoveit_msgs__rosidl_typesupport_introspection_c.so /opt/ros/humble/lib/libobject_recognition_msgs__rosidl_typesupport_introspection_c.so /opt/ros/humble/lib/libsensor_msgs__rosidl_typesupport_introspection_c.so /opt/ros/humble/lib/libshape_msgs__rosidl_typesupport_introspection_c.so /opt/ros/humble/lib/liboctomap_msgs__rosidl_typesupport_introspection_c.so /opt/ros/humble/lib/libtrajectory_msgs__rosidl_typesupport_introspection_c.so /opt/ros/humble/lib/libmoveit_msgs__rosidl_typesupport_fastrtps_cpp.so /opt/ros/humble/lib/libobject_recognition_msgs__rosidl_typesupport_fastrtps_cpp.so /opt/ros/humble/lib/libsensor_msgs__rosidl_typesupport_fastrtps_cpp.so /opt/ros/humble/lib/libshape_msgs__rosidl_typesupport_fastrtps_cpp.so /opt/ros/humble/lib/liboctomap_msgs__rosidl_typesupport_fastrtps_cpp.so /opt/ros/humble/lib/libtrajectory_msgs__rosidl_typesupport_fastrtps_cpp.so /opt/ros/humble/lib/libmoveit_msgs__rosidl_typesupport_introspection_cpp.so /opt/ros/humble/lib/libobject_recognition_msgs__rosidl_typesupport_introspection_cpp.so /opt/ros/humble/lib/libsensor_msgs__rosidl_typesupport_introspection_cpp.so /opt/ros/humble/lib/libshape_msgs__rosidl_typesupport_introspection_cpp.so /opt/ros/humble/lib/liboctomap_msgs__rosidl_typesupport_introspection_cpp.so /opt/ros/humble/lib/libtrajectory_msgs__rosidl_typesupport_introspection_cpp.so /opt/ros/humble/lib/libmoveit_msgs__rosidl_typesupport_cpp.so /opt/ros/humble/lib/libobject_recognition_msgs__rosidl_typesupport_cpp.so /opt/ros/humble/lib/libsensor_msgs__rosidl_typesupport_cpp.so /opt/ros/humble/lib/libshape_msgs__rosidl_typesupport_cpp.so /opt/ros/humble/lib/liboctomap_msgs__rosidl_typesupport_cpp.so /opt/ros/humble/lib/libtrajectory_msgs__rosidl_typesupport_cpp.so /opt/ros/humble/lib/libmoveit_msgs__rosidl_generator_py.so /opt/ros/humble/lib/libmoveit_msgs__rosidl_typesupport_c.so /opt/ros/humble/lib/libmoveit_msgs__rosidl_generator_c.so /opt/ros/humble/lib/libobject_recognition_msgs__rosidl_generator_py.so /opt/ros/humble/lib/libsensor_msgs__rosidl_generator_py.so /opt/ros/humble/lib/libobject_recognition_msgs__rosidl_typesupport_c.so /opt/ros/humble/lib/libsensor_msgs__rosidl_typesupport_c.so /opt/ros/humble/lib/libobject_recognition_msgs__rosidl_generator_c.so /opt/ros/humble/lib/libsensor_msgs__rosidl_generator_c.so /opt/ros/humble/lib/libshape_msgs__rosidl_generator_py.so /opt/ros/humble/lib/libshape_msgs__rosidl_typesupport_c.so /opt/ros/humble/lib/libshape_msgs__rosidl_generator_c.so /opt/ros/humble/lib/liboctomap_msgs__rosidl_generator_py.so /opt/ros/humble/lib/liboctomap_msgs__rosidl_typesupport_c.so /opt/ros/humble/lib/liboctomap_msgs__rosidl_generator_c.so /opt/ros/humble/lib/libtrajectory_msgs__rosidl_generator_py.so /opt/ros/humble/lib/libtrajectory_msgs__rosidl_typesupport_c.so /opt/ros/humble/lib/libtrajectory_msgs__rosidl_generator_c.so /usr/lib/x86_64-linux-gnu/libboost_chrono.so.1.74.0 /usr/lib/x86_64-linux-gnu/libboost_iostreams.so.1.74.0 /usr/lib/x86_64-linux-gnu/libboost_serialization.so.1.74.0 /usr/lib/x86_64-linux-gnu/libboost_thread.so.1.74.0 /usr/lib/x86_64-linux-gnu/libboost_atomic.so.1.74.0 /usr/lib/x86_64-linux-gnu/libboost_system.so.1.74.0 /usr/lib/x86_64-linux-gnu/libboost_filesystem.so.1.74.0 /usr/lib/x86_64-linux-gnu/libboost_date_time.so.1.74.0 /usr/lib/x86_64-linux-gnu/libboost_program_options.so.1.74.0 /usr/lib/x86_64-linux-gnu/libboost_regex.so.1.74.0 /opt/ros/humble/lib/libwarehouse_ros.so /opt/ros/humble/lib/libstatic_transform_broadcaster_node.so /opt/ros/humble/lib/libclass_loader.so /usr/lib/x86_64-linux-gnu/libtinyxml2.so /opt/ros/humble/lib/libtf2_ros.so /opt/ros/humble/lib/libmessage_filters.so /opt/ros/humble/lib/librclcpp_action.so /opt/ros/humble/lib/librclcpp.so /opt/ros/humble/lib/liblibstatistics_collector.so /opt/ros/humble/lib/librosgraph_msgs__rosidl_typesupport_fastrtps_c.so /opt/ros/humble/lib/librosgraph_msgs__rosidl_typesupport_fastrtps_cpp.so /opt/ros/humble/lib/librosgraph_msgs__rosidl_typesupport_introspection_c.so /opt/ros/humble/lib/librosgraph_msgs__rosidl_typesupport_introspection_cpp.so /opt/ros/humble/lib/librosgraph_msgs__rosidl_typesupport_cpp.so /opt/ros/humble/lib/librosgraph_msgs__rosidl_generator_py.so /opt/ros/humble/lib/librosgraph_msgs__rosidl_typesupport_c.so /opt/ros/humble/lib/librosgraph_msgs__rosidl_generator_c.so /opt/ros/humble/lib/libstatistics_msgs__rosidl_typesupport_fastrtps_c.so /opt/ros/humble/lib/libstatistics_msgs__rosidl_typesupport_fastrtps_cpp.so /opt/ros/humble/lib/libstatistics_msgs__rosidl_typesupport_introspection_c.so /opt/ros/humble/lib/libstatistics_msgs__rosidl_typesupport_introspection_cpp.so /opt/ros/humble/lib/libstatistics_msgs__rosidl_typesupport_cpp.so /opt/ros/humble/lib/libstatistics_msgs__rosidl_generator_py.so /opt/ros/humble/lib/libstatistics_msgs__rosidl_typesupport_c.so /opt/ros/humble/lib/libstatistics_msgs__rosidl_generator_c.so /opt/ros/humble/lib/librcl_action.so /opt/ros/humble/lib/librcl.so /opt/ros/humble/lib/librcl_interfaces__rosidl_typesupport_fastrtps_c.so /opt/ros/humble/lib/librcl_interfaces__rosidl_typesupport_introspection_c.so /opt/ros/humble/lib/librcl_interfaces__rosidl_typesupport_fastrtps_cpp.so /opt/ros/humble/lib/librcl_interfaces__rosidl_typesupport_introspection_cpp.so /opt/ros/humble/lib/librcl_interfaces__rosidl_typesupport_cpp.so /opt/ros/humble/lib/librcl_interfaces__rosidl_generator_py.so /opt/ros/humble/lib/librcl_interfaces__rosidl_typesupport_c.so /opt/ros/humble/lib/librcl_interfaces__rosidl_generator_c.so /opt/ros/humble/lib/librcl_yaml_param_parser.so /opt/ros/humble/lib/libyaml.so /opt/ros/humble/lib/libtracetools.so /opt/ros/humble/lib/librmw_implementation.so /opt/ros/humble/lib/libament_index_cpp.so /opt/ros/humble/lib/librcl_logging_spdlog.so /opt/ros/humble/lib/librcl_logging_interface.so /usr/lib/x86_64-linux-gnu/libfmt.so.8.1.1 -Wl,--as-needed /opt/ros/humble/lib/libtf2_msgs__rosidl_typesupport_fastrtps_c.so /opt/ros/humble/lib/libaction_msgs__rosidl_typesupport_fastrtps_c.so /opt/ros/humble/lib/libunique_identifier_msgs__rosidl_typesupport_fastrtps_c.so /opt/ros/humble/lib/libtf2_msgs__rosidl_typesupport_introspection_c.so /opt/ros/humble/lib/libaction_msgs__rosidl_typesupport_introspection_c.so /opt/ros/humble/lib/libunique_identifier_msgs__rosidl_typesupport_introspection_c.so /opt/ros/humble/lib/libtf2_msgs__rosidl_typesupport_fastrtps_cpp.so /opt/ros/humble/lib/libaction_msgs__rosidl_typesupport_fastrtps_cpp.so /opt/ros/humble/lib/libunique_identifier_msgs__rosidl_typesupport_fastrtps_cpp.so /opt/ros/humble/lib/libtf2_msgs__rosidl_typesupport_introspection_cpp.so /opt/ros/humble/lib/libaction_msgs__rosidl_typesupport_introspection_cpp.so /opt/ros/humble/lib/libunique_identifier_msgs__rosidl_typesupport_introspection_cpp.so /opt/ros/humble/lib/libtf2_msgs__rosidl_typesupport_cpp.so /opt/ros/humble/lib/libaction_msgs__rosidl_typesupport_cpp.so /opt/ros/humble/lib/libunique_identifier_msgs__rosidl_typesupport_cpp.so /opt/ros/humble/lib/libtf2_msgs__rosidl_generator_py.so /opt/ros/humble/lib/libtf2_msgs__rosidl_typesupport_c.so /opt/ros/humble/lib/libtf2_msgs__rosidl_generator_c.so /opt/ros/humble/lib/libaction_msgs__rosidl_generator_py.so /opt/ros/humble/lib/libaction_msgs__rosidl_typesupport_c.so /opt/ros/humble/lib/libaction_msgs__rosidl_generator_c.so /opt/ros/humble/lib/libunique_identifier_msgs__rosidl_generator_py.so /opt/ros/humble/lib/libunique_identifier_msgs__rosidl_typesupport_c.so /opt/ros/humble/lib/libunique_identifier_msgs__rosidl_generator_c.so /opt/ros/humble/lib/libtf2.so /opt/ros/humble/lib/libgeometry_msgs__rosidl_typesupport_fastrtps_c.so /opt/ros/humble/lib/libstd_msgs__rosidl_typesupport_fastrtps_c.so /opt/ros/humble/lib/libgeometry_msgs__rosidl_typesupport_introspection_c.so /opt/ros/humble/lib/libstd_msgs__rosidl_typesupport_introspection_c.so /opt/ros/humble/lib/libgeometry_msgs__rosidl_typesupport_fastrtps_cpp.so /opt/ros/humble/lib/libstd_msgs__rosidl_typesupport_fastrtps_cpp.so /opt/ros/humble/lib/libgeometry_msgs__rosidl_typesupport_introspection_cpp.so /opt/ros/humble/lib/libstd_msgs__rosidl_typesupport_introspection_cpp.so /opt/ros/humble/lib/libgeometry_msgs__rosidl_typesupport_cpp.so /opt/ros/humble/lib/libstd_msgs__rosidl_typesupport_cpp.so /opt/ros/humble/lib/libgeometry_msgs__rosidl_generator_py.so /opt/ros/humble/lib/libgeometry_msgs__rosidl_typesupport_c.so /opt/ros/humble/lib/libgeometry_msgs__rosidl_generator_c.so /opt/ros/humble/lib/libstd_msgs__rosidl_generator_py.so /opt/ros/humble/lib/libstd_msgs__rosidl_typesupport_c.so /opt/ros/humble/lib/libstd_msgs__rosidl_generator_c.so /opt/ros/humble/lib/libbuiltin_interfaces__rosidl_typesupport_fastrtps_c.so /opt/ros/humble/lib/librosidl_typesupport_fastrtps_c.so /opt/ros/humble/lib/libbuiltin_interfaces__rosidl_typesupport_introspection_c.so /opt/ros/humble/lib/libbuiltin_interfaces__rosidl_typesupport_fastrtps_cpp.so /opt/ros/humble/lib/librosidl_typesupport_fastrtps_cpp.so /opt/ros/humble/lib/libfastcdr.so.1.0.24 /opt/ros/humble/lib/librmw.so /opt/ros/humble/lib/libbuiltin_interfaces__rosidl_typesupport_introspection_cpp.so /opt/ros/humble/lib/librosidl_typesupport_introspection_cpp.so /opt/ros/humble/lib/librosidl_typesupport_introspection_c.so /opt/ros/humble/lib/libbuiltin_interfaces__rosidl_typesupport_cpp.so /opt/ros/humble/lib/librosidl_typesupport_cpp.so /opt/ros/humble/lib/libbuiltin_interfaces__rosidl_generator_py.so /opt/ros/humble/lib/libbuiltin_interfaces__rosidl_typesupport_c.so /opt/ros/humble/lib/libbuiltin_interfaces__rosidl_generator_c.so /opt/ros/humble/lib/librosidl_typesupport_c.so /opt/ros/humble/lib/librcpputils.so /opt/ros/humble/lib/librosidl_runtime_c.so /opt/ros/humble/lib/librcutils.so -ldl /usr/lib/x86_64-linux-gnu/libpython3.10.so /usr/lib/x86_64-linux-gnu/libconsole_bridge.so.1.0 /usr/lib/x86_64-linux-gnu/liborocos-kdl.so /usr/lib/x86_64-linux-gnu/libcrypto.so 
[6.088s] gmake[2]: Leaving directory '/home/magne/ros2_ws/build/ur5_sem2_scripts'
[6.095s] [100%] Built target robot_main
[6.096s] gmake[1]: Leaving directory '/home/magne/ros2_ws/build/ur5_sem2_scripts'
[6.096s] /usr/bin/cmake -E cmake_progress_start /home/magne/ros2_ws/build/ur5_sem2_scripts/CMakeFiles 0
[6.107s] Invoked command in '/home/magne/ros2_ws/build/ur5_sem2_scripts' returned '0': CMAKE_PREFIX_PATH=${CMAKE_PREFIX_PATH}:/opt/ros/humble /usr/bin/cmake --build /home/magne/ros2_ws/build/ur5_sem2_scripts -- -j20 -l20
[6.116s] Invoking command in '/home/magne/ros2_ws/build/ur5_sem2_scripts': CMAKE_PREFIX_PATH=${CMAKE_PREFIX_PATH}:/opt/ros/humble /usr/bin/cmake --install /home/magne/ros2_ws/build/ur5_sem2_scripts
[6.122s] -- Install configuration: ""
[6.122s] -- Up-to-date: /home/magne/ros2_ws/install/ur5_sem2_scripts/lib/ur5_sem2_scripts/simple_move
[6.122s] -- Up-to-date: /home/magne/ros2_ws/install/ur5_sem2_scripts/lib/ur5_sem2_scripts/svejse_frame
[6.122s] -- Up-to-date: /home/magne/ros2_ws/install/ur5_sem2_scripts/lib/ur5_sem2_scripts/chess_frame
[6.122s] -- Up-to-date: /home/magne/ros2_ws/install/ur5_sem2_scripts/lib/ur5_sem2_scripts/square_move
[6.123s] -- Up-to-date: /home/magne/ros2_ws/install/ur5_sem2_scripts/lib/ur5_sem2_scripts/readJoints
[6.123s] -- Installing: /home/magne/ros2_ws/install/ur5_sem2_scripts/lib/ur5_sem2_scripts/robot_main
[6.123s] -- Set runtime path of "/home/magne/ros2_ws/install/ur5_sem2_scripts/lib/ur5_sem2_scripts/robot_main" to ""
[6.123s] -- Up-to-date: /home/magne/ros2_ws/install/ur5_sem2_scripts/lib/ur5_sem2_scripts/libChessMoves.a
[6.123s] -- Up-to-date: /home/magne/ros2_ws/install/ur5_sem2_scripts/share/ur5_sem2_scripts/launch
[6.123s] -- Up-to-date: /home/magne/ros2_ws/install/ur5_sem2_scripts/share/ur5_sem2_scripts/launch/simple_move.launch.py
[6.123s] -- Up-to-date: /home/magne/ros2_ws/install/ur5_sem2_scripts/share/ament_index/resource_index/package_run_dependencies/ur5_sem2_scripts
[6.123s] -- Up-to-date: /home/magne/ros2_ws/install/ur5_sem2_scripts/share/ament_index/resource_index/parent_prefix_path/ur5_sem2_scripts
[6.123s] -- Up-to-date: /home/magne/ros2_ws/install/ur5_sem2_scripts/share/ur5_sem2_scripts/environment/ament_prefix_path.sh
[6.123s] -- Installing: /home/magne/ros2_ws/install/ur5_sem2_scripts/share/ur5_sem2_scripts/environment/ament_prefix_path.dsv
[6.123s] -- Up-to-date: /home/magne/ros2_ws/install/ur5_sem2_scripts/share/ur5_sem2_scripts/environment/path.sh
[6.123s] -- Installing: /home/magne/ros2_ws/install/ur5_sem2_scripts/share/ur5_sem2_scripts/environment/path.dsv
[6.123s] -- Up-to-date: /home/magne/ros2_ws/install/ur5_sem2_scripts/share/ur5_sem2_scripts/local_setup.bash
[6.123s] -- Up-to-date: /home/magne/ros2_ws/install/ur5_sem2_scripts/share/ur5_sem2_scripts/local_setup.sh
[6.123s] -- Up-to-date: /home/magne/ros2_ws/install/ur5_sem2_scripts/share/ur5_sem2_scripts/local_setup.zsh
[6.124s] -- Installing: /home/magne/ros2_ws/install/ur5_sem2_scripts/share/ur5_sem2_scripts/local_setup.dsv
[6.124s] -- Installing: /home/magne/ros2_ws/install/ur5_sem2_scripts/share/ur5_sem2_scripts/package.dsv
[6.124s] -- Up-to-date: /home/magne/ros2_ws/install/ur5_sem2_scripts/share/ament_index/resource_index/packages/ur5_sem2_scripts
[6.124s] -- Up-to-date: /home/magne/ros2_ws/install/ur5_sem2_scripts/share/ur5_sem2_scripts/cmake/ur5_sem2_scriptsConfig.cmake
[6.124s] -- Up-to-date: /home/magne/ros2_ws/install/ur5_sem2_scripts/share/ur5_sem2_scripts/cmake/ur5_sem2_scriptsConfig-version.cmake
[6.124s] -- Up-to-date: /home/magne/ros2_ws/install/ur5_sem2_scripts/share/ur5_sem2_scripts/package.xml
[6.126s] Invoked command in '/home/magne/ros2_ws/build/ur5_sem2_scripts' returned '0': CMAKE_PREFIX_PATH=${CMAKE_PREFIX_PATH}:/opt/ros/humble /usr/bin/cmake --install /home/magne/ros2_ws/build/ur5_sem2_scripts
