/usr/bin/cmake -S/home/magne/ros2_ws/src/ur5_sem2_scripts -B/home/magne/ros2_ws/build/ur5_sem2_scripts --check-build-system CMakeFiles/Makefile.cmake 0
/usr/bin/cmake -E cmake_progress_start /home/magne/ros2_ws/build/ur5_sem2_scripts/CMakeFiles /home/magne/ros2_ws/build/ur5_sem2_scripts//CMakeFiles/progress.marks
/usr/bin/gmake  -f CMakeFiles/Makefile2 all
gmake[1]: Entering directory '/home/magne/ros2_ws/build/ur5_sem2_scripts'
/usr/bin/gmake  -f CMakeFiles/ChessMoves.dir/build.make CMakeFiles/ChessMoves.dir/depend
/usr/bin/gmake  -f CMakeFiles/simple_move.dir/build.make CMakeFiles/simple_move.dir/depend
/usr/bin/gmake  -f CMakeFiles/svejse_frame.dir/build.make CMakeFiles/svejse_frame.dir/depend
/usr/bin/gmake  -f CMakeFiles/chess_frame.dir/build.make CMakeFiles/chess_frame.dir/depend
/usr/bin/gmake  -f CMakeFiles/square_move.dir/build.make CMakeFiles/square_move.dir/depend
/usr/bin/gmake  -f CMakeFiles/readJoints.dir/build.make CMakeFiles/readJoints.dir/depend
gmake[2]: Entering directory '/home/magne/ros2_ws/build/ur5_sem2_scripts'
gmake[2]: Entering directory '/home/magne/ros2_ws/build/ur5_sem2_scripts'
cd /home/magne/ros2_ws/build/ur5_sem2_scripts && /usr/bin/cmake -E cmake_depends "Unix Makefiles" /home/magne/ros2_ws/src/ur5_sem2_scripts /home/magne/ros2_ws/src/ur5_sem2_scripts /home/magne/ros2_ws/build/ur5_sem2_scripts /home/magne/ros2_ws/build/ur5_sem2_scripts /home/magne/ros2_ws/build/ur5_sem2_scripts/CMakeFiles/svejse_frame.dir/DependInfo.cmake --color=
cd /home/magne/ros2_ws/build/ur5_sem2_scripts && /usr/bin/cmake -E cmake_depends "Unix Makefiles" /home/magne/ros2_ws/src/ur5_sem2_scripts /home/magne/ros2_ws/src/ur5_sem2_scripts /home/magne/ros2_ws/build/ur5_sem2_scripts /home/magne/ros2_ws/build/ur5_sem2_scripts /home/magne/ros2_ws/build/ur5_sem2_scripts/CMakeFiles/chess_frame.dir/DependInfo.cmake --color=
gmake[2]: Entering directory '/home/magne/ros2_ws/build/ur5_sem2_scripts'
cd /home/magne/ros2_ws/build/ur5_sem2_scripts && /usr/bin/cmake -E cmake_depends "Unix Makefiles" /home/magne/ros2_ws/src/ur5_sem2_scripts /home/magne/ros2_ws/src/ur5_sem2_scripts /home/magne/ros2_ws/build/ur5_sem2_scripts /home/magne/ros2_ws/build/ur5_sem2_scripts /home/magne/ros2_ws/build/ur5_sem2_scripts/CMakeFiles/ChessMoves.dir/DependInfo.cmake --color=
gmake[2]: Entering directory '/home/magne/ros2_ws/build/ur5_sem2_scripts'
cd /home/magne/ros2_ws/build/ur5_sem2_scripts && /usr/bin/cmake -E cmake_depends "Unix Makefiles" /home/magne/ros2_ws/src/ur5_sem2_scripts /home/magne/ros2_ws/src/ur5_sem2_scripts /home/magne/ros2_ws/build/ur5_sem2_scripts /home/magne/ros2_ws/build/ur5_sem2_scripts /home/magne/ros2_ws/build/ur5_sem2_scripts/CMakeFiles/simple_move.dir/DependInfo.cmake --color=
gmake[2]: Entering directory '/home/magne/ros2_ws/build/ur5_sem2_scripts'
cd /home/magne/ros2_ws/build/ur5_sem2_scripts && /usr/bin/cmake -E cmake_depends "Unix Makefiles" /home/magne/ros2_ws/src/ur5_sem2_scripts /home/magne/ros2_ws/src/ur5_sem2_scripts /home/magne/ros2_ws/build/ur5_sem2_scripts /home/magne/ros2_ws/build/ur5_sem2_scripts /home/magne/ros2_ws/build/ur5_sem2_scripts/CMakeFiles/square_move.dir/DependInfo.cmake --color=
gmake[2]: Entering directory '/home/magne/ros2_ws/build/ur5_sem2_scripts'
cd /home/magne/ros2_ws/build/ur5_sem2_scripts && /usr/bin/cmake -E cmake_depends "Unix Makefiles" /home/magne/ros2_ws/src/ur5_sem2_scripts /home/magne/ros2_ws/src/ur5_sem2_scripts /home/magne/ros2_ws/build/ur5_sem2_scripts /home/magne/ros2_ws/build/ur5_sem2_scripts /home/magne/ros2_ws/build/ur5_sem2_scripts/CMakeFiles/readJoints.dir/DependInfo.cmake --color=
gmake[2]: Leaving directory '/home/magne/ros2_ws/build/ur5_sem2_scripts'
gmake[2]: Leaving directory '/home/magne/ros2_ws/build/ur5_sem2_scripts'
/usr/bin/gmake  -f CMakeFiles/svejse_frame.dir/build.make CMakeFiles/svejse_frame.dir/build
gmake[2]: Leaving directory '/home/magne/ros2_ws/build/ur5_sem2_scripts'
/usr/bin/gmake  -f CMakeFiles/ChessMoves.dir/build.make CMakeFiles/ChessMoves.dir/build
/usr/bin/gmake  -f CMakeFiles/square_move.dir/build.make CMakeFiles/square_move.dir/build
gmake[2]: Leaving directory '/home/magne/ros2_ws/build/ur5_sem2_scripts'
/usr/bin/gmake  -f CMakeFiles/chess_frame.dir/build.make CMakeFiles/chess_frame.dir/build
gmake[2]: Leaving directory '/home/magne/ros2_ws/build/ur5_sem2_scripts'
/usr/bin/gmake  -f CMakeFiles/simple_move.dir/build.make CMakeFiles/simple_move.dir/build
gmake[2]: Entering directory '/home/magne/ros2_ws/build/ur5_sem2_scripts'
gmake[2]: Nothing to be done for 'CMakeFiles/svejse_frame.dir/build'.
gmake[2]: Leaving directory '/home/magne/ros2_ws/build/ur5_sem2_scripts'
gmake[2]: Leaving directory '/home/magne/ros2_ws/build/ur5_sem2_scripts'
gmake[2]: Entering directory '/home/magne/ros2_ws/build/ur5_sem2_scripts'
gmake[2]: Nothing to be done for 'CMakeFiles/square_move.dir/build'.
gmake[2]: Leaving directory '/home/magne/ros2_ws/build/ur5_sem2_scripts'
gmake[2]: Entering directory '/home/magne/ros2_ws/build/ur5_sem2_scripts'
/usr/bin/gmake  -f CMakeFiles/readJoints.dir/build.make CMakeFiles/readJoints.dir/build
gmake[2]: Entering directory '/home/magne/ros2_ws/build/ur5_sem2_scripts'
gmake[2]: Nothing to be done for 'CMakeFiles/chess_frame.dir/build'.
gmake[2]: Leaving directory '/home/magne/ros2_ws/build/ur5_sem2_scripts'
[ 20%] Built target square_move
[ 20%] [32mBuilding CXX object CMakeFiles/ChessMoves.dir/src/ChessMoves.cpp.o[0m
/usr/bin/c++ -DBOOST_ALL_NO_LIB -DBOOST_ATOMIC_DYN_LINK -DBOOST_CHRONO_DYN_LINK -DBOOST_DATE_TIME_DYN_LINK -DBOOST_FILESYSTEM_DYN_LINK -DBOOST_IOSTREAMS_DYN_LINK -DBOOST_PROGRAM_OPTIONS_DYN_LINK -DBOOST_REGEX_DYN_LINK -DBOOST_SERIALIZATION_DYN_LINK -DBOOST_SYSTEM_DYN_LINK -DBOOST_THREAD_DYN_LINK -DDEFAULT_RMW_IMPLEMENTATION=rmw_fastrtps_cpp -DFMT_LOCALE -DFMT_SHARED -DRCUTILS_ENABLE_FAULT_INJECTION -I/home/magne/ros2_ws/src/ur5_sem2_scripts/include -isystem /opt/ros/humble/include/rclcpp -isystem /opt/ros/humble/include -isystem /opt/ros/humble/include/geometry_msgs -isystem /opt/ros/humble/include/tf2_ros -isystem /opt/ros/humble/include/std_msgs -isystem /opt/ros/humble/include/ament_index_cpp -isystem /opt/ros/humble/include/libstatistics_collector -isystem /opt/ros/humble/include/builtin_interfaces -isystem /opt/ros/humble/include/rosidl_runtime_c -isystem /opt/ros/humble/include/rcutils -isystem /opt/ros/humble/include/rosidl_typesupport_interface -isystem /opt/ros/humble/include/fastcdr -isystem /opt/ros/humble/include/rosidl_runtime_cpp -isystem /opt/ros/humble/include/rosidl_typesupport_fastrtps_cpp -isystem /opt/ros/humble/include/rmw -isystem /opt/ros/humble/include/rosidl_typesupport_fastrtps_c -isystem /opt/ros/humble/include/rosidl_typesupport_introspection_c -isystem /opt/ros/humble/include/rosidl_typesupport_introspection_cpp -isystem /opt/ros/humble/include/rcl -isystem /opt/ros/humble/include/rcl_interfaces -isystem /opt/ros/humble/include/rcl_logging_interface -isystem /opt/ros/humble/include/rcl_yaml_param_parser -isystem /opt/ros/humble/include/libyaml_vendor -isystem /opt/ros/humble/include/tracetools -isystem /opt/ros/humble/include/rcpputils -isystem /opt/ros/humble/include/statistics_msgs -isystem /opt/ros/humble/include/rosgraph_msgs -isystem /opt/ros/humble/include/rosidl_typesupport_cpp -isystem /opt/ros/humble/include/rosidl_typesupport_c -isystem /opt/ros/humble/include/urdf -isystem /opt/ros/humble/include/urdf_parser_plugin -isystem /opt/ros/humble/include/urdfdom_headers -isystem /opt/ros/humble/include/urdfdom -isystem /opt/ros/humble/include/pluginlib -isystem /opt/ros/humble/include/class_loader -isystem /opt/ros/humble/include/srdfdom -isystem /usr/include/bullet -isystem /opt/ros/humble/include/visualization_msgs -isystem /opt/ros/humble/include/sensor_msgs -isystem /opt/ros/humble/include/octomap_msgs -isystem /opt/ros/humble/include/eigen_stl_containers -isystem /usr/include/eigen3 -isystem /opt/ros/humble/include/tf2_eigen -isystem /opt/ros/humble/include/tf2 -isystem /opt/ros/humble/include/message_filters -isystem /opt/ros/humble/include/rclcpp_action -isystem /opt/ros/humble/include/action_msgs -isystem /opt/ros/humble/include/unique_identifier_msgs -isystem /opt/ros/humble/include/rcl_action -isystem /opt/ros/humble/include/tf2_msgs -isystem /opt/ros/humble/include/geometric_shapes -isystem /opt/ros/humble/include/resource_retriever -isystem /opt/ros/humble/include/shape_msgs -isystem /opt/ros/humble/include/tf2_geometry_msgs -isystem /opt/ros/humble/include/angles -isystem /opt/ros/humble/include/moveit_msgs -isystem /opt/ros/humble/include/object_recognition_msgs -isystem /opt/ros/humble/include/trajectory_msgs -isystem /opt/ros/humble/include/parameter_traits -isystem /opt/ros/humble/include/rsl -isystem /opt/ros/humble/include/rclcpp_lifecycle -isystem /opt/ros/humble/include/rcl_lifecycle -isystem /opt/ros/humble/include/lifecycle_msgs -isystem /opt/ros/humble/include/kdl_parser -isystem /opt/ros/humble/include/std_srvs -Wall -Wextra -Wpedantic -MD -MT CMakeFiles/ChessMoves.dir/src/ChessMoves.cpp.o -MF CMakeFiles/ChessMoves.dir/src/ChessMoves.cpp.o.d -o CMakeFiles/ChessMoves.dir/src/ChessMoves.cpp.o -c /home/magne/ros2_ws/src/ur5_sem2_scripts/src/ChessMoves.cpp
[ 33%] Built target svejse_frame
gmake[2]: Entering directory '/home/magne/ros2_ws/build/ur5_sem2_scripts'
gmake[2]: Nothing to be done for 'CMakeFiles/readJoints.dir/build'.
gmake[2]: Leaving directory '/home/magne/ros2_ws/build/ur5_sem2_scripts'
gmake[2]: Entering directory '/home/magne/ros2_ws/build/ur5_sem2_scripts'
gmake[2]: Nothing to be done for 'CMakeFiles/simple_move.dir/build'.
gmake[2]: Leaving directory '/home/magne/ros2_ws/build/ur5_sem2_scripts'
[ 46%] Built target chess_frame
gmake[2]: Leaving directory '/home/magne/ros2_ws/build/ur5_sem2_scripts'
[ 60%] Built target readJoints
[ 73%] Built target simple_move
gmake[1]: Leaving directory '/home/magne/ros2_ws/build/ur5_sem2_scripts'
