[0.010s] Invoking command in '/home/magne/ros2_ws/build/ur5_sem2_scripts': CMAKE_PREFIX_PATH=${CMAKE_PREFIX_PATH}:/opt/ros/humble /usr/bin/cmake --build /home/magne/ros2_ws/build/ur5_sem2_scripts -- -j20 -l20
[0.026s] /usr/bin/cmake -S/home/magne/ros2_ws/src/ur5_sem2_scripts -B/home/magne/ros2_ws/build/ur5_sem2_scripts --check-build-system CMakeFiles/Makefile.cmake 0
[0.042s] /usr/bin/cmake -E cmake_progress_start /home/magne/ros2_ws/build/ur5_sem2_scripts/CMakeFiles /home/magne/ros2_ws/build/ur5_sem2_scripts//CMakeFiles/progress.marks
[0.047s] /usr/bin/gmake  -f CMakeFiles/Makefile2 all
[0.050s] gmake[1]: Entering directory '/home/magne/ros2_ws/build/ur5_sem2_scripts'
[0.050s] /usr/bin/gmake  -f CMakeFiles/ChessMoves.dir/build.make CMakeFiles/ChessMoves.dir/depend
[0.050s] /usr/bin/gmake  -f CMakeFiles/simple_move.dir/build.make CMakeFiles/simple_move.dir/depend
[0.050s] /usr/bin/gmake  -f CMakeFiles/svejse_frame.dir/build.make CMakeFiles/svejse_frame.dir/depend
[0.050s] /usr/bin/gmake  -f CMakeFiles/chess_frame.dir/build.make CMakeFiles/chess_frame.dir/depend
[0.050s] /usr/bin/gmake  -f CMakeFiles/square_move.dir/build.make CMakeFiles/square_move.dir/depend
[0.051s] /usr/bin/gmake  -f CMakeFiles/readJoints.dir/build.make CMakeFiles/readJoints.dir/depend
[0.052s] gmake[2]: Entering directory '/home/magne/ros2_ws/build/ur5_sem2_scripts'
[0.052s] gmake[2]: Entering directory '/home/magne/ros2_ws/build/ur5_sem2_scripts'
[0.052s] cd /home/magne/ros2_ws/build/ur5_sem2_scripts && /usr/bin/cmake -E cmake_depends "Unix Makefiles" /home/magne/ros2_ws/src/ur5_sem2_scripts /home/magne/ros2_ws/src/ur5_sem2_scripts /home/magne/ros2_ws/build/ur5_sem2_scripts /home/magne/ros2_ws/build/ur5_sem2_scripts /home/magne/ros2_ws/build/ur5_sem2_scripts/CMakeFiles/svejse_frame.dir/DependInfo.cmake --color=
[0.052s] cd /home/magne/ros2_ws/build/ur5_sem2_scripts && /usr/bin/cmake -E cmake_depends "Unix Makefiles" /home/magne/ros2_ws/src/ur5_sem2_scripts /home/magne/ros2_ws/src/ur5_sem2_scripts /home/magne/ros2_ws/build/ur5_sem2_scripts /home/magne/ros2_ws/build/ur5_sem2_scripts /home/magne/ros2_ws/build/ur5_sem2_scripts/CMakeFiles/chess_frame.dir/DependInfo.cmake --color=
[0.053s] gmake[2]: Entering directory '/home/magne/ros2_ws/build/ur5_sem2_scripts'
[0.053s] cd /home/magne/ros2_ws/build/ur5_sem2_scripts && /usr/bin/cmake -E cmake_depends "Unix Makefiles" /home/magne/ros2_ws/src/ur5_sem2_scripts /home/magne/ros2_ws/src/ur5_sem2_scripts /home/magne/ros2_ws/build/ur5_sem2_scripts /home/magne/ros2_ws/build/ur5_sem2_scripts /home/magne/ros2_ws/build/ur5_sem2_scripts/CMakeFiles/ChessMoves.dir/DependInfo.cmake --color=
[0.054s] gmake[2]: Entering directory '/home/magne/ros2_ws/build/ur5_sem2_scripts'
[0.054s] cd /home/magne/ros2_ws/build/ur5_sem2_scripts && /usr/bin/cmake -E cmake_depends "Unix Makefiles" /home/magne/ros2_ws/src/ur5_sem2_scripts /home/magne/ros2_ws/src/ur5_sem2_scripts /home/magne/ros2_ws/build/ur5_sem2_scripts /home/magne/ros2_ws/build/ur5_sem2_scripts /home/magne/ros2_ws/build/ur5_sem2_scripts/CMakeFiles/simple_move.dir/DependInfo.cmake --color=
[0.054s] gmake[2]: Entering directory '/home/magne/ros2_ws/build/ur5_sem2_scripts'
[0.054s] cd /home/magne/ros2_ws/build/ur5_sem2_scripts && /usr/bin/cmake -E cmake_depends "Unix Makefiles" /home/magne/ros2_ws/src/ur5_sem2_scripts /home/magne/ros2_ws/src/ur5_sem2_scripts /home/magne/ros2_ws/build/ur5_sem2_scripts /home/magne/ros2_ws/build/ur5_sem2_scripts /home/magne/ros2_ws/build/ur5_sem2_scripts/CMakeFiles/square_move.dir/DependInfo.cmake --color=
[0.055s] gmake[2]: Entering directory '/home/magne/ros2_ws/build/ur5_sem2_scripts'
[0.055s] cd /home/magne/ros2_ws/build/ur5_sem2_scripts && /usr/bin/cmake -E cmake_depends "Unix Makefiles" /home/magne/ros2_ws/src/ur5_sem2_scripts /home/magne/ros2_ws/src/ur5_sem2_scripts /home/magne/ros2_ws/build/ur5_sem2_scripts /home/magne/ros2_ws/build/ur5_sem2_scripts /home/magne/ros2_ws/build/ur5_sem2_scripts/CMakeFiles/readJoints.dir/DependInfo.cmake --color=
[0.058s] gmake[2]: Leaving directory '/home/magne/ros2_ws/build/ur5_sem2_scripts'
[0.058s] gmake[2]: Leaving directory '/home/magne/ros2_ws/build/ur5_sem2_scripts'
[0.058s] /usr/bin/gmake  -f CMakeFiles/svejse_frame.dir/build.make CMakeFiles/svejse_frame.dir/build
[0.058s] gmake[2]: Leaving directory '/home/magne/ros2_ws/build/ur5_sem2_scripts'
[0.058s] /usr/bin/gmake  -f CMakeFiles/ChessMoves.dir/build.make CMakeFiles/ChessMoves.dir/build
[0.058s] /usr/bin/gmake  -f CMakeFiles/square_move.dir/build.make CMakeFiles/square_move.dir/build
[0.061s] gmake[2]: Leaving directory '/home/magne/ros2_ws/build/ur5_sem2_scripts'
[0.061s] /usr/bin/gmake  -f CMakeFiles/chess_frame.dir/build.make CMakeFiles/chess_frame.dir/build
[0.061s] gmake[2]: Leaving directory '/home/magne/ros2_ws/build/ur5_sem2_scripts'
[0.061s] /usr/bin/gmake  -f CMakeFiles/simple_move.dir/build.make CMakeFiles/simple_move.dir/build
[0.061s] gmake[2]: Entering directory '/home/magne/ros2_ws/build/ur5_sem2_scripts'
[0.061s] gmake[2]: Nothing to be done for 'CMakeFiles/svejse_frame.dir/build'.
[0.061s] gmake[2]: Leaving directory '/home/magne/ros2_ws/build/ur5_sem2_scripts'
[0.063s] gmake[2]: Leaving directory '/home/magne/ros2_ws/build/ur5_sem2_scripts'
[0.063s] gmake[2]: Entering directory '/home/magne/ros2_ws/build/ur5_sem2_scripts'
[0.063s] gmake[2]: Nothing to be done for 'CMakeFiles/square_move.dir/build'.
[0.063s] gmake[2]: Leaving directory '/home/magne/ros2_ws/build/ur5_sem2_scripts'
[0.064s] gmake[2]: Entering directory '/home/magne/ros2_ws/build/ur5_sem2_scripts'
[0.064s] /usr/bin/gmake  -f CMakeFiles/readJoints.dir/build.make CMakeFiles/readJoints.dir/build
[0.066s] gmake[2]: Entering directory '/home/magne/ros2_ws/build/ur5_sem2_scripts'
[0.066s] gmake[2]: Nothing to be done for 'CMakeFiles/chess_frame.dir/build'.
[0.066s] gmake[2]: Leaving directory '/home/magne/ros2_ws/build/ur5_sem2_scripts'
[0.068s] [ 20%] Built target square_move
[0.068s] [ 20%] [32mBuilding CXX object CMakeFiles/ChessMoves.dir/src/ChessMoves.cpp.o[0m
[0.068s] /usr/bin/c++ -DBOOST_ALL_NO_LIB -DBOOST_ATOMIC_DYN_LINK -DBOOST_CHRONO_DYN_LINK -DBOOST_DATE_TIME_DYN_LINK -DBOOST_FILESYSTEM_DYN_LINK -DBOOST_IOSTREAMS_DYN_LINK -DBOOST_PROGRAM_OPTIONS_DYN_LINK -DBOOST_REGEX_DYN_LINK -DBOOST_SERIALIZATION_DYN_LINK -DBOOST_SYSTEM_DYN_LINK -DBOOST_THREAD_DYN_LINK -DDEFAULT_RMW_IMPLEMENTATION=rmw_fastrtps_cpp -DFMT_LOCALE -DFMT_SHARED -DRCUTILS_ENABLE_FAULT_INJECTION -I/home/magne/ros2_ws/src/ur5_sem2_scripts/include -isystem /opt/ros/humble/include/rclcpp -isystem /opt/ros/humble/include -isystem /opt/ros/humble/include/geometry_msgs -isystem /opt/ros/humble/include/tf2_ros -isystem /opt/ros/humble/include/std_msgs -isystem /opt/ros/humble/include/ament_index_cpp -isystem /opt/ros/humble/include/libstatistics_collector -isystem /opt/ros/humble/include/builtin_interfaces -isystem /opt/ros/humble/include/rosidl_runtime_c -isystem /opt/ros/humble/include/rcutils -isystem /opt/ros/humble/include/rosidl_typesupport_interface -isystem /opt/ros/humble/include/fastcdr -isystem /opt/ros/humble/include/rosidl_runtime_cpp -isystem /opt/ros/humble/include/rosidl_typesupport_fastrtps_cpp -isystem /opt/ros/humble/include/rmw -isystem /opt/ros/humble/include/rosidl_typesupport_fastrtps_c -isystem /opt/ros/humble/include/rosidl_typesupport_introspection_c -isystem /opt/ros/humble/include/rosidl_typesupport_introspection_cpp -isystem /opt/ros/humble/include/rcl -isystem /opt/ros/humble/include/rcl_interfaces -isystem /opt/ros/humble/include/rcl_logging_interface -isystem /opt/ros/humble/include/rcl_yaml_param_parser -isystem /opt/ros/humble/include/libyaml_vendor -isystem /opt/ros/humble/include/tracetools -isystem /opt/ros/humble/include/rcpputils -isystem /opt/ros/humble/include/statistics_msgs -isystem /opt/ros/humble/include/rosgraph_msgs -isystem /opt/ros/humble/include/rosidl_typesupport_cpp -isystem /opt/ros/humble/include/rosidl_typesupport_c -isystem /opt/ros/humble/include/urdf -isystem /opt/ros/humble/include/urdf_parser_plugin -isystem /opt/ros/humble/include/urdfdom_headers -isystem /opt/ros/humble/include/urdfdom -isystem /opt/ros/humble/include/pluginlib -isystem /opt/ros/humble/include/class_loader -isystem /opt/ros/humble/include/srdfdom -isystem /usr/include/bullet -isystem /opt/ros/humble/include/visualization_msgs -isystem /opt/ros/humble/include/sensor_msgs -isystem /opt/ros/humble/include/octomap_msgs -isystem /opt/ros/humble/include/eigen_stl_containers -isystem /usr/include/eigen3 -isystem /opt/ros/humble/include/tf2_eigen -isystem /opt/ros/humble/include/tf2 -isystem /opt/ros/humble/include/message_filters -isystem /opt/ros/humble/include/rclcpp_action -isystem /opt/ros/humble/include/action_msgs -isystem /opt/ros/humble/include/unique_identifier_msgs -isystem /opt/ros/humble/include/rcl_action -isystem /opt/ros/humble/include/tf2_msgs -isystem /opt/ros/humble/include/geometric_shapes -isystem /opt/ros/humble/include/resource_retriever -isystem /opt/ros/humble/include/shape_msgs -isystem /opt/ros/humble/include/tf2_geometry_msgs -isystem /opt/ros/humble/include/angles -isystem /opt/ros/humble/include/moveit_msgs -isystem /opt/ros/humble/include/object_recognition_msgs -isystem /opt/ros/humble/include/trajectory_msgs -isystem /opt/ros/humble/include/parameter_traits -isystem /opt/ros/humble/include/rsl -isystem /opt/ros/humble/include/rclcpp_lifecycle -isystem /opt/ros/humble/include/rcl_lifecycle -isystem /opt/ros/humble/include/lifecycle_msgs -isystem /opt/ros/humble/include/kdl_parser -isystem /opt/ros/humble/include/std_srvs -Wall -Wextra -Wpedantic -MD -MT CMakeFiles/ChessMoves.dir/src/ChessMoves.cpp.o -MF CMakeFiles/ChessMoves.dir/src/ChessMoves.cpp.o.d -o CMakeFiles/ChessMoves.dir/src/ChessMoves.cpp.o -c /home/magne/ros2_ws/src/ur5_sem2_scripts/src/ChessMoves.cpp
[0.069s] [ 33%] Built target svejse_frame
[0.070s] gmake[2]: Entering directory '/home/magne/ros2_ws/build/ur5_sem2_scripts'
[0.070s] gmake[2]: Nothing to be done for 'CMakeFiles/readJoints.dir/build'.
[0.070s] gmake[2]: Leaving directory '/home/magne/ros2_ws/build/ur5_sem2_scripts'
[0.071s] gmake[2]: Entering directory '/home/magne/ros2_ws/build/ur5_sem2_scripts'
[0.071s] gmake[2]: Nothing to be done for 'CMakeFiles/simple_move.dir/build'.
[0.071s] gmake[2]: Leaving directory '/home/magne/ros2_ws/build/ur5_sem2_scripts'
[0.073s] [01m[K/home/magne/ros2_ws/src/ur5_sem2_scripts/src/ChessMoves.cpp:1:10:[m[K [01;31m[Kfatal error: [m[KChessMoves.hpp: No such file or directory
[0.073s]     1 | #include [01;31m[K"ChessMoves.hpp"[m[K
[0.073s]       |          [01;31m[K^~~~~~~~~~~~~~~~[m[K
[0.073s] compilation terminated.
[0.073s] [ 46%] Built target chess_frame
[0.073s] gmake[2]: *** [CMakeFiles/ChessMoves.dir/build.make:79: CMakeFiles/ChessMoves.dir/src/ChessMoves.cpp.o] Error 1
[0.073s] gmake[2]: Leaving directory '/home/magne/ros2_ws/build/ur5_sem2_scripts'
[0.074s] gmake[1]: *** [CMakeFiles/Makefile2:152: CMakeFiles/ChessMoves.dir/all] Error 2
[0.074s] gmake[1]: *** Waiting for unfinished jobs....
[0.074s] [ 60%] Built target readJoints
[0.078s] [ 73%] Built target simple_move
[0.079s] gmake[1]: Leaving directory '/home/magne/ros2_ws/build/ur5_sem2_scripts'
[0.079s] gmake: *** [Makefile:149: all] Error 2
[0.083s] Invoked command in '/home/magne/ros2_ws/build/ur5_sem2_scripts' returned '2': CMAKE_PREFIX_PATH=${CMAKE_PREFIX_PATH}:/opt/ros/humble /usr/bin/cmake --build /home/magne/ros2_ws/build/ur5_sem2_scripts -- -j20 -l20
