[0.006s] Invoking command in '/home/magne/ros2_ws/build/trac_ik_examples': AMENT_PREFIX_PATH=/home/magne/ros2_ws/install/trac_ik_lib:${AMENT_PREFIX_PATH} CMAKE_PREFIX_PATH=/home/magne/ros2_ws/install/trac_ik_lib:/home/magne/ros2_ws/install/ur5_sem2_scripts:/opt/ros/humble LD_LIBRARY_PATH=/home/magne/ros2_ws/install/trac_ik_lib/lib:${LD_LIBRARY_PATH} /usr/bin/cmake /home/magne/ros2_ws/src/trac_ik/trac_ik_examples -DCMAKE_INSTALL_PREFIX=/home/magne/ros2_ws/install/trac_ik_examples
[0.047s] -- The C compiler identification is GNU 11.4.0
[0.091s] -- The CXX compiler identification is GNU 11.4.0
[0.102s] -- Detecting C compiler ABI info
[0.156s] -- Detecting C compiler ABI info - done
[0.160s] -- Check for working C compiler: /usr/bin/cc - skipped
[0.160s] -- Detecting C compile features
[0.160s] -- Detecting C compile features - done
[0.162s] -- Detecting CXX compiler ABI info
[0.235s] -- Detecting CXX compiler ABI info - done
[0.237s] -- Check for working CXX compiler: /usr/bin/c++ - skipped
[0.238s] -- Detecting CXX compile features
[0.238s] -- Detecting CXX compile features - done
[0.239s] -- Found ament_cmake: 1.3.11 (/opt/ros/humble/share/ament_cmake/cmake)
[0.363s] -- Found Python3: /usr/bin/python3 (found version "3.10.12") found components: Interpreter 
[0.459s] -- Found rclcpp: 16.0.11 (/opt/ros/humble/share/rclcpp/cmake)
[0.476s] -- Found rosidl_generator_c: 3.1.6 (/opt/ros/humble/share/rosidl_generator_c/cmake)
[0.478s] -- Found rosidl_adapter: 3.1.6 (/opt/ros/humble/share/rosidl_adapter/cmake)
[0.482s] -- Found rosidl_generator_cpp: 3.1.6 (/opt/ros/humble/share/rosidl_generator_cpp/cmake)
[0.489s] -- Using all available rosidl_typesupport_c: rosidl_typesupport_fastrtps_c;rosidl_typesupport_introspection_c
[0.499s] -- Using all available rosidl_typesupport_cpp: rosidl_typesupport_fastrtps_cpp;rosidl_typesupport_introspection_cpp
[0.524s] -- Found rmw_implementation_cmake: 6.1.2 (/opt/ros/humble/share/rmw_implementation_cmake/cmake)
[0.525s] -- Found rmw_fastrtps_cpp: 6.2.7 (/opt/ros/humble/share/rmw_fastrtps_cpp/cmake)
[0.588s] -- Found OpenSSL: /usr/lib/x86_64-linux-gnu/libcrypto.so (found version "3.0.2")  
[0.610s] -- Found FastRTPS: /opt/ros/humble/include  
[0.644s] -- Using RMW implementation 'rmw_fastrtps_cpp' as default
[0.651s] -- Looking for pthread.h
[0.705s] -- Looking for pthread.h - found
[0.706s] -- Performing Test CMAKE_HAVE_LIBC_PTHREAD
[0.763s] -- Performing Test CMAKE_HAVE_LIBC_PTHREAD - Success
[0.764s] -- Found Threads: TRUE  
[0.809s] -- Found trac_ik_lib: 0.1.0 (/home/magne/ros2_ws/install/trac_ik_lib/share/trac_ik_lib/cmake)
[0.815s] -- Found eigen3_cmake_module: 0.1.1 (/opt/ros/humble/share/eigen3_cmake_module/cmake)
[0.816s] -- Found Eigen3: TRUE (found version "3.4.0") 
[0.816s] -- Ensuring Eigen3 include directory is part of orocos-kdl CMake target
[0.845s] -- Found ament_lint_auto: 0.12.11 (/opt/ros/humble/share/ament_lint_auto/cmake)
[0.946s] -- Added test 'copyright' to check source files copyright and LICENSE
[0.947s] -- Added test 'cppcheck' to perform static code analysis on C / C++ code
[0.947s] -- Configured cppcheck include dirs: 
[0.947s] -- Configured cppcheck exclude dirs and/or files: 
[0.948s] -- Added test 'cpplint' to check C / C++ code against the Google style
[0.949s] -- Configured cpplint exclude dirs and/or files: 
[0.949s] -- Added test 'flake8' to check Python code syntax and style conventions
[0.950s] -- Added test 'lint_cmake' to check CMake code style
[0.950s] -- Added test 'pep257' to check Python code against some of the docstring style conventions in PEP 257
[0.951s] -- Added test 'uncrustify' to check C / C++ code style
[0.952s] -- Configured uncrustify additional arguments: 
[0.952s] -- Added test 'xmllint' to check XML markup files
[0.953s] -- Configuring done
[0.964s] -- Generating done
[0.969s] -- Build files have been written to: /home/magne/ros2_ws/build/trac_ik_examples
[0.988s] Invoked command in '/home/magne/ros2_ws/build/trac_ik_examples' returned '0': AMENT_PREFIX_PATH=/home/magne/ros2_ws/install/trac_ik_lib:${AMENT_PREFIX_PATH} CMAKE_PREFIX_PATH=/home/magne/ros2_ws/install/trac_ik_lib:/home/magne/ros2_ws/install/ur5_sem2_scripts:/opt/ros/humble LD_LIBRARY_PATH=/home/magne/ros2_ws/install/trac_ik_lib/lib:${LD_LIBRARY_PATH} /usr/bin/cmake /home/magne/ros2_ws/src/trac_ik/trac_ik_examples -DCMAKE_INSTALL_PREFIX=/home/magne/ros2_ws/install/trac_ik_examples
[0.989s] Invoking command in '/home/magne/ros2_ws/build/trac_ik_examples': AMENT_PREFIX_PATH=/home/magne/ros2_ws/install/trac_ik_lib:${AMENT_PREFIX_PATH} CMAKE_PREFIX_PATH=/home/magne/ros2_ws/install/trac_ik_lib:/home/magne/ros2_ws/install/ur5_sem2_scripts:/opt/ros/humble LD_LIBRARY_PATH=/home/magne/ros2_ws/install/trac_ik_lib/lib:${LD_LIBRARY_PATH} /usr/bin/cmake --build /home/magne/ros2_ws/build/trac_ik_examples -- -j20 -l20
[1.048s] [ 50%] [32mBuilding CXX object CMakeFiles/ik_tests.dir/src/ik_tests.cpp.o[0m
[4.889s] [100%] [32m[1mLinking CXX executable ik_tests[0m
[5.029s] [100%] Built target ik_tests
[5.038s] Invoked command in '/home/magne/ros2_ws/build/trac_ik_examples' returned '0': AMENT_PREFIX_PATH=/home/magne/ros2_ws/install/trac_ik_lib:${AMENT_PREFIX_PATH} CMAKE_PREFIX_PATH=/home/magne/ros2_ws/install/trac_ik_lib:/home/magne/ros2_ws/install/ur5_sem2_scripts:/opt/ros/humble LD_LIBRARY_PATH=/home/magne/ros2_ws/install/trac_ik_lib/lib:${LD_LIBRARY_PATH} /usr/bin/cmake --build /home/magne/ros2_ws/build/trac_ik_examples -- -j20 -l20
[5.039s] Invoking command in '/home/magne/ros2_ws/build/trac_ik_examples': AMENT_PREFIX_PATH=/home/magne/ros2_ws/install/trac_ik_lib:${AMENT_PREFIX_PATH} CMAKE_PREFIX_PATH=/home/magne/ros2_ws/install/trac_ik_lib:/home/magne/ros2_ws/install/ur5_sem2_scripts:/opt/ros/humble LD_LIBRARY_PATH=/home/magne/ros2_ws/install/trac_ik_lib/lib:${LD_LIBRARY_PATH} /usr/bin/cmake --install /home/magne/ros2_ws/build/trac_ik_examples
[5.047s] -- Install configuration: ""
[5.047s] -- Installing: /home/magne/ros2_ws/install/trac_ik_examples/lib/trac_ik_examples/ik_tests
[5.047s] -- Set runtime path of "/home/magne/ros2_ws/install/trac_ik_examples/lib/trac_ik_examples/ik_tests" to ""
[5.047s] -- Installing: /home/magne/ros2_ws/install/trac_ik_examples/share/trac_ik_examples/launch
[5.047s] -- Installing: /home/magne/ros2_ws/install/trac_ik_examples/share/trac_ik_examples/launch/pr2.urdf
[5.048s] -- Installing: /home/magne/ros2_ws/install/trac_ik_examples/share/trac_ik_examples/launch/pr2_arm.launch.py
[5.048s] -- Installing: /home/magne/ros2_ws/install/trac_ik_examples/share/ament_index/resource_index/package_run_dependencies/trac_ik_examples
[5.048s] -- Installing: /home/magne/ros2_ws/install/trac_ik_examples/share/ament_index/resource_index/parent_prefix_path/trac_ik_examples
[5.049s] -- Installing: /home/magne/ros2_ws/install/trac_ik_examples/share/trac_ik_examples/environment/ament_prefix_path.sh
[5.049s] -- Installing: /home/magne/ros2_ws/install/trac_ik_examples/share/trac_ik_examples/environment/ament_prefix_path.dsv
[5.049s] -- Installing: /home/magne/ros2_ws/install/trac_ik_examples/share/trac_ik_examples/environment/path.sh
[5.049s] -- Installing: /home/magne/ros2_ws/install/trac_ik_examples/share/trac_ik_examples/environment/path.dsv
[5.049s] -- Installing: /home/magne/ros2_ws/install/trac_ik_examples/share/trac_ik_examples/local_setup.bash
[5.049s] -- Installing: /home/magne/ros2_ws/install/trac_ik_examples/share/trac_ik_examples/local_setup.sh
[5.049s] -- Installing: /home/magne/ros2_ws/install/trac_ik_examples/share/trac_ik_examples/local_setup.zsh
[5.049s] -- Installing: /home/magne/ros2_ws/install/trac_ik_examples/share/trac_ik_examples/local_setup.dsv
[5.049s] -- Installing: /home/magne/ros2_ws/install/trac_ik_examples/share/trac_ik_examples/package.dsv
[5.049s] -- Installing: /home/magne/ros2_ws/install/trac_ik_examples/share/ament_index/resource_index/packages/trac_ik_examples
[5.049s] -- Installing: /home/magne/ros2_ws/install/trac_ik_examples/share/trac_ik_examples/cmake/trac_ik_examplesConfig.cmake
[5.049s] -- Installing: /home/magne/ros2_ws/install/trac_ik_examples/share/trac_ik_examples/cmake/trac_ik_examplesConfig-version.cmake
[5.049s] -- Installing: /home/magne/ros2_ws/install/trac_ik_examples/share/trac_ik_examples/package.xml
[5.051s] Invoked command in '/home/magne/ros2_ws/build/trac_ik_examples' returned '0': AMENT_PREFIX_PATH=/home/magne/ros2_ws/install/trac_ik_lib:${AMENT_PREFIX_PATH} CMAKE_PREFIX_PATH=/home/magne/ros2_ws/install/trac_ik_lib:/home/magne/ros2_ws/install/ur5_sem2_scripts:/opt/ros/humble LD_LIBRARY_PATH=/home/magne/ros2_ws/install/trac_ik_lib/lib:${LD_LIBRARY_PATH} /usr/bin/cmake --install /home/magne/ros2_ws/build/trac_ik_examples
